map:bar_cerveza_de_fuego
maxx:100
maxy:100
p:0:100:0:concrete2
w:0:0:200:wallcamera
w:100:0:200:wallcamera
w:0:0:100:walldoor
z:1:100:0:100:-
z:1:1:0:10:Salida de este pequeño bar.
ss:0:100:0:100:cassino.ogg
z:2:40:0:100:Bar cerveza de fuego. Este pequeño, pero alegre lugar, es donde las personas que vienen a la ciudad deciden tomar un descanso.
w:41:0:50:walldoor2
w2:30:34:0:4:wallcone
p:30:34:4:deck
z:30:34:0:10:Barra de madera fina y muy bien cuidada.
z:35:40:0:20:Detrás de la barra. Es un lugar un tanto amplio, y huele a sudor. Aquel olor parece provenir de un hombre rechoncho que está al pie de la barra, atendiendo.
teto:none
ss:38:38:0:2:person.ogg
ss:3:3:0:2:person.ogg
ss:19:19:0:2:person.ogg
ss:27:27:0:2:person.ogg
dv:camera
dv:coordenadas
z:29:29:0:25:En frente de la barra.
z:95:100:95:100:este mapa fue echo por fingwe, persy, gabriel, jops, maiquel, ese chico
w2:95:100:95:100:camerawall
ss2:0:40:0:50:test.ogg:-10
z:3:3:0:10:Persona.
z:19:19:0:25:Persona.
z:3:3:0:25:Persona.
z:27:27:0:25:Persona
where:en el bar cerveza de fuego
store:29:29:0:0:bar
z:38:38:0:25:Persona.
dlg:3:0:¡Hola!:door17open.ogg
dlg:3:0:¡Bienvenid*g* al bar cerveza de fuego!:door17open.ogg
dlg:3:0:Este bar, es el lugar donde los turistas vienen a descansar luego de un largo viaje.:door17open.ogg
dlg:3:0:Pero qué digo, si tú eres un*g* seguramente.:door17open.ogg
dlg:3:0:Por lo cuál, debes saber qué hay de inportante en esta ciudad.:door17open.ogg
dlg:3:0:en ese caso, te explicaré, qué hay de destacable aquí, de entre las otras ciudades de nuestro amado continente de fuego.:door17open.ogg
dlg:3:0:En esta ciudad, se encuentran algunas de las tiendas más inportantes del continente, yo diría que del mundo entero.:door17open.ogg
dlg:3:0:No solo tiendas, también otros lugares para visitar.:door17open.ogg
dlg:12:0:Por ejemplo, el centro comercial es una gran tienda, y el banco es otro lugar importante.:door17open.ogg
dlg:3:0:En el centro comercial, puedes comprar muchas cosas. Desde ropa hasta dispositivos electrónicos.:door17open.ogg
dlg:3:0:Eso sería todo, chic*g*. Ahora puedes irte.:door17open.ogg
dlg:19:0:Amo tomar una jarra de Grogde negro cada mañana.:door17open.ogg
dlg:19:0:¡Me mantiene lleno de energía todo el día!:door17open.ogg
dlg:27:0:El hombre de la barra me cae mal.:door17open.ogg
dlg:38:0:¿Qué haces aquí?:door17open.ogg
dlg:38:0:Yo soy el hombre de la barra, no tú.:door17open.ogg
dlg:38:0:¡Salga de aquí, por favor, que interrummpe mi trabajo!:door17open.ogg
tp:1:1:0:0:25:0:stalwalquer_norte:Te alejas del bar.
dv:auto
ss2:0:100:0:100:72cancion.ogg:-12
