map:camino2
maxx:201
maxy:50
p:0:201:0:concrete18
w:0:0:50:wallnone
w:201:0:50:wallnone
dv:camera
dv:coordenadas
ss2:1:200:0:50:236cancion.ogg:-10
z:1:200:0:50:-
ss:1:200:0:50:birds16.ogg
where:en el camino eren
z:1:200:0:50:En el camino eren. No parece ser muy grande. El concreto con el que fue fabricado es muy delgado, pero también muy fino. A lo lejos, observas algo...
z:50:50:0:25:Persona.
dlg:50:0:¡Me dirijo hacia las llanuras Darcm!:door17open.ogg
ss:50:50:0:0:person.ogg
z:100:100:0:25:Persona.
dlg:100:0:¿Te dirijes hacia la aldea zoriak?:door17open.ogg
dlg:100:0:Gente rara vive allí.:door17open.ogg
ss:100:100:0:0:person.ogg
z:150:150:0:25:Persona.
dlg:150:0:Estoy aburrido.:door17open.ogg
ss:150:150:0:0:person.ogg
z:200:200:0:25:Para continuar hacia las llanuras Darcm, presiona enter.
tp:200:200:0:0:1:200:llanuras:Te adentras en un lugar con muchos agujeros que parecen ser muy profundos y peligrosos.
z:1:1:0:25:Para continuar hacia la aldea Zoriak, presiona enter.
tp:1:1:0:0:300:0:aldea:Te adentras en la aldea.
z:120:130:0:25:Para continuar hacia el camino Yoy, presiona enter.
tp:120:130:0:0:200:0:camino3:Continúas hacia el camino Yoy.
