map:ciudad_shíraba
maxx:1000
maxy:1000
p:0:1000:0:concrete4
w:0:0:15:wallgeneric
w:1000:0:15:wallgeneric
z:0:1000:0:1000:...
w:0:0:1000:camerawall
dv:camera
w:1000:0:1000:camerawall
ss:0:50:0:100:a3.ogg
z:0:1:0:50:Salida de la ciudad al desierto.
tp:1:1:0:5:999:0:desierto_marlag:Entras al caluroso desierto.
z:2:50:0:100:Camino de concreto que se dirige a la ciudad. Te acercas, luego de un largo viaje, a la ciudad Shíraba. Sientes muchas ganas de entrar, poder sentir algo de sombra, y tomar un buen trago de agua fresca en el restaurante. Ves que aquí no hay ningún centro de magia. Pero te da igual, lo que  quieres ahora, es sombra.
ss:51:500:0:100:birds.ogg
z:51:300:0:100:Ciudad Shíraba. Esta pequeña ciudad de casas hechas de bloques de arena, te parece un maravilloso lugar en el cual descansar del gran desierto. Puedes ver un bonito negocio en el centro de la misma, crees que es una tienda de vehículos y métodos de transporte. También, observas otros edificios de ventas.
w:301:0:100000000000000000:camerawall
z:260:260:0:5:Entrada a la tienda de autos.
tp:260:260:0:5:1:0:tienda_automovilística:Entras a la tienda, esperando que hayan grandes hermosuras automovilísticas aquí.
z:230:230:0:30:Entrada a una hermosa plaza de comidas. Perfecta para degustar unos deliciosos platillos, después de haber cruzado un desierto tan sofocante.
z:150:150:0:20:Entrada a una pequeña tienda de armas. Ves la imagen de una pistola pintada en la puerta.
tp:150:150:0:0:1:0:tienda_de_armas_earthdeath:Entras a la curiosa tienda, viendo el montón de dispositivos bélicos que hay aquí.
tp:230:230:0:5:1:0:plaza_de_comida:Entras a esta bonita plaza para degustar unos deliciosos alimentos.
z:995:1000:995:1000:este mapa fue echo por fingwe, persy, gabriel, jops, maiquel, ese chico
w2:995:1000:995:1000:camerawall
z:100:100:0:100:Entrada a una pequeña tienda de mascotas.
tp:100:100:0:100:1:0:tienda_de_mascotas:Entras a esta pequeña tienda, y observas a unos lindos cachorritos en sus jaulas.
z:200:200:0:100:Entrada a una zona comercial.
tp:200:200:0:100:1:0:zona_comercial:Entras a la zona de comercio.
z:120:120:0:100:Entrada a una pequeña tienda de jaulas.
tp:120:120:0:100:1:0:zona_de_compra_para_jaulas:Entras a esta pequeña tienda.
z:300:300:0:10:Te encuentras en una intersección de calles. Para continuar hacia otra calle, presiona enter.
tp:300:300:0:10:299:0:calle_aram:Cruzas la intersección, y llegas a otra calle.
ss2:0:1000:0:1000:61cancion.ogg:-17
z:30:30:0:25:Persona.
dlg:30:0:¡Bienvenid*g* a la ciudad Shíraba!:door17open.ogg
dlg:30:0:¡Una ciudad comercial!:door17open.ogg
ss:30:30:0:0:person.ogg
z:90:90:0:25:Persona.
dlg:90:0:¡Voy a adoptar mi primer cachorrito! Estoy muy feliz.:door17open.ogg
ss:90:90:0:0:person.ogg
z:135:135:0:25:Persona.
dlg:135:0:Hoy compré una nueva jaula para mi cachorrito.:door17open.ogg
dlg:135:0:¡La que tenía antes, un infeliz me la destruyó anoche!:door17open.ogg
ss:135:135:0:0:person.ogg
z:175:175:0:25:Persona.
dlg:175:0:¡Tengo todas las armas de aquella tienda!:door17open.ogg
dlg:175:0:¡Soy el hombre más peligroso del universo!:door17open.ogg
ss:175:175:0:0:person.ogg
z:225:225:0:25:Persona.
dlg:225:0:Me dirijo hacia el continente de fuego, específicamente hacia las construcciones espaciales elementales.:door17open.ogg
dlg:225:0:¡Voy a algún planeta!:door17open.ogg
dlg:225:0:Aunque no sé a cuál...:door17open.ogg
ss:225:225:0:0:person.ogg
z:280:280:0:25:Persona.
dlg:280:0:Compré un camión.:door17open.ogg
dlg:280:0:Aunque me pareció muy costoso, ya lo tengo.:door17open.ogg
ss:280:280:0:0:person.ogg
where:en la ciudad Shíraba
dv:coordenadas
