map:escondite_de_la_maga

maxx:501

maxy:501

p:0:501:0:alcantarillado1

w:0:0:501:wallnone

w:501:0:501:wallnone

z:1:500:0:500:-

dv:camera

dv:coordenadas

dv:portal

dv:runa_dorada

p:1:400:0:terra

where:en el escondite de la maga

ss2:1:500:0:500:196cancion.ogg:-8

teto:none

ss:1:400:0:50:a8.ogg

z:1:400:0:50:en un largo camino de tierra. este camino árido se extiende hasta la distancia. un viento caliento te golpea el rostro suavemente. no hace calor ni frío en este lugar, algo que te resulta curioso.

z:300:400:0:25:inmensa barrera de llamas.

ss:300:400:0:25:a1238.ogg

p:401:500:0:shortgrass

z:400:500:0:50:hermoso prado de hierba corta. el viento aquí es cálido y fresco, y el lugar es muy ameno. puedes ver una fuente de aguas claras, así como algunas plantas y flores por el lugar. sorprendido, miras a la mujer del sillón sentada en la hierba, sonriendo feliz.

ss:401:500:0:50:birds14.ogg

ss:401:500:0:50:wind7.ogg

w:440:0:2:wallstone1

p:440:440:3:asfalto

z:440:450:0:50:borde de la fuente.

sc:441:449:0:2:spring

z:441:449:0:50:en la fuente. su agua es fresca y clara.

w:450:0:3:wallstone1

p:450:450:3:asfalto

ss:441:449:0:2:waterflow3.ogg

z:470:470:0:25:persona.

pm2:470:470:0:0:470:0:escondite_de_la_maga:quest:semiesfera:1:cuando me recupere, iré y me enfrentaré con la maga oscura para derrotarla finalmente y demostrarle que el bien prevalece siempre.:Stryx:55:a... aquí estás. ya ves, gracias a ti pude salvarme y gracias a ti derrotaré a esa maga oscura. ¿Ah,  que No sabes dónde estás? Esto es un lugar en una caverna, con hechizos que hacen ver esto. solo son hechizos, nada más. pero sirven. he, mira. gracias a ti me salvé y salvaré el bosque de la tierra, toma estos Stryx, espero que te sirvan.

z:500:500:0:0:hay una extraña esfera aquí... es transparente, y dentro de ella se puede ver un pequeño árbol.

tp:500:500:0:0:50:0:cabaña_de_la_maga:tocas la esfera y vuelves aparecer en la cabaña.

ss:470:470:0:0:person.ogg

death:300:399:0:20:500:1:20000:¡*nick* ;murió gritando por la barrera protectora de una hechicera en algún lugar!;:nada:0:0

