map:escuchando_al_espíritu
maxx:62
maxy:55
p:0:162:0:alcantarillado
teto:none
z:0:62:0:55:...
dv:camera
dv:coordenadas
w2:0:162:0:55:wall1
z:1:1:0:0:¿Hola?
z:2:2:0:0:El espíritu se gira hacia ti, pero no hace nada más.
z:3:3:0:0:¿Hola?
z:4:4:0:0:No hay respuesta.
z:5:5:0:0:¿Me escuchas?
z:6:6:0:0:El espíritu comienza a hablar, con una voz grave, pero susurrante.
z:7:7:0:0:¿Sabes lo que se siente ver a alguien querido por tí morir?
z:8:8:0:0:Pero no morir sanguinariamente, sino morir, ¿congelado?
z:9:9:0:0:Verlo congelado, sin poder moverse.
z:10:10:0:0:Tocarlo, sentirlo frío, sólido, sin vida...
z:11:11:0:0:Verlo con los ojos habiertos, verlo completo, pero muerto...
z:12:12:0:0:¿Sabes cómo se siente esa desesperación, al intentar ayudarlo, pero no poder hacer nada? ¿Sabes que se quedará como una estatua, y así por el resto de los siglos?
z:13:13:0:0:Mira hacia la estatua de un hombre, protejiendo a lo que ahora es solo un esqueleto.
z:14:14:0:0:La estatua, fue una vez...Mi mejor amigo.
z:15:15:0:0:Y el esqueleto, fui yo.
z:16:16:0:0:Él me protegió de la maldita Hiceris.
z:17:17:0:0:Mira furioso hacia arriba.
z:18:18:0:0:Ella fue una aprendíz de este lugar.
z:20:20:0:0:Te toca el pecho, y de rrepente, notas cómo el entorno a tu alrededor comienza a cambiar...
dr:1:0:2:0:200:none:none:door17open.ogg:door15close.ogg
dr:2:0:3:0:200:none:none:door17open.ogg:door15close.ogg
dr:3:0:4:0:200:none:none:door17open.ogg:door15close.ogg
dr:4:0:5:0:200:none:none:door17open.ogg:door15close.ogg
dr:5:0:6:0:200:none:none:door17open.ogg:door15close.ogg
dr:6:0:7:0:200:none:none:door17open.ogg:door15close.ogg
dr:7:0:8:0:200:none:none:door17open.ogg:door15close.ogg
dr:8:0:9:0:200:none:none:door17open.ogg:door15close.ogg
dr:9:0:10:0:200:none:none:door17open.ogg:door15close.ogg
dr:10:0:11:0:200:none:none:door17open.ogg:door15close.ogg
dr:11:0:12:0:200:none:none:door17open.ogg:door15close.ogg
dr:12:0:13:0:200:none:none:door17open.ogg:door15close.ogg
dr:13:0:14:0:200:none:none:door17open.ogg:door15close.ogg
dr:14:0:15:0:200:none:none:door17open.ogg:door15close.ogg
dr:15:0:16:0:200:none:none:door17open.ogg:door15close.ogg
dr:16:0:17:0:200:none:none:door17open.ogg:door15close.ogg
dr:17:0:18:0:200:none:none:door17open.ogg:door15close.ogg
dr:18:0:19:0:200:none:none:door17open.ogg:door15close.ogg
dr:19:0:20:0:200:none:none:door17open.ogg:door15close.ogg
z:19:19:0:0:Ella...Ella hizo todo esto, y dejó a mis compañeros como los ves ahora, muertos, hechos de hielo, congelados en una melancólica escena de agonía eterna. Notas cómo una lágrima cae del ojo del espíritu. Esta apenas llega al suelo, se convierte en hielo.
dr:20:0:1:50:0:none:none:aentra.ogg:1entrar.ogg
ss:1:100:50:100:a8.ogg
z:1:1:50:50:Te encuentras en la misma estructura, pero no escuchas más que viento.
z:2:2:50:50:Este es el templo que ahora ves, cubierto de toneladas de frío glacial.
z:3:3:50:50:Este era un templo conocido como Earnarne.
z:4:4:50:50:Yo era un maestro del aire que trabajaba aquí, enseñando a jóvenes con potencial.
z:5:5:50:50:El espíritu mueve sus manos, y la imagen de dos jóvenes se materializa frente a ti.
z:6:6:50:50:Habían dos jóvenes de los cuales yo fui maestro. Qail, e Hiceris.
z:7:7:50:50:Qail era un estudiante normal, pero Hiceris, ella tenía control por lo que pude ver también, del aire y el agua.
z:8:8:50:50:Hiceris comenzó a usar las enseñanzas que yo le daba, para poder controlar el aire, y aprendió a convertir el agua en hielo.
z:9:9:50:50:¿Cómo? Simple. Creaba una bola de agua, y la mantenía en el aire flotando en un remolino veloz de viento frío, muy frío.
z:10:10:50:50:Y comenzó a controlar ese hielo con sus manos. Podía controlar el agua, el aire, y el hielo.
z:11:11:50:50:Todos nos quedamos impresionados, y por mi parte, decidí ayudarla a entrenar esa habilidad.
z:12:12:50:50:Qail la ayudó también, y entre ambos comenzaron a tener una relación amorosa, cuando cumplieron 15 años.
z:13:13:50:50:La escena cambia, y ahora observas la imagen de un cachorro con algunos trozos de hielo en el cuerpo, corriendo junto a Hiceris.
z:14:14:50:50:Esta criatura fue creada con ayuda de la cría de un cachorro y algo de magia de Hiceris. Ella lo hizo su amigo, su mascota, y su protector.
z:15:15:50:50:Todo comenzó a decaer cuando Hiceris practicaba su magia de hielo junto a Qail.
z:16:16:50:50:Hiceris y Qail tropezaron, y quedaron abrazados sobre la hierba.
z:17:17:50:50:Ambos se levantaron, y al llegar la noche, fueron a la habitación de Qail.
z:18:18:50:50:Se volvieron a habrazar, y se besaron apasionadamente.
z:19:19:50:50:Se quitaron la ropa, y se acostaron juntos en la cama de Qail, completamente excitados.
z:20:20:50:50:Ella lo abrazó, pero sin darse cuenta, comenzó a congelarlo.
z:21:21:50:50:Se dió cuenta de esto demasiado tarde. Qail ya estaba casi por completo congelado.
z:22:22:50:50:Hiceris observó desesperada cómo el cuerpo de su amado comenzó a congelarse.
z:23:23:50:50:Intentó descongelarlo, pero no lo consiguió.
z:24:24:50:50:Qail, con su último suspiro le dijo. Aunque yo sea una estatua, mi corazón siempre estará contigo. El hielo no podrá congelar el amor que siento por ti. Te amo, Hi...
z:25:25:50:50:El hielo empezó a cubrirlo todavía más. Te amo, Hicer, Hiceris...
z:26:26:50:50:El hielo terminó por congelar a Qail.
z:27:27:50:50:Hiceris se derrumbó sobre el cuerpo congelado de su amado, llorando desconsoladamente
z:28:28:50:50:La habitación comenzó a cubrirse de hielo.
z:29:29:50:50:Hiceris había perdido a la única persona que le importaba en este mundo.
z:30:30:50:50:El escenario cambia; ahora, ves el cuadro de una sala, en la cual se encuentran varios maestros y maestras aire sentados. Entre ellos, divisas al espíritu en su forma humana.
z:31:31:50:50:Hiceris nos contó todo lo que pasó, y cuando ella se retiró, todos los maestros quedaron de acuerdo en que había que destruírla, que a pesar de que esto había sido un accidente, era demasiado poder para este mundo.
z:32:32:50:50:Yo no estuve de acuerdo, ya que quería a Hiceris como a una hija, pero no tube más opción que resignarme.
z:33:33:50:50:Cuando Hiceris se encontraba en el patio delantero, nos hacercamos, la rodeamos, y nos dispusimos a atacarla.
z:34:34:50:50:Decidimos acabar con esto de una vez. Hiceris no se defendió, seguía muy dolida por la muerte de Qail.
z:35:35:50:50:Hasta que me vió entre los presentes. Me miró con unos ojos llenos de dolor y odio. Sabía que yo la había traicionado.
z:36:36:50:50:Un maestro se hacercó a Hiceris.
z:37:37:50:50:No querrás matarlo como hiciste con Qail. ¿Verdad?
z:38:38:50:50:Todos se riéron, menos yo, que me sentí mal por lo que estaba a punto de hacer, pero ella no nos dió tiempo a reaccionar.
z:39:39:50:50:Esa fue la gota que derramó el vaso.
z:40:40:50:50:Ella, furiosa, comenzó a atacarnos.
z:41:41:50:50:Nosotros nos defendimos como pudimos, pero ella era demasiado fuerte.
z:42:42:50:50:Todos los maéstros salieron al patio para enfrentarse a Hiceris, pero uno a uno terminaban congelados.
z:43:43:50:50:Todos quedaron congelados, menos yo.
z:43:43:50:50:Ella se hacercó a mí, y me dirigió una mirada de odio intenso y profundo.
z:44:44:50:50:Cuando estaba a punto de congelarme, mi mejor amigo, el maestro Eoler, se interpuso y terminó congelado él.
z:45:45:50:50:Escuché cómo el hielo lo cubría lentamente, mientras me cubría con sus brazos, resistiendo la magia de Hiceris. Escuché su gríto lento y doloroso de agonía, lo vi convertirse en hielo, todo por protegerme a mí.
z:46:46:50:50:Yo no debí haber sobrevivido, yo debí haber muerto con él, ¡yo debí haber muerto con él!
z:47:47:50:50:Yo debería haber muerto, yo, no él. Él no debía morir, ¡esto no tenía que haber sido así!
z:49:49:50:50:Hiceris se llevó a todos los aprendices que la apoyaban con ella, y al resto...Al resto...
z:50:50:50:50:Al resto, los congeló como a los maestros. Los que se resistieron lucharon contra ella, pero terminaron igual, congelados.
z:51:51:50:50:Junto a su cachorro, que ahora era un lobo enorme, cubrió todo el templo de hielo, pero antes de hirse, selló la habitación de Qail.
z:52:52:50:50:Yo me quedé aquí, y morí de hambre a las pocas semanas.
z:53:53:50:50:Cuando sentía que me desvanecía, me hacerqué al cuerpo congelado de mi amigo, lo abracé, y me dejé llevar. Dentro de unas horas no sentí nada. Solo vi cómo mi vista se volvía borrosa y...
z:54:54:50:50:Me dormí.
z:55:55:50:50:Al volver, me di cuenta de que podía ver a los espíritus de mis compañeros. Todo fue felicidad en ese momento, pero al buscar entre ellos al espíritu de mi amigo...
z:56:56:50:50:No lo encontré. Su espíritu no había salido de su cuerpo, y por más que intenté sacarlo de ahí...No pude hacerlo.
z:57:57:50:50:El hielo que lo cubre es muy fuerte, y cada 100 años, solo logra romper unos 10 centímetros del mismo.
z:58:58:50:50:Siempre lo miro, esperando a que un trozo nuebo de hielo caiga, para poder verlo a mi lado otra vez.
z:59:59:50:50:El resto siempre ataca a todo ser vivo que ven, porque todo lo vivo ahora solo tiene forma de Hiceris para nosotros, la queremos ver igual que nosotros, muerta, congelada.
z:60:60:50:50:Yo la odio por haber congelado a mi mejor amigo, pero no puedo pensar en matarla, solo pienso en volver a ver a mi amigo conmigo otra vez...
z:61:61:50:50:Espero ansiadamente que el día en el cual él vuelva a moverse llegue, y así poder salir junto a él y al resto de maestros y aprendices a un destino desconocido, a donde podamos descansar en paz por fin.
dr:1:50:2:50:200:none:none:door17open.ogg:door15close.ogg
dr:2:50:3:50:200:none:none:door17open.ogg:door15close.ogg
dr:3:50:4:50:200:none:none:door17open.ogg:door15close.ogg
dr:4:50:5:50:200:none:none:door17open.ogg:door15close.ogg
dr:5:50:6:50:200:none:none:door17open.ogg:door15close.ogg
dr:6:50:7:50:200:none:none:door17open.ogg:door15close.ogg
dr:7:50:8:50:200:none:none:door17open.ogg:door15close.ogg
dr:8:50:9:50:200:none:none:door17open.ogg:door15close.ogg
dr:9:50:10:50:200:none:none:door17open.ogg:door15close.ogg
dr:10:50:11:50:200:none:none:door17open.ogg:door15close.ogg
dr:11:50:12:50:200:none:none:door17open.ogg:door15close.ogg
dr:12:50:13:50:200:none:none:door17open.ogg:door15close.ogg
dr:13:50:14:50:200:none:none:door17open.ogg:door15close.ogg
dr:14:50:15:50:200:none:none:door17open.ogg:door15close.ogg
dr:15:50:16:50:200:none:none:door17open.ogg:door15close.ogg
dr:16:50:17:50:200:none:none:door17open.ogg:door15close.ogg
dr:17:50:18:50:200:none:none:door17open.ogg:door15close.ogg
dr:18:50:19:50:200:none:none:door17open.ogg:door15close.ogg
dr:20:50:21:50:200:none:none:door17open.ogg:door15close.ogg
dr:21:50:22:50:200:none:none:door17open.ogg:door15close.ogg
dr:19:50:20:50:200:none:none:door17open.ogg:door15close.ogg
dr:22:50:23:50:200:none:none:door17open.ogg:door15close.ogg
dr:23:50:24:50:200:none:none:door17open.ogg:door15close.ogg
dr:24:50:25:50:200:none:none:door17open.ogg:door15close.ogg
dr:25:50:26:50:200:none:none:door17open.ogg:door15close.ogg
dr:26:50:27:50:200:none:none:door17open.ogg:door15close.ogg
dr:28:50:29:50:200:none:none:door17open.ogg:door15close.ogg
dr:29:50:30:50:200:none:none:door17open.ogg:door15close.ogg
dr:30:50:31:50:200:none:none:door17open.ogg:door15close.ogg
dr:31:50:32:50:200:none:none:door17open.ogg:door15close.ogg
dr:32:50:33:50:200:none:none:door17open.ogg:door15close.ogg
dr:33:50:34:50:200:none:none:door17open.ogg:door15close.ogg
dr:34:50:35:50:200:none:none:door17open.ogg:door15close.ogg
dr:35:50:36:50:200:none:none:door17open.ogg:door15close.ogg
dr:36:50:37:50:200:none:none:door17open.ogg:door15close.ogg
dr:37:50:38:50:200:none:none:door17open.ogg:door15close.ogg
dr:38:50:39:50:200:none:none:door17open.ogg:door15close.ogg
dr:39:50:40:50:200:none:none:door17open.ogg:door15close.ogg
dr:40:50:41:50:200:none:none:door17open.ogg:door15close.ogg
dr:41:50:42:50:200:none:none:door17open.ogg:door15close.ogg
dr:42:50:43:50:200:none:none:door17open.ogg:door15close.ogg
dr:43:50:44:50:200:none:none:door17open.ogg:door15close.ogg
dr:44:50:45:50:200:none:none:door17open.ogg:door15close.ogg
dr:45:50:46:50:200:none:none:door17open.ogg:door15close.ogg
dr:46:50:47:50:200:none:none:door17open.ogg:door15close.ogg
dr:47:50:48:50:200:none:none:door17open.ogg:door15close.ogg
dr:48:50:49:50:200:none:none:door17open.ogg:door15close.ogg
dr:49:50:50:50:200:none:none:door17open.ogg:door15close.ogg
dr:50:50:51:50:200:none:none:door17open.ogg:door15close.ogg
dr:51:50:52:50:200:none:none:door17open.ogg:door15close.ogg
dr:52:50:53:50:200:none:none:door17open.ogg:door15close.ogg
dr:53:50:54:50:200:none:none:door17open.ogg:door15close.ogg
dr:54:50:55:50:200:none:none:door17open.ogg:door15close.ogg
dr:55:50:56:50:200:none:none:door17open.ogg:door15close.ogg
dr:56:50:57:50:200:none:none:door17open.ogg:door15close.ogg
dr:57:50:58:50:200:none:none:door17open.ogg:door15close.ogg
dr:58:50:59:50:200:none:none:door17open.ogg:door15close.ogg
dr:59:50:60:50:200:none:none:door17open.ogg:door15close.ogg
dr:60:50:61:50:200:none:none:door17open.ogg:door15close.ogg
dr:27:50:28:50:200:none:none:door17open.ogg:door15close.ogg
z:48:48:50:50:El espíritu provoca una oleada de viento muy fuerte.
tp:61:61:50:50:5:0:templo_abandonado:El espíritu vuelve a mirar a la estatua de hielo.
dv:runa_dorada
dv:inventario
dv:pitidos
disable_game:1:1000:0:1000
where:en la historia
dv:portal
dv:runa_dorada
ss2:1:100:0:100:385cancion.ogg:-3
