map:ht3
maxx:51
maxy:50
p:0:51:0:areia
w:0:0:50:wallnone
w:51:0:50:wallnone
where:en la historia
dv:camera
dv:coordenadas
dv:auto
dv:baculo
dv:inventario
teto:none
dv:portal
dv:runa_dorada
dr:1:0:2:0:200:none:none:door17open.ogg:door15close.ogg
dr:2:0:3:0:200:none:none:door17open.ogg:door15close.ogg
dr:3:0:4:0:200:none:none:door17open.ogg:door15close.ogg
dr:4:0:5:0:200:none:none:door17open.ogg:door15close.ogg
dr:5:0:6:0:200:none:none:door17open.ogg:door15close.ogg
dr:6:0:7:0:200:none:none:door17open.ogg:door15close.ogg
dr:7:0:8:0:200:none:none:door17open.ogg:door15close.ogg
dr:8:0:9:0:200:none:none:door17open.ogg:door15close.ogg
dr:9:0:10:0:200:none:none:door17open.ogg:door15close.ogg
dr:10:0:11:0:200:none:none:door17open.ogg:door15close.ogg
dr:11:0:12:0:200:none:none:door17open.ogg:door15close.ogg
dr:12:0:13:0:200:none:none:door17open.ogg:door15close.ogg
dr:13:0:14:0:200:none:none:door17open.ogg:door15close.ogg
dr:14:0:15:0:200:none:none:door17open.ogg:door15close.ogg
dr:15:0:16:0:200:none:none:door17open.ogg:door15close.ogg
dr:16:0:17:0:200:none:none:door17open.ogg:door15close.ogg
dr:17:0:18:0:200:none:none:door17open.ogg:door15close.ogg
dr:18:0:19:0:200:none:none:door17open.ogg:door15close.ogg
dr:19:0:20:0:200:none:none:door17open.ogg:door15close.ogg
dr:20:0:21:0:200:none:none:door17open.ogg:door15close.ogg
dr:21:0:22:0:200:none:none:door17open.ogg:door15close.ogg
dr:22:0:23:0:200:none:none:door17open.ogg:door15close.ogg
dr:23:0:24:0:200:none:none:door17open.ogg:door15close.ogg
z:1:50:0:50:-
w2:0:50:0:50:camerawall
where:en la historia
ss2:1:50:0:50:207cancion.ogg:-6
z:1:1:0:0:Estoico aparece frente a una mujer ensangrentada.
z:2:2:0:0:¿Ya lo has hecho?
z:3:3:0:0:La mujer lo mira, sorprendida.
z:4:4:0:0:¿Quién eres tú?
z:5:5:0:0:Eso no importa, te pregunté si ya asesinaste a la maga del agua.
z:6:6:0:0:No tengo por qué responder, ahora por insolente maguíto estúpido, mue...
z:7:7:0:0:El hombre la mira, serio, y sus ojos brillan levemente, mientras una hola de poder violeta golpea a la mujer en el pecho, haciéndola caer de rodillas.
z:8:8:0:0:¡Humana insolente!
z:9:9:0:0:La mujer lo mira llorosa, mientras jadea.
z:10:10:0:0:Perdón, mi amo. ¿Qué he hecho mal? ¡Dígamelo, mi señor!
z:11:11:0:0:Cuéntame todo sobre ti, pequeñita. Cuéntame.
z:12:12:0:0:La mujer empieza a soltar todo sobre su vida, mientras que el hombre la escucha atento.
z:13:13:0:0:Después de unos minutos donde le contó su vida resumida (por orden de él), que tenía una maestra que había descubierto cómo extraer esencias y hacerse más poderosa, y que la acababa de asesinar, el hombre dijo.
z:14:14:0:0:Busca al mago más poderoso, y llénalo de esencias. Creo que hay uno en el continente de fuego que podría servir...
z:15:15:0:0:Y luego  de darle una serie de indicaciones, el dios desaparece, dejando a la mujer aturdida en el suelo de un salón.
z:16:16:0:0:Tiempo después...
z:17:17:0:0:Como un desgarrón, y Flayerne desapareció.
z:18:18:0:0:El poder dentro de Estoico restalló, jubiloso, mientras recibía más y más poder de su hermana que había caído en el letargo.
z:19:19:0:0:Solo queda una. La más fácil. Susurró Estoico, con una amplia sonrrisa.
z:20:20:0:0:Es tu hora, Caelyem.
z:21:21:0:0:Caerás, y yo reinaré.
z:22:22:0:0:Estoico, dios del universo.
z:23:23:0:0:Hasta suena bien.
z:24:24:0:0:Vamos allá.
ptm:24:24:0:0:20:0:ht1:-:door17open
disable_game:0:51:0:50
