map:montaña_dorean
maxx:351
maxy:4000
p:0:351:0:calcada
w:0:0:4000:wallnone
w:351:0:4000:wallnone
z:1:350:0:10000:-
p:1:20:0:dirt4
dv:coordenadas
ss2:1:350:0:10000:155cancion.ogg:-3
ss:1:350:0:4000:ambiente1.ogg
w:21:0:49:walldirt
z:1:20:0:100:Base de la montaña. A tu derecha, se alza esta majestuosa montaña. Por lo poco que puedes ver, parece ser muy plana, con casi ningún peligro. Una brisa un tanto fuerte está por el lugar, haciéndote suspirar alegre.
sc:20:20:0:50:dirt2
z:20:20:0:100:La subida de la montaña comienza aquí.
where:en la montaña Dorean
p:21:50:50:grass
z:21:350:0:4000:En la montaña Dorean. Una brisa constante atraviesa el lugar. La montaña ante ti es muy alta, pero parece bastante plana. No alcanzas a atisbar la cima, pero crees que no te costará mucho alcanzarla.
sc:51:51:50:100:dirt3
w:52:50:99:walldirt
p:52:70:100:grass
sc:71:71:100:150:dirt2
w:72:100:149:walldirt
p:72:90:150:grass
sc:91:91:150:200:dirt2
w:92:150:199:wallgrass
p:92:100:200:grass
sc:101:101:200:250:dirt3
w:102:200:249:wallgrass
p:102:130:250:grass
sc:131:131:250:300:dirt3
w:132:250:299:wallgrass
teto:none
p:132:160:300:grass
dv:baculo
p:171:200:300:grass5
sc:201:201:300:350:dirt3
w:202:300:349:wallgrass
p:202:205:350:grass5
p:213:220:352:grass5
p:232:240:349:grass
p:250:252:349:grass4
p:260:261:350:grass4
sc:262:262:353:400:dirt3
w:263:353:399:walldirt
p:263:280:400:grass
sc:281:281:400:500:dirt2
w:282:400:499:walldirt
sc:282:282:500:505:grass6
p:300:315:500:caverna2
p:290:290:507:caverna
p:320:320:500:caverna2
sc:331:331:500:550:caverna2
w:332:500:549:wallstone
p:332:350:550:clay
z:332:350:550:600:Parte arcillosa de la montaña. Esta parece ser la cima, puesto que no logras ver por dónde continuar subiendo. Hay una entrada a lo que supones, es una gran cueva a la derecha; allí, donde la luz finaliza, y la oscuridad se hace dueña de todo...
w:351:0:600:wallstone
z:350:350:550:600:Entrada a la oscura cueva.
dv:avion
dv:helicoptero
ptm:350:350:550:550:100:100:cueva_dorean:Te alejas de la arcilla, y te acercas a la cueva.:door_open_(2)
z:1:1:0:20:pulsa enter para regresar al camino.
tp:1:1:0:20:1515:0:camino_umrraak:Sales de la montaña, para regresar al camino.
death:22:500:0:49:3000:0:0:¡*nick* muere tras caer en picada libre desde una altura inimaginable!:nada:0:0
