map:pequeña_cueva
maxx:31
maxy:1999
p:0:31:0:areia
w:0:0:15:wallgeneric
w:31:0:15:wallgeneric
w:0:0:500:wallstone
z:1:30:0:1999:-
w:31:0:500:wallstone
dv:camera
dv:coordenadas
z:1:1:0:1999:Aquí se encuentra la salida de esta pequeña cueva.
p:1:30:0:montanha
tp:1:1:0:1999:100:0:cavernas_de_naath:Sales de la pequeña cueva.
dv:auto
teto:none
z:2:30:0:1999:En una pequeña cueva. Al entrar en este lugar, te percatas de la criatura que está echada en el suelo. Parece ser de un color verde oscuro, con ojos azul intenso. Su cuerpo no es tan grande, pero algunas escamas se observan en su espalda. La piel, lisa y suave, suele lanzar destellos de luz amarilla. Tiene un ocico totalmente plano, y no tiene nariz. Su cola, de un gris intenso, se mueve suavemente.
z:24:24:0:9:Aquí está la criatura, echada en el suelo.
w2:22:24:9:30:camerawall
dv:portal
dv:armas
ss2:1:30:0:50:14cancion.ogg:-10
dr:24:0:24:10:200:none:none:door17open.ogg:door15close.ogg
z:24:24:10:10:Pensaba que este momento nunca llegaría. Dice el animal, con una voz delgada.
dr:24:10:24:11:200:none:none:door17open.ogg:door15close.ogg
z:24:24:11:11:Pero finalmente ha sucedido, finalmente me encontraron los de la superficie.
dr:24:11:24:12:200:none:none:door17open.ogg:door15close.ogg
z:24:24:12:12:Esperé este momento por tanto tiempo...
z:24:24:13:13:Me presento, soy Rathial, el último de mi raza.
dr:24:12:24:13:200:none:none:door17open.ogg:door15close.ogg
z:24:24:14:14:Si me lo permites, puedo contarte la historia de nuestro pueblo, o al menos, lo que antaño era.
dr:24:13:24:14:200:none:none:door17open.ogg:door15close.ogg
tp:24:24:14:14:23:16:pequeña_cueva:¿Qué deseas responder?
p:23:24:16:option
w:25:9:30:camerawall
z:23:23:16:16:Por supuesto.
z:24:24:16:16:No tengo el menor interés en escuchar la historia de algo que no me interesa.
dr:24:16:24:17:200:none:none:door17open.ogg:door15close.ogg
z:24:24:17:17:Notas que la criatura se mueve, y un destello de rabia pasa por sus ojos, aunque no puedes asegurarlo del todo.
dr:24:17:24:18:200:none:none:door17open.ogg:door15close.ogg
z:24:24:18:18:Entiendo que no quieras escuchar la historia de mi pueblo.
z:24:24:19:19:Pero necesito tu ayuda.
dr:24:18:24:19:200:none:none:door17open.ogg:door15close.ogg
z:24:24:20:20:¿Me ayudarías, por favor?
dr:24:19:24:20:200:none:none:door17open.ogg:door15close.ogg
tp:24:24:20:20:23:22:pequeña_cueva:¿Qué deseas responder?
p:23:24:22:option
z:23:23:22:22:Por supuesto, te escucho.
z:24:24:22:22:No quiero perder el tiempo escuchándote más.
dr:24:22:24:23:200:none:none:door17open.ogg:door15close.ogg
z:24:24:23:23:El animal abre su boca, mientras su piel cambia a un amarillo intenso, y los ojos, antes color azul claro, pasan a ser un azul más oscuro.
dr:24:23:24:24:200:none:none:door17open.ogg:door15close.ogg
z:24:24:24:24:¡Entonces, si no quieres ayudarme, muere...Insecto de la superficie!
tp:24:24:24:24:15:0:pequeña__cueva:Rathial suelta un gran rugido, y avanza hacia ti...
z:29:30:0:25:Un gran recipiente de luz negra se encuentra aquí.
dr:23:22:23:23:200:none:none:door17open.ogg:door15close.ogg
z:23:23:23:23:Necesito que me ayudes a recuperar mi energía.
dr:23:23:23:24:200:none:none:door17open.ogg:door15close.ogg
z:23:23:24:24:Te preguntarás, ¿cómo puedes hacerlo?
z:23:23:25:25:Recolecta 2500 tenzoo, y cuando los tengas, deposítalos sobre aquel recipiente del fondo.
dr:23:24:23:25:200:none:none:door17open.ogg:door15close.ogg
dr:23:25:23:26:200:none:none:door17open.ogg:door15close.ogg
z:23:23:26:26:Yo...No recuerdo muy bien dónde puedes hallarlos, solo sé que el hechicero Vashtak es la clave.
z:23:23:27:27:Ayúdame, por favor...
dr:23:26:23:27:200:none:none:door17open.ogg:door15close.ogg
tp:23:23:27:27:24:0:pequeña_cueva:-
tp:23:23:16:16:1:0:h_tenzoos:-
dv:baculo
z:23:23:25:25:Recolecta 2500 tenzoos, y cuando los tengas, deposítalos sobre aquel recipiente del fondo.
z:23:23:26:26:Yo...No recuerdo dónde puedes hallarlos, solo sé que el hechicero Vashtak es la solución.
z:23:23:17:17:Quiero venganza.
z:23:23:18:18:Y la voy a obtener, cueste lo que cueste. Dice rathial, con la voz ronca.
z:23:23:19:19:Entonces, necesito tu ayuda.
z:23:23:20:20:¿Me ayudarías, por favor?
dr:23:17:23:18:200:none:none:door17open.ogg:door15close.ogg
dr:23:18:23:19:200:none:none:door17open.ogg:door15close.ogg
dr:23:19:23:20:200:none:none:door17open.ogg:door15close.ogg
tp:23:23:20:20:23:22:pequeña_cueva:¿Qué deseas responder?
z:23:23:22:22:Por supuesto, quiero ayudarte.
z:23:23:26:26:Yo...No sé dónde pueden estar, solo creo que el hechicero del pantano podría ser la solución para encontrar los tenzoos.
w2:28:30:9:21:camerawall
z:29:29:10:10:El recipiente se ilumina suavemente, y la criatura suspira.
dr:29:10:29:11:200:none:none:door17open.ogg:door15close.ogg
z:29:29:11:11:Hacía mucho tiempo que no sentía el tenzoo...
z:29:29:13:13:¡Gracias por ayudarme, habitante de la superficie!
dr:29:11:29:12:200:none:none:door17open.ogg:door15close.ogg
z:29:29:12:12:Aún así, todabía falta que más personas me encuentren para que traigan mucho más tenzoo, y de esa forma, seré libre.
dr:29:12:29:13:200:none:none:door17open.ogg:door15close.ogg
pm2:29:30:0:0:29:10:pequeña_cueva:door17open:tenzoo:2500:El recipiente se ilumina suavemente, y luego deja de brillar.:tenzoo:-2500:Dejas los tenzoos en el recipiente.
dr:29:13:29:14:200:none:none:door17open.ogg:door15close.ogg
z:29:29:14:14:Te daré como recompensa algo muy valioso.
z:29:29:15:15:La criatura escupe una esfera de su boca.
z:29:29:16:16:Esta esfera te ayudará a salir de la ciudad de Zorus, donde viven los de roca y agua.
z:29:29:17:17:Si no tienes esta esfera, no podrás abandonar la ciudad.
dr:29:14:29:15:200:none:none:door17open.ogg:door15close.ogg
dr:29:15:29:16:200:none:none:door17open.ogg:door15close.ogg
dr:29:16:29:17:200:none:none:door17open.ogg:door15close.ogg
pm:29:29:17:17:29:18:pequeña_cueva:Recibes la esfera.:door17open:esfera_púrpura:1
z:29:29:18:18:Además, toma este otro presente mío, algunas de mis escamas. Véndelas, seguro que alguien las querrá.
pm:29:29:18:18:29:19:pequeña_cueva:Tomas las escamas.:door17open:escama_barthyarm:20
z:29:29:19:19:Nuevamente, gracias.
tp:29:29:19:19:29:0:pequeña_cueva:-
z:29:29:16:16:Esta esfera te ayudará a acceder a un lugar de la ciudad de Zorus, donde habitan los del roca y agua. o al menos, eso creo.
z:29:29:17:17:Si no tienes esta esfera, no podrás acceder a esa parte de la ciudad, si no mal recuerdo...Mi mente está muy confusa, lo siento.
dv:bomba
where:en una pequeña cueva
disable_game:20:30:10:50
