map:santuario_del_agua
maxx:81
maxy:81
p:0:81:0:water3
w:0:0:81:wallnone
w:81:0:81:wallnone
z:1:80:0:80:-
where:en el santuario del elemento del agua
p:21:40:0:water
p:41:60:0:water5
p:61:80:0:water6
ss2:1:80:0:80:eerie3.ogg:-9
ss:1:80:0:80:wind7.ogg:
ss2:1:80:0:80:228cancion.ogg:-10
dv:camera
dv:coordenadas
dv:portal
dv:runa_dorada
dv:auto
teto:none
z:1:80:0:80:En el santuario del elemento del agua. Una gran criatura flota en el medio de este lugar amplio, totalmente cubierto por el agua helada y cristalina. Una lluvia muy fría y fuerte cae desde arriba, mientras un viento etéreo esparce la humedad hacia abajo, haciéndote temblar y jadear. La gran criatura, nada más que una esfera de agua luminosa, gira furiosa, azotando todo el lugar con su inmenso poder.
z:1:1:0:25:Portal grandioso que te saca de este santuario. Para continuar, presiona enter.
ptm:1:1:0:0:50:99:rezmeey:Cruzas el grandioso portal, y vuelves al área de los santuarios.:ma115
npc:40:0:50000000000:30000000000:5:0:12000000:0:2000:350:10000:mgerems.20000000000,elementales.2000000000,gema_del_agua.1,gema_del_tornado.1:agua12,agua14,agua5,agua9:bot55:none:El gran elemento del agua:¡*nick* ;ha derrotado el gran elemento del agua!;:4000000:0:0:default:1:80:default:0.1
dv:baculo
dv:joya_dorada
ss2:0:81:0:81:waterflow2.ogg:-5
ss:0:81:0:81:waterflow1.ogg
ss2:0:81:0:81:water3.ogg:-5
p:1:80:0:water2
dv:polvo_de_energía
dv:gema_dorada_de_Reino_Elemental
