map:island
maxx:192
maxy:300
ss:1:64:0:300:playa.ogg
ss:121:190:0:300:playa.ogg
ss:65:120:0:50:calm.ogg
teto:none
p:0:190:0:sand
w:0:0:150:wallfence6
w:191:0:150:wallfence6
z:1:190:0:150:pequeña isla hecha de arena volcánica en su totalidad. distribuidos por el terreno logras ver algunos bonitos árboles que convierten el aire agitado del planeta en aire fresco y relajante.
arbol:20:0:10:100000:60000:1:madera.2:árbol
arbol:40:0:10:100000:60000:1:madera.2:árbol
arbol:60:0:10:100000:60000:1:madera.2:árbol
arbol:125:0:10:100000:60000:1:madera.2:árbol
arbol:145:0:10:100000:60000:1:madera.2:árbol
arbol:165:0:10:100000:60000:1:madera.2:árbol
p:65:120:0:dirt2
z:65:120:0:100:una gran zona de tierra negra. de ella puedes extraer algunas piedras volcánicas las cuáles tienen alguna utilidad en la forja, supones.
ex:65:1120:0:0:1:4:piedra_volcánica:getdirt:none
p:170:180:0:gravel2
z:170:180:0:150:zona mineral de la isla. en esta se pueden extraer algunos elementos de la tierra debido a pasadas erupciones volcánicas marinas que atrajeron a la superficie materiales ocultos.
z:1:1:0:250:salida oeste de la isla.
z:190:190:0:250:salida este de la isla.
