map:base_militar1
maxx:200
maxy:200
p:0:200:0:caverna2
w:0:0:15:wallgeneric
w:200:0:15:wallgeneric
teto:none
w:0:0:200:walldirt2
w:200:0:200:walldirt2
z:1:200:0:200:base militar oculta. aquí está una de las bases militares del ejército de la ciudad, donde se almacenan armas, documentos confidenciales, entre otras cosas de gran importancia. será mejor salir de aquí rápido, si no quieres que el general te encuentre.
ss:1:200:0:200:cave.ogg
dv:baculo
dv:camera
sc:50:51:0:20:metal2
z:50:51:20:30:salida de la base.
w:49:1:30:wallbars
w:52:1:30:wallbars
z:50:51:0:19:escalera de metal que lleva a la salida de este lugar.
z:3:4:0:10:escritorio de metal. en él están regados algunas carpetas con papelería importante sobre el ejército.
p:3:4:0:metal4
z:120:120:0:30:una puerta
z:140:140:0:30:una puerta
z:155:155:0:30:una puerta
p:120:121:90:bleacher
ptm:120:120:0:20:120:90:base_militar1:has caído en la trampa. ahora el general te matará asficsiándote hasta que dejes de respirar:door17open
asfixiar:120:121:90:100
z:120:121:90:100:trampa
w:119:90:110:wallbarrel
w:122:90:110:wallbarrel
z:175:175:0:20:una puerta
p:140:141:90:glass3
w:139:90:110:wallbarrel
w:142:90:110:wallbarrel
ss:140:141:91:100:fire.ogg
ptm:140:140:0:20:140:91:base_militar1:el general te ha descubierto rondando en la base, y te ha condenado a morir en las llamas. ahora, sufrirás hasta tu último aliento!:door12open
p:175:176:90:nievedenza
w:174:90:110:walldrown
w:177:90:110:walldrown
ss:175:176:91:100:a6.ogg
congelar:175:176:91:100
ptm:175:175:0:20:175:91:base_militar1:el general te ha mandado a que mueras de la peor manera posible. congelarte hasta los huesos, ya que te ha descubierto buscando su oficina. ahora solo te queda sufrir:door10open.ogg
p:1:199:160:concreto22
dr:155:0:1:161:0:none:none:door15close.ogg:door16open.ogg
z:1:199:160:200:zona secreta
z:20:20:160:200:pasaje
ptm:20:20:160:200:20:159:base_militar1:cayendo...:alarm2
z:30:30:160:200:pasaje
ptm:30:30:160:200:30:159:base_militar1:cayendo...:alarm2
z:85:85:160:200:pasaje
ptm:85:85:160:200:1:0:oficina_secreta:después de una larga búsqueda, logras encontrar la oficina del general de ejército. será mejor que salgas de aqui, si es que aprecias tu vida:door6open
z:25:25:160:200:pasaje
z:25:25:160:200:pasaje
ptm:25:25:160:200:25:159:base_militar1:cayendo...:alarm2
ptm:40:40:160:200:40:159:base_militar1:cayendo...:alarm2
z:40:40:160:200:pasaje
z:35:35:160:200:pasaje
ptm:45:45:160:200:45:159:base_militar1:cayendo...:alarm2
z:45:45:160:200:pasaje
w:115:160:200:camerawall
z:50:50:160:200:pasaje
ptm:50:50:160:200:50:159:base_militar1:cayendo...:alarm2
z:60:60:160:200:pasaje
ptm:60:60:160:200:60:159:base_militar1:cayendo...:alarm2
z:65:65:160:200:pasaje
ptm:65:65:160:200:60:159:base_militar1:cayendo...:alarm2
z:75:75:160:200:pasaje
z:70:70:160:200:pasaje
ptm:75:75:160:200:75:159:base_militar1:cayendo...:alarm2
ptm:70:70:160:200:70:159:base_militar1:cayendo...:alarm2
z:80:80:160:200:pasaje
z:55:55:160:200:pasaje
ptm:55:55:160:200:55:159:base_militar1:callendo...:alarm2
ptm:80:80:160:200:80:159:base_militar1:cayendo...:alarm2
z:95:95:160:200:pasaje
ptm:95:95:160:200:95:159:base_militar1:cayendo...:alarm2
z:100:100:160:200:pasaje
ptm:100:100:160:200:100:159:base_militar1:cayendo...:alarm2
z:105:105:160:200:pasaje
ptm:105:105:160:200:105:159:base_militar1:cayendo...:alarm2
z:110:110:160:160:pasaje
ptm:110:110:160:200:110:159:base_militar1:cayendo...:alarm2
dv:coordenadas
ptm:10:10:160:160:10:159:base_militar1:cayendo...:alarm2
z:10:10:160:200:pasaje
tp:50:51:20:30:70:0:ciudad_lesnói:sales de la base sorprendido por haber sobrevivido a lo que pasa  dentro
z:15:15:160:200:pasaje
ptm:15:15:160:200:15:159:base_militar1:cayendo...:alarm2
ptm:68:68:160:200:68:160:base_militar1:hola, amigo. si estás buscando la oficina del general, será mejor que dejes de hacerlo. ya que si la encuentras, no saldrás con vida. pero si tu deseo es morir en sus manos, bien, entonces te digo, la oficina está muy cerca.:door17open
ss:68:68:160:200:person.ogg
z:68:68:160:200:persona
where:en la primera base militar
ss2:0:200:0:200:101cancion.ogg:-8
death:140:141:85:100:2000:0:0:*nick* murió a causa de un fuego mortal!:nada:0:0
ss:140:141:90:100:fire_outside.ogg
z:199:199:0:19:Ves la entrada a una tienda de armas. Supones que aquí es donde los soldados se equipan y se preparan para luchar contra los invasores.
tp:199:199:0:0:1:0:tienda_de_armas_lesnói1:Entras en la tienda.
