map:bosquee
maxx:201
maxy:51
p:0:201:0:grass7
w:0:0:51:wallnone
w:201:0:51:wallnone
z:1:200:0:500:-
dv:camera
dv:coordenadas
dv:auto
dv:baculo
ss2:1:200:0:500:258cancion.ogg:-2
where:en un bosque desconocido
ss:1:200:0:50:rumble.ogg
dv:runa_dorada
dv:portal
z:1:200:0:50:Dentro de este bosque desconocido. La hierba es completamente verde, y los árboles grises. Un viento muy extraño y frío recorre todo este lugar mientras caminas. Hay algunas criaturas con forma de cilindro que ruedan por allí, aplastando todo a su paso. Curiosamente, cuando una de ellas se acerca a cualquiera de los árboles, esta sale despedida hacia atrás. No sabes dónde estás, pero sí eres consciente de que no te pasará nada estando aquí, o eso quieres creer...
ss:1:200:0:50:sky_life.ogg
teto:none
z:30:30:0:26:Árbol gris.
sc:30:30:0:20:branch
z:80:80:0:50:Árbol gris.
sc:80:80:0:15:branch
z:150:150:0:50:Árbol gris.
sc:150:150:0:28:branch
p:180:200:0:shortgrass
z:180:200:0:50:En el claro del bosque. Tus ojos se abren de la impresión al ver un gran objeto redondo que levita en el centro del claro. Ya sabes qué es, y tu mente se encuentra totalmente centrada en el mismo, quieres tocarlo y ver qué tiene para ti...
p:190:190:4:diamond
z:190:190:4:26:Aquí está el objeto...Vamos, ¡tómalo!
pm2:190:190:4:4:1:0:hll:door17open:esencia_del_fuego:1:Al tocar el objeto, sufres un fuerte choque eléctrico, y en tu mente queda grabado el recuerdo y el sonido de un fuego abrasador y agonizante...:d:0:-
npc:100:0:50000000:10000000:2:0:13000:1500:1500:350:8000:mgerems.10000000,cuerpo_de_lobo_rasante.1:aire11,aire13,aire14:bot106:bot116:Lobo Rasante:¡*nick* mató a un lobo rasante!:180000:0:0:default:1:200:default:0.2
npc:200:0:50000000:10000000:2:0:13000:1500:1500:450:10000:mgerems.10000000,cuerpo_de_lobo_rasante.1:aire11,aire13,aire14:bot106:bot116:Lobo Rasante:¡*nick* mató a un lobo rasante!:180000:0:0:default:1:200:default:0.2
npc:50:0:50000000:10000000:2:0:13000:1500:1500:550:12000:mgerems.10000000,cuerpo_de_lobo_rasante.1:aire11,aire13,aire14:bot106:bot116:Lobo Rasante:¡*nick* mató a un lobo rasante!:180000:0:0:default:1:200:default:0.2
