map:cabina_telefónica
maxx:31
maxy:20
p:0:6:0:concrete4
w:0:0:20:wallcar
z:1:1:0:20:Porta de saída da cabine.
tp:1:1:0:0:295:100:ciudad_de_arduam:Sales de la cabina telefónica.
dv:bicicleta
dv:coordenadas
teto:none
safez:0:7:0:20
dv:camera
w2:3:30:0:9:wallcardboard
w:1:1:20:wallcardboard
z:2:2:0:20:escalera hacia la cabina.
sc:2:2:0:10:concrete4
p:3:30:10:concrete4
z:3:3:10:20:Puerta de entrada hacia la cabina.
w:4:10:20:wallglass
dr:3:10:5:10:0:-:-:door14open.ogg:door14close.ogg
z:5:5:10:20:Puerta de salida.
dr:5:10:3:10:0:-:-:door14open.ogg:door14close.ogg
w:31:0:20:wallcardboard
z:1:1:0:20:puerta de regreso a la ciudad.
z:6:20:10:29:cabina telefónica. Esta es pequeña y al fondo hay una mujer mirando aburrida hacia todas partes sentada en una silla al lado de una mesa en la cual hay un antiguo teléfono.
sc:21:21:10:14:chair
w2:22:30:10:15:walltable
z:21:21:10:20:silla.
ss:21:21:14:14:person.ogg
ptm:21:21:14:14:21:14:cabina_telefónica:El teléfono está en la mesa. tómalo y déjame sola!:door17open
p:22:30:15:deck
z:22:30:10:20:mesa. en su lateral derecho está el antiguo teléfono.
p:30:30:15:plastic
z:30:30:15:20:Teléfono.
z:21:21:14:35:persona.
z:4:4:0:25:-
ss2:1:30:0:50:12cancion.ogg:-10
where:en la cabina telefónica
