map:ciudad_de_arduam
maxx:501
maxy:501
p:0:501:0:areia
w:0:0:15:wall
w:501:0:15:wall
z:1:501:0:501:-
dv:camera
dv:coordenadas
p:1:30:0:shallow
z:1:1:0:50:Puedes adentrarte en el océano presionando enter aquí.
tp:1:1:0:0:1000:50:océano_de_arduam:Te alejas de la costa y te adentras en el océano.
z:2:30:0:50:Agua poco profunda cerca de la costa. Al observar a tu alrededor, ves una gran playa de hermosas arenas con personas caminando. Mucho más allá, una gran isla en la cual hay una inmensa colina, donde se alza una gran ciudad.
ss:1:30:0:50:ocean3.ogg
p:31:50:0:rocks4
z:31:50:0:50:Grandes rocas cerca de la costa y las aguas saladas del océano. Al caminar cuidadosamente por esta zona rocosa, observas a algunas personas acostadas mirando hacia el horizonte en la costa arenosa. Algunos niños juegan en la arena, y la gran ciudad se alza mucho más allá. Puedes ver que esta está rodeada por algunos discos dorados que brillan suavemente con la luz del sol.
ss:1:40:0:50:birds22.ogg
ss:41:100:0:50:playa.ogg
z:51:100:0:50:Arena suave de la costa de la isla. Algunas personas están en esta costa, observando el océano y otras hablando. La arena bajo tus pies cruje suavemente, mientras sigues caminando hacia la isla y la ciudad que se alza mucho más allá.
z:41:41:0:25:Niño.
dlg:41:0:Déjame en paz, o te pegaré.:door17open.ogg
ss:41:41:0:0:person.ogg
z:35:35:0:50:Niña.
dlg:35:0:¡Aaaaaaaaaaah!:door17open.ogg
dlg:35:0:¡Ese niño me golpeó la cabeza!:door17open.ogg
dlg:35:0:¡Déjame llorar o te golpearé a ti!:door17open.ogg
ss:35:35:0:0:person.ogg
z:65:65:0:50:Persona.
dlg:65:0:Ah...:door17open.ogg
dlg:65:0:No hay nada mejor que una tarde entera en esta costa, observando el océano y nadando en él.:door17open.ogg
ss:65:65:0:0:person.ogg
z:80:80:0:25:Persona.
dlg:80:0:Quítate de ahí, me tapas la vista del océano con tu cuerpo.:door17open.ogg
ss:80:80:0:0:person.ogg
z:95:95:0:25:Persona.
dlg:95:0:Voy a nadar en un rato.:door17open.ogg
dlg:95:0:Nadaré tanto hacia el oeste, que llegaré a las islas de Laid-Mard.:door17open.ogg
dlg:95:0:Supongo que no me crees.:door17open.ogg
dlg:95:0:Me da igual.:door17open.ogg
ss:95:95:0:0:person.ogg
sc:101:103:0:20:capim
w2:104:501:0:19:wallbranch
z:101:103:0:50:Pequeña colina de hierba verde que conduce a la isla.
p:104:200:20:brush2
ss:104:210:0:120:birds19.ogg
z:104:200:0:50:Parte oeste de la isla de Arduam. La hierba de esta isla es de un verde vivo intenso. Puedes ver algunas personas en esta pequeña extensión de hierba, y más allá, observas la subida a la gran colina donde se alza la ciudad de Arduam.
z:120:120:20:50:Persona.
dlg:120:20:Oh, ¡Hola! Bienvenid*g* a la isla de Arduam, donde se encuentra la hermosa e imponente ciudad de Arduam, ciudad principal del continente del agua.:door17open.ogg
ss:120:120:20:20:person.ogg
z:145:145:20:50:Persona.
dlg:145:20:La isla de Arduam está dividida en dos partes. La parte oeste y la este. Está así, porque así fue construida la ciudad de Arduam.:door17open.ogg
ss:145:145:20:20:person.ogg
sc:155:165:20:50:marble
z:155:165:20:70:Grandes escalinatas de mármol brillante ascienden hacia lo alto a las grandes puertas del templo de Arduam.
w:154:21:49:wallglass
w:166:21:49:wallglass
p:150:170:50:marble
z:150:170:50:70:Pequeña plataforma de mármol elevada sobre la isla.
w:149:50:70:wallglass2
w:171:50:70:wallglass2
z:155:165:50:70:Grandes puertas de un cristal transparente te invitan para que entres al templo.
z:152:152:50:70:Persona.
dlg:152:50:Nuestro dios, el señor del agua, nos dejó este templo para que lo alabásemos.:door17open.ogg
dlg:152:50:Nosotros lo hacemos todos los días.:door17open.ogg
dlg:152:50:Deberías hacerlo tú también.:door17open.ogg
ss:152:152:50:50:person.ogg
z:169:169:50:70:Persona.
dlg:169:50:Aqaeel, nuestro dios nos cuida desde la dimensión de los dioses.:door17open.ogg
dlg:169:50:Estoy muy segura de eso.:door17open.ogg
ss:169:169:50:50:person.ogg
tp:155:165:50:50:1:0:templo_de_arduam:Cruzas las puertas y entras en el hermoso templo.
z:186:186:20:45:Persona.
dlg:186:20:El templo es hermoso.:door17open.ogg
ss:186:186:20:20:person.ogg
sc:201:210:20:100:grass7
z:201:210:20:120:Gran subida de la colina que conduce a la ciudad de Arduam.
w:211:0:99:wallgrass
p:211:250:100:dirt3
z:211:250:100:200:Pequeño camino de tierra que conduce hacia la ciudad.
ss:211:250:100:200:birds12.ogg
z:230:230:100:125:Persona.
dlg:230:100:Vuelvo a casa después de haber nadado por más de 5 horas.:door17open.ogg
dlg:230:100:Por supuesto, no llegué hasta las islas de Laid-Mard, pero seguro que estuve bastante cerca de ellas.:door17open.ogg
ss:230:230:100:100:person.ogg
teto:none
p:251:300:100:dirt4
z:251:500:100:200:Ciudad de Arduam. Ahora que estás en la ciudad, puedes ver que los edificios están construidos con cemento. Muchas personas caminan por las calles. Más allá, observas una gran y magnífica estatua de un hombre tallada en mármol que llama tu atención rápidamente.
ss:251:500:100:200:birds11.ogg
z:270:270:100:170:Persona.
dlg:270:100:Esta ciudad es la ciudad principal del continente del agua.:door17open.ogg
dlg:270:100:Hay muchas cosas interesantes aquí, y además, está rodeada por agua.:door17open.ogg
dlg:270:100:¿No te parece genial?:door17open.ogg
ss:270:270:100:100:person.ogg
p:301:400:100:gravel
dlg:320:100:Anelle, la mujer de la heladería me da miedo.:door17open.ogg
ss:320:320:100:100:person.ogg
z:320:320:100:120:Persona.
p:351:400:100:gravel2
z:360:360:100:120:Persona.
dlg:360:100:A mí me gusta más esta parte de la isla.:door17open.ogg
dlg:360:100:No sé, está más aferrada a la naturaleza que la parte este.:door17open.ogg
dlg:360:100:Soy una chica de la naturaleza.:door17open.ogg
ss:360:360:100:100:person.ogg
z:380:390:100:120:Aquí está la gran entrada a un edificio. Un letrero reza. Memorias de los grandes héroes del mundo.
p:401:500:100:grass
z:410:410:100:120:Persona.
dlg:410:100:Aquella estatua de allí, es la representación que los grandes artistas suponen que es el dios del agua, nuestro dios.:door17open.ogg
z:440:480:100:150:Cerca de la magnífica estatua de Aqaeel, el dios del agua.
z:450:470:100:150:La gran estatua del dios del agua. Es grande e imponente, hecha de mármol brillante. Sus ojos están tallados en zafiros del color del mar y la espada que empuña es del oro más resplandeciente del mundo. La armadura que viste suele lanzar destellos de luz hacia todas partes, y los ojos de la estatua brillan con un fulgor extraño cuando el sol se posa sobre ellos. Notas que en su pecho hay un gran diamante oscuro, con una frase con letras de gemas hermosas. Aqaeel, dios del agua dorada.
dlg:410:100:En mis sueños me lo imagino de una forma muy diferente.:door17open.ogg
ss:410:410:100:100:person.ogg
z:435:435:100:120:Persona.
dlg:435:100:Ah...Es tan magnífico...:door17open.ogg
dlg:435:100:¡Todo el mundo debería arrodillarse, suplicar y adorar a Aqaeel, ¡el único dios!:door17open.ogg
ss:435:435:100:100:person.ogg
sc:464:466:122:124:diamond
sc:450:463:100:130:marble
sc:464:470:100:122:marble
sc:467:470:121:130:marble
sc:464:466:124:130:marble
z:464:466:122:124:Hay un gran diamante aquí. Este brilla majestuosamente. Algo te dice que lo toques, que lo acaricies...
sc:458:462:130:136:marble
z:458:462:131:135:En el cuello de la estatua.
sc:450:470:136:145:marble
z:450:470:136:145:La cabeza de la estatua.
p:455:455:140:diamond
z:455:455:140:140:Un hermoso y magnífico ojo de la estatua.
z:465:465:140:140:Un hermoso y magnífico ojo de la estatua.
p:465:465:140:diamond
p:445:450:120:marble
z:445:449:120:150:Inmenso brazo de la estatua.
sc:445:445:120:150:marble
sc:440:450:150:160:marble2
z:440:450:150:160:Mano izquierda de la estatua. Al estar sobre ella notas una pequeña gema blanca en esta.
p:470:475:120:marble
z:471:475:120:150:Inmenso brazo de la estatua.
sc:475:475:120:150:marble
sc:470:480:150:160:marble2
z:470:480:150:160:Mano derecha de la estatua. Ella empuña una hermosa y resplandeciente espada.
z:490:490:100:120:Persona.
dlg:490:100:Ahí, a mi derecha empieza la parte más genial de arduam.:door17open.ogg
dlg:490:100:Sí, no hay nada de esta hierba y arena horrible.:door17open.ogg
ss:490:490:100:100:person.ogg
ss2:1:500:0:200:21cancion.ogg:-15
p:490:500:100:terra
z:491:500:100:120:Un pequeño pedazo de tierra que separa ambas partes de la isla.
z:500:500:100:120:Para continuar a la otra parte de la isla de arduam, presiona enter.
tp:500:500:100:100:1:100:ciudad__de_arduam:La tierra que pisabas se transforma en concreto al continuar hacia esta parte de la isla de arduam.
where:en la ciudad de Arduam
tp:380:390:100:100:1:0:edificiop:Te adentras en el edificio.
z:345:355:100:120:Entrada a un pequeño establecimiento de comida.
tp:345:355:100:100:1:0:edip:Entras en el establecimiento de comida.
z:290:300:100:125:Puerta de entrada a una heladería.
tp:290:300:100:100:1:0:heladería:Te adentras en el lindo establecimiento.
pm2:464:466:122:124:465:123:ciudad_de_arduam:quest:esencia_del_agua:1:El diamante brilla.:esencia_elemental_azul:1:El diamante brilla, y un objeto desaparece de tu inventario, al mismo tiempo que otro se materializa en tu mano.
