map:edificio1
maxx:101
maxy:101
p:0:101:0:concrete2
w:0:0:101:wallnone
w:101:0:101:wallnone
dv:camera
dv:coordenadas
teto:none
z:1:100:0:50:-
where:en el edificio de viajes espaciales de la ciudad Telaman
z:1:100:0:100:Dentro del edificio. No es muy grande, pero sí bastante alto. En la parte superior de este, justo en el techo, hay un gran agujero circular cubierto por una membrana púrpura transparente. Observas a algunas personas a los alrededores, caminando, y unas pocas comprando boletos. Al fondo del lugar, ves un gran dispositivo circular con forma de cápsula, que levita a unos centímetros del suelo.
ss2:1:100:0:100:225cancion.ogg:-15
z:1:1:0:20:Salida del edificio.
ss:1:100:0:100:pessoas.ogg
ss:1:100:0:100:pessoas.ogg
ss:1:100:0:100:pessoas.ogg
z:20:20:0:25:Persona.
dlg:20:0:No puedo creer que solo en el continente del agua y en el de fuego se pueda viajar por el espacio, y las compañías de los otros continentes solo lleven a galaxias del mismo elemento.:door17open.ogg
dlg:20:0:Pf.:door17open.ogg
ss:20:20:0:0:person.ogg
z:45:50:0:25:Ventana de información.
ptm:45:50:0:0:47:0:edificio1:¡Hola, bienvenid*g*! ¡Cada boleto cuesta 55000000 Mgerems! ¡Si compra un boleto, esperamos que tenga una buena visita a la galaxia de la tierra!:door17open
z:60:60:0:25:Persona.
dlg:60:0:Hasta hace un año, solo estaban las galaxias de aire y tierra, pero recientemente se encontró la de agua.:door17open.ogg
dlg:60:0:Pero la galaxia de agua todavía es desconocida para todos, muy pocos se atreven a viajar hasta ella, y...Bueno, no sabemos nada sobre la misma.:door17open.ogg
ss:60:60:0:0:person.ogg
z:85:85:0:25:Persona.
dlg:85:0:¿No te parecen un poco caros los boletos?:door17open.ogg
ss:85:85:0:0:person.ogg
z:98:100:0:2:Debajo de la cápsula circular que levita.
p:98:100:2:metal4
z:98:100:2:25:Encima de la cápsula circular. Es completamente negra, y en su puerta, hay una especie de agujero para introducir los boletos.
tp:1:1:0:0:255:0:ciudad_telaman:Sales del edificio.
z:30:33:0:25:Ventanilla donde se pueden comprar los boletos.
pm2:30:33:0:0:31:0:edificio1:door17open:mgerems:55000000:No tienes 55000000 mgerems.:boleto_para_viajar_a_la_galaxia_de_la_tierra:1:Aquí tiene su boleto, ¡gracias!
