map:el_infierno
maxx:301
maxy:1000
p:0:300:0:deepsand
w:0:0:15:wallgeneric
w:1000:0:15:wallgeneric
w:0:0:1000:camerawall
w:1000:0:1000:camerawall
z:1:300:0:1000:...
ss:1:1000:0:100:a4.ogg
z:1:1000:0:1000:Te encuentras en un lugar desértico y con un clima sumamente caluroso. La sed se apodera de ti, y el miedo sube por tu espina dorsal. Este es el lugar donde todas las almas malignas pagan sus acciones, donde son juzgadas y torturadas hasta el fin de los tiempos.
teto:none
ss:13:15:-4:4:fire3.ogg
ss:32:35:-3:5:fire3.ogg
ss:58:60:-4:5:fire3.ogg
ss:77:79:-4:5:fire3.ogg
z:82:85:0:10:Una gran estatua con forma humanoide. Notas que el material con el que está hecha desprende una energía demoníaca, que te hace temblar de solo estar ante su presencia.
sc:100:102:0:10:concrete6
z:100:102:0:100:Lápida. Esta es una tumba desgastada por el tiempo en representación del eterno descanso de uno de los príncipes del infierno que fueron asesinados por la rebelión de los demonios. Lees un nombre y un epitafio. Azacel. El forjador y destructor.
sc:120:122:0:10:concrete6
z:120:122:0:100:Lápida. Esta es una tumba desgastada por el tiempo en representación del eterno descanso de uno de los príncipes  del infierno que fueron asesinados por la rebelión de los demonios. Lees un nombre y un epitafio. Asmodeus. Rey de la lujuria y gran destructor.
sc:140:142:0:10:concrete6
z:140:142:0:100:Lápida. Esta es una tumba desgastada por el tiempo en representación del eterno descanso de uno de los príncipes  del infierno que fueron asesinados por la rebelión de los demonios. Lees un nombre y un epitafio. Astaroth. Príncipe de la pereza, la vanidad, y la destrucción.
sc:160:162:0:10:concrete6
z:160:162:0:100:Lápida. Esta es una tumba desgastada por el tiempo en representación del eterno descanso de uno de los príncipes  del infierno que fueron asesinados por la rebelión de los demonios. Lees un nombre y un epitafio. Leviatán. Príncipe del caos y la destrucción.
sc:180:182:0:10:concrete6
z:180:182:0:100:Lápida. Esta es una tumba desgastada por el tiempo en representación del eterno descanso de uno de los príncipes  del infierno que fueron asesinados por la rebelión de los demonios. Lees un nombre y un epitafio. Aamon. príncipe de la ira y destructor de almas.
ss:192:194:-4:4:fire3.ogg
sc:210:215:0:20:concrete5
z:210:215:0:100:Gran estatua de piedra demoníaca que retrata a un hombre fuerte, con mirada profunda y que desprende odio. Notas que tiene una espada en su mano, de la cual escurren gotas de lo que parece ser sangre de demonio combinada con veneno. Una inscripción casi al pie de esta dice. Samael. Gran guerrero que defendió su reino hasta la muerte.
sc:220:225:0:20:concrete5
z:220:225:0:100:Gran estatua de piedra demoníaca que retrata a una mujer hermosa, con serpientes negras cascabeleantes en lugar de ojos, y cuya presencia impone respeto y terror. Notas que tiene un látigo plateado en su mano del cual parecen surgir llamaradas rojas. En la empuñadura del arma, hay lo que parece ser sangre de demonio. Una inscripción casi al pie de esta dice. Lilith. Gran guerrera que defendió su reino hasta la muerte.
ss:244:248:-4:4:fire3.ogg
ss:232:235:-4:4:fire3.ogg
ss:260:263:-4:4:fire3.ogg
ss:275:278:0:4:fire3.ogg
p:290:300:0:gravel2
z:290:299:0:100:Camino de piedras quemadas y ensangrentadas que llevan al lugar de eterno descanso de los príncipes infernales.
w:301:0:100:walldoor
z:300:300:0:100:Grandes portones de entrada al mausoleo infernal.
dv:camera
dv:coordenadas
dv:camion
dv:bicicleta
dv:baculo
sc:82:85:0:10:concrete5
ss2:1:300:0:50:120cancion.ogg:-3
npc:50:0:20000000:5000000:4:0:30000:0:1500:800:10000:botella_con_sangre_de_demonio.1,mgerems.2500000,elementales.500000:espada_infernalhit:demonionervoso:terror2:un_demonio_menor:*nick* ha derrotado a un demonio menor, haciendo que desaparezca!:300000:0:0:default:1:300:default:0.2
npc:100:0:30000000:8000000:4:0:30000:0:1000:800:10000:botella_con_sangre_de_demonio.1,mgerems.3500000,elementales.1000000:espada_infernalhit:demonionervoso:terror2:un_demonio_menor:*nick* ha derrotado a un demonio menor, haciendo que desaparezca!:300000:0:0:default:1:300:default:0.2
npc:150:0:40000000:12000000:4:0:30000:0:1000:800:10000:botella_con_sangre_de_demonio.1,mgerems.5500000,elementales.1500000:espada_infernalhit:demonionervoso:terror2:un_demonio_menor:*nick* ha derrotado a un demonio menor, haciendo que desaparezca!:300000:0:0:default:1:300:default:0.2
npc:200:0:50000000:15000000:4:0:30000:0:1000:800:10000:botella_con_sangre_de_demonio.1,mgerems.8000000,elementales.1800000:espada_infernalhit:demonionervoso:terror2:un_demonio_menor:*nick* ha derrotado a un demonio menor, haciendo que desaparezca!:300000:0:0:default:1:300:default:0.2
dv:portal
where:en el reino infernal
