map:explanada_sednarg
maxx:201
maxy:1001
p:0:201:0:ledge
w:0:0:15:wall
w:201:0:15:wall
z:1:200:0:1000:-
dv:camera
dv:coordenadas
dv:baculo
teto:none
z:1:1:0:25:Puedes volver a la montaña presionando enter aquí.
tp:1:1:0:0:300:400:montaña_sednarg:Vuelves a la montaña de fuego.
w2:1:200:499:522:camerawall
z:1:1:500:500:Sabía que aquella montaña no sería nada para ti.
dr:1:500:2:500:200:none:none:door17open.ogg:door15close.ogg
z:2:2:500:500:Al fin y al cabo, eres más que todos esos condenados de Rada.
ss2:1:200:0:1000:357cancion.ogg:-3
dr:2:500:3:500:200:none:none:door17open.ogg:door15close.ogg
z:3:3:500:500:Has llegado a donde todos los días un condenado de Rada asciende.
dr:3:500:4:500:200:none:none:door17open.ogg:door15close.ogg
z:4:4:500:500:En esta explanada, están las cámaras y salones de los grandes.
dr:4:500:5:500:200:none:none:door17open.ogg:door15close.ogg
z:5:5:500:500:Es interesante, puesto que cuando se hizo este lugar, se estableció que para salir de Rada tienes que asesinar a los grandes.
dr:5:500:6:500:200:none:none:door17open.ogg:door15close.ogg
z:6:6:500:500:Eso plantea una cuestión.
dr:6:500:7:500:200:none:none:door17open.ogg:door15close.ogg
z:7:7:500:500:¿Los grandes son realmente grandes?
dr:7:500:8:500:200:none:none:door17open.ogg:door15close.ogg
z:8:8:500:500:La respuesta es no, por supuesto.
z:2:200:0:200:Una explanada de tierra seca y rocas. Al caminar por este lugar, tu mirada es atraída inmediatamente por 4 lugares rodeados por grandes paredes de mármol oscuro. Sientes como si algo dentro de ellos te atrajera. Ya sabes qué son, pero quieres verlos por ti mism*g*.
ss:1:200:0:1000:a13.ogg
w2:51:200:0:49:wallrockdirt
sc:50:50:0:50:dirt
p:51:100:50:ledge
w2:101:200:50:99:wallrockdirt
sc:100:100:50:100:dirt2
p:101:150:100:ledge
w2:151:200:100:149:wallrockdirt
z:50:50:0:0:Entrada a la primera cámara, del primer grande de los cuatro.
z:100:100:50:50:Entrada a la segunda cámara, del segundo grande de los cuatro.
z:150:150:100:100:Entrada a la tercera cámara, del tercer grande de los cuatro.
sc:150:150:100:150:dirt3
p:151:200:150:ledge
z:200:200:150:150:Entrada a la cuarta cámara, del cuarto grande de los cuatro.
w:201:0:300:wallrockdirt
sc:200:200:150:200:flint
z:200:200:200:225:Una barrera de piedra. Esta está brillando con una luz opaca.
dv:portal
dv:runa_Dorada
ptm:50:50:0:0:1:0:hg:-:playersafe
pm2:100:100:50:50:1:0:hg1:playersafe:sa_de_morzeithes:1:La entrada de la cámara brilla fuertemente, y una fuerza invisible te empuja hacia atrás.:d:0:-
pm2:150:150:100:100:1:0:hg2:playersafe:sa_de_taiya:1:La entrada de la cámara brilla fuertemente, y una fuerza invisible te empuja hacia atrás.:a:0:-
pm2:200:200:150:150:1:0:hg3:playersafe:sa_de_jafra:1:Una poderosa fuerza te lanza hacia atrás, impidiéndote pasar.:d:0:-
z:190:190:150:200:Persona.
dlg:190:150:Agua...Tengo sed...Entregar el Sa...:door17open.ogg
dlg:190:150:Final...Ah...:door17open.ogg
ss:190:190:150:150:person.ogg
where:en la explanada sednarg
pm2:200:200:200:200:1:20:la_torre_de_la_libertad:spell_thunder_start:sa_de_arcahela:1:La pared brilla, impidiéndote pasar.:d:0:-
ptm:8:8:500:500:1:0:explanada_sednarg:-:playerunsafe
dv:portal_de_luz
dv:llave_de_la_casa
dv:llave_de_la_cabaña
dv:llave_de_la_mansión
disable_game:1:20:499:501
dv:joya_dorada
dv:polvo_de_energía
dv:gema_dorada_de_Reino_Elemental
