map:lugar_secreto
maxx:101
maxy:200
p:1:100:0:areia
w:0:0:200:wallnone
w:101:0:200:wallnone
z:1:150:0:200:-
teto:none
dv:camera
dv:coordenadas
w2:1:3:49:51:camerawall
z:1:1:50:50:Cruzas la puerta, y te encuentras en un lugar completamente distinto al que te esperabas.
ss2:1:150:0:200:169cancion.ogg:-14
dlg:1:50:¡Oh, hola! Dice un hombre alto, mirándote con una sonrisa.:door17open.ogg
dlg:1:50:¡Así que has descubierto mi pequeño secreto!:door17open.ogg
dlg:1:50:Miras nervios*g* hacia todas partes.:door17open.ogg
dlg:1:50:No no, tranquil*g*, ¡no pasa nada! Exclama el hombre frente a ti.:door17open.ogg
dlg:1:50:¡No estoy enojado porque hayas descubierto mi escondite secreto!:door17open.ogg
dlg:1:50:¿Ah, estás confundid*g*?:door17open.ogg
dlg:1:50:¡Ya, supongo que tendré que explicarte!:door17open.ogg
dlg:1:50:Hm, hay poco que explicar.:door17open.ogg
dlg:1:50:Resumen rápido, yo soy el director de la biblioteca de San Ángel, construí este lugar para desaburrirme con mis amigos y distraerme de las responsabilidades, ¡y poco más!:door17open.ogg
dlg:1:50:¡Ahora disfruta el ambiente, chic*g*!:door17open.ogg
dlg:1:50:¡Ya basta de explicaciones!:door17open.ogg
dlg:1:50:¡Jajaja!:door17open.ogg
dlg:1:50:El hombre se aleja.:door17open.ogg
dr:1:50:1:0:200:none:none:door15close.ogg:door15close.ogg
where:en un lugar secreto
p:1:100:0:carpet2
z:1:150:0:49:Lugar secreto. Hay algunas sillas de madera por aquí, con algunas mesas. Ves pocas personas, y una música constante suena a tu alrededor.
z:1:1:0:49:Salida de este lugar.
tp:1:1:0:0:50:0:pasaje_secreto:Te alejas de la música y del animado lugar.
p:20:80:0:wood2
z:20:80:0:25:Una larga fila de sillas y mesas de madera. Hay personas sentadas en las sillas, con cervezas y botellas de vino en las mesas o en sus manos.
z:30:30:0:25:Persona.
dlg:30:0:Uauauaua...:door17open.ogg
ss:30:30:0:0:person.ogg
dlg:30:0:Qué mareado me siento...:door17open.ogg
z:50:50:0:25:Persona.
dlg:50:0:Este lugar es simplemente genial.:door17open.ogg
dlg:50:0:Geeenial, sii...:door17open.ogg
ss:50:50:0:0:person.ogg
z:70:70:0:25:Persona.
dlg:70:0:Danield siempre me llama a mí y a los demás chicos todos los sábados para que vengamos a acompañarle.:door17open.ogg
ss:70:70:0:0:person.ogg
z:98:100:0:25:Gran nevera con una puerta de vidrio. Por ella se pueden ver todo tipo de bebidas.
ss:98:100:0:25:a1235.ogg
z:88:92:0:25:Un gran estante con copas y vasos de vidrio de color rojo y negro.
z:83:83:0:25:Persona.
pm2:83:83:0:0:83:0:lugar_secreto:quest:botella_de_vino:20:¡Eh, tráeme algunas botellitas de vino, quiero seguir tomando! Grita el hombre que te recibió al entrar.:libro_los_pájaros_kanturii:1:¡Gracias, por traérmelas ¡Toma este libro!
ss:83:83:0:0:person.ogg
pm:98:100:0:0:99:0:lugar_secreto:Tomas una botella de vino:door17open:botella_de_vino:1
dr:2:50:1:50:200:none:none:door15close.ogg:door15close.ogg
dlg:30:0:Yo...:door17open.ogg
dlg:30:0:Se arquea hacia adelante y expulsa vómito en tus pies.:vomitando.ogg
ss:0:101:0:200:baseext36.ogg
