map:museo_anytre
maxx:301
maxy:500
p:0:301:0:carpet7
w:0:0:500:wallnone
w:301:0:500:wallnone
z:1:300:0:500:-
where:en el museo Anytre
dv:camera
dv:coordenadas
teto:none
z:1:1:0:25:Salida del museo.
p:1:20:0:carpet
z:2:20:0:25:Recepción del museo. Ves una pequeña ventanilla, por la cual se pueden comprar las entradas al lugar. Notas una pequeña máquina registradora más allá, que verifica las entradas.
z:10:12:0:25:Ventanilla en la cual puedes comprar las entradas.
pm2:10:12:0:0:11:0:museo_anytre:door17open:elementales:3500000:No tienes 3500000 elementales.:entrada_al_museo_anytre:1:Gracias, aquí tiene su entrada.
ss:1:300:0:500:baseint20.ogg
w:21:0:25:wallbigmetal
tp:1:1:0:0:465:0:ciudad_de_san_ángel:Te alejas del museo.
z:20:20:0:25:Máquina que comprueba las entradas.
pm2:20:20:0:0:22:0:museo_anytre:door20open:entrada_al_museo_anytre:1:No tienes la entrada, por lo tanto no puedes pasar.:d:0:Pones tu entrada frente a la máquina, y ella abre automáticamente una puerta a un costado. Entras por la misma, y te adentras en el museo.
p:22:300:0:marble
z:22:22:0:20:Puerta de salida a la recepción.
z:23:300:0:500:Dentro del museo Anytre. El piso, en general, es de mármol. Hay pequeños lugares encerrados por ballas metálicas, donde están expuestos los fósiles de animales muy extraños e impresionantes. Observas grandes bombillas en el techo, dando luz a la estancia.
w:49:0:2:wallrail
z:48:50:0:25:Barandilla metálica que divide una de las secciones del museo.
p:50:70:0:concrete4
z:51:69:0:25:Frente a ti hay varios fósiles de lo que antes al parecer, fueron grandes caballos con 6 patas y dos colas. Un cartel en uno de los fósiles dice lo siguiente. Grandaers, criaturas del ayer. Se les vio por última vez correr por los campos en la Herdanen 11. No se sabe qué fue de ellos, ni por qué desaparecieron.
w:70:0:2:wallrail
z:69:71:0:25:Barandilla metálica que divide una de las secciones del museo.
z:58:58:0:25:Persona.
dlg:58:0:Creo que me hubiera gustado conocer a una de estas criaturas.:door17open.ogg
ss:58:58:0:0:person.ogg
w:90:0:2:wallrail
z:89:91:0:25:Barandilla metálica que divide una de las secciones del museo.
p:91:110:0:concrete4
z:92:110:0:25:Frente a ti está el esqueleto de un ser muy extraño. En general, tiene forma de humano, con algunas diferencias remarcables. Donde deberían haber estado sus piernas, hay una cola de pez. Esta llega hasta su cintura, y desde allí, su tórax, abdomen y cuello son de un humano de sexo masculino. Tiene dos alas de murciélago en su espalda, las cuales son negras y muy gruesas. Sus manos terminan en muñones; su cabeza es completamente cuadrada, y no tiene rostro. Ves un cartel pegado en su pecho que dice. Dandandoer, criatura del ayer. Se sabe realmente poco sobre esta criatura. Se dice que habitaba en los océanos, pero, sin embargo, las alas en su espalda nos hacen pensar que también podía bolar. No se sabe en qué Herdanen existió, ni en cuál se extinguió. De hecho, no estamos seguros completamente de que esta especie se haya extinto. Fue la única de su tipo que encontramos.
w:111:0:2:wallrail
z:110:112:0:25:Barandilla metálica que divide una de las secciones del museo.
z:130:130:0:25:Persona.
dlg:130:0:A veces pienso que todas estas criaturas de este museo son fruto de la invención de alguien.:door17open.ogg
dlg:130:0:Creo que no es una teoría tan descabellada.:door17open.ogg
ss:130:130:0:0:person.ogg
z:139:141:0:25:Barandilla metálica que divide una de las secciones del museo.
w:140:0:2:wallrail
p:141:160:0:concrete4
z:160:162:0:25:Barandilla metálica que divide una de las secciones del museo.
w:161:0:2:wallrail
z:142:159:0:25:Frente a ti está el esqueleto de lo que parece ser un gran elefante, excepto por dos cosas que lo hacen distinto a este enorme gigante de la naturaleza. La primera, es que en sus costillas hay una especie de pinchos que parecen muy filosos y largos, podrías afirmar que miden más de 60 centímetros. Y la segunda, es que tiene cola, o, al menos, está el hueso que antes conformaba esta extremidad. El hueso está hacia arriba, como si este animal siempre llevara la cola erecta. Ves un cartel colgado en uno de los colmillos de la criatura que reza. Chancheyus, criatura del ayer. Existió entre la Herdanen  9 y 12. Desapareció debido a un gran tsunami que arrasó con toda su tierra natal. El 99%de esta especie murió ahogada, el otro 1% fue cazada, y finalmente extinta por nosotros mismos.
z:180:180:0:25:Persona.
pm2:180:180:0:0:180:0:museo_anytre:quest:libro_los_pájaros_kanturii:1:Oye, mira. Te doy esta llave que me dio un indigente por algo de dinero. Tráeme el libro de los kanturii, y te la daré.:llave_del_jardín_de_la_señora_lien:1:¡Gracias! aquí tienes, la llave.
ss:180:180:0:0:person.ogg
z:189:191:0:25:Barandilla metálica que divide una de las secciones del museo.
w:190:0:2:wallrail
p:191:210:0:concrete4
w:211:0:2:wallrail
z:210:212:0:25:Barandilla metálica que divide una de las secciones del museo.
z:192:209:0:25:Frente a ti está el gran esqueleto de una cosa muy extraña. No le ves forma alguna, solo huesos enredados entre sí. Hay un cartel por encima de los huesos que dice. Yorhen, criaturas del ayer. Existieron en los bosques al este, en el continente de tierra. Eran como una colonia, todos trabajaban en conjunto, sincronizados. Era una raza pacífica. Fueron extintos en una de las grandes guerras (Herdanen  13).
w:240:0:2:wallrail
z:239:241:0:25:Barandilla metálica que divide una de las secciones del museo.
w:261:0:2:wallrail
z:260:262:0:25:Barandilla metálica que divide una de las secciones del museo.
p:241:260:0:concrete4
z:242:259:0:25:Frente a ti hay una masa de color violeta, inmóvil. No sabes qué es, pero te quedas impresionad*g* al leer lo que está escrito en el cartel que tiene encima. Yarinden, criatura del ayer. Algunos pergaminos cuentan que esta criatura levitaba cuando tenía vida. Se sabe muy poco, y lo que se conoce de esta especie es muy incierto. Tenía el poder de paralizar a sus víctimas, liberando un gas que paralizaba las funciones motoras del cuerpo por unos segundos, los cuales la criatura aprovechaba para acabar con su presa. Existió entre las Herdanen  3 y 4. No se sabe cómo ni por qué desapareció.
z:256:256:0:25:Persona.
dlg:256:0:¡Esta criatura me da miedo!:door17open.ogg
ss:256:256:0:0:person.ogg
z:290:300:0:25:Hay un gran letrero aquí. Este dice lo siguiente. Todos los fósiles, y la información de cada criatura que se encuentra resguardada en este museo, es completamente real, y en el caso de la información, la mayoría de esta es de fuentes confiables. Recuerda que, mientras el tiempo corre, nosotros corremos tras él, sin mirar hacia atrás, sin mirar hacia lo que dejamos tirado.
ss2:1:300:0:50:177cancion.ogg:-8
dr:22:0:20:0:200:none:none:door38open.ogg:door38close.ogg
dv:auto
