map:primera_cámara
maxx:51
maxy:51
platform:0:51:0:marble
p:1:50:0:alcantarillado
z:1:50:0:50:-
teto:none
dv:camera
w:0:0:50:camerawall
w:51:0:50:camerawall
p:1:50:0:concrete5
dv:coordenadas
dv:auto
dv:portal
dv:runa_dorada
ss2:1:50:0:50:147cancion.ogg:-8
z:1:50:0:50:Primera cámara. Al entrar en el lugar, tu mirada es atraída rápidamente por cientos de luces blancas. En las paredes, hay símbolos extraños grabados, y el suelo es de un concreto brillante. En el fondo de la sala, hay un gran trono de una piedra misteriosa y en su parte posterior ves una columna inmensa de color púrpura, que asciende hacia el techo. Tu piel parece crepitar ante la energía que emana la criatura sentada en el trono, y crees distinguir algunas chispas saliendo de ti, confirmando el gran poder que se encuentra en esta cámara.
w2:36:50:0:19:wallstone
sc:35:35:0:20:concrete4
z:35:35:0:50:Escalera de peldaños brillantes que conducen hacia el trono de la poderosa criatura.
p:36:50:20:marble
z:36:50:0:50:Trono de Morceithes, primer grande de los cuatro. El trono es grande, y por momentos te parece ver y sentir que palpita de poder. La piedra que lo conforma reluce por el Sa, y la magnífica y terrible criatura que se encuentra de pie en él y que ya te vio, tiene su piel escamosa como la de los dragones. Dos alas, que parecen estar partidas hasta cierto punto, relucen suavemente, y tiene un brillo de maldad en sus ojos inhumanos. Su cola se agita furiosamente, mientras suelta pequeños relámpagos anaranjados y camina hacia ti, con la intención de finalizar con tu vida.
z:38:40:20:50:Columna de luz púrpura. Esta parece atravesar el techo de la cámara, mientras brilla por el Sa.
z:1:1:0:25:Puedes abandonar la cámara presionando enter aquí.
tp:1:1:0:0:50:0:explanada_sednarg:Te alejas temblando de la primera cámara.
w2:38:40:40:50:camerawall
sc:39:39:41:43:menu3
z:39:39:43:43:Energía elemental. La magia es mi protección contra la oscuridad.
z:39:39:42:42:Munición para mis armas. Ellas me protegen de los peligros y la oscuridad de este mundo.
z:39:39:41:41:¡No quiero nada, déjame en paz, voz extraña!
dr:39:41:39:20:200:none:none:door15close.ogg:asale.ogg
ss:0:51:0:51:ambiente3.ogg
where:en la primera cámara
dv:baculo
dv:portal_de_luz
dv:llave_de_la_casa
dv:llave_de_la_cabaña
dv:llave_de_la_mansión
npc:44:20:650000000:300000000:4:0:400000:50:3300:290:9000:sa_de_morzeithes.1,sa.50,mgerems.235000000,elementales.55000000:grande1ataca:grande1:grande1muere:Grande Morzeithes:¡*nick* ;acabó con el grande Morzeithes!;:1000000:0:0:default:36:50:default:0.2
pm2:38:40:20:20:39:43:primera_cámara:aentra:sa_puro:150:La columna brilla.:d:0:La columna brilla intensamente, y una voz en tu cabeza te susurra. ¿Qué deseas?
dv:joya_dorada
dv:polvo_de_energía
dv:gema_dorada_de_Reino_Elemental
