map:páramo_árido
maxx:501
maxy:50
p:0:501:0:rocks
w:0:0:50:wallnone
w:501:0:50:wallnone
z:1:500:0:500:-
dv:camera
dv:coordenadas
p:1:15:0:concrete4
where:en un páramo árido
ss2:1:500:0:500:156cancion.ogg:-4
z:1:15:0:50:Calzada de concreto que conduce a la ciudad Shíraba.
z:1:1:0:25:Puedes adentrarte a la ciudad presionando enter aquí.
tp:1:1:0:0:100:0:calle_dorack:Te acercas a la ciudad.
z:16:500:0:50:Páramo árido. El paisaje que te rodea se puede describir, básicamente, como solo rocas, piedras y arena. Hace calor aquí, y no puedes ver ninguna fuente de agua cerca. El lugar es barrido por un viento constante, que, en vez de aliviarte, empeora tu condición, puesto que es cálido y demasiado leve.
ss:1:500:0:50:ambiente3.ogg
p:100:150:0:rocks3
p:160:180:0:stone
p:171:200:0:rocks2
p:250:300:0:deepsand
p:320:360:0:stone
p:370:400:0:rocks3
p:401:450:0:rocks4
p:480:500:0:sand
z:500:500:0:25:Puedes ver mucha arena a lo lejos. Sabes que si continúas, te espera un caluroso desierto.
dlg:150:0:Antes, esto era un gran bosque.:door17open.ogg
dlg:150:0:Ahora, solo quedó esto tras la guerra de hace siglos.:door17open.ogg
ss:150:150:0:0:person.ogg
z:280:280:0:20:Persona.
z:150:150:0:25:Persona.
dlg:280:0:Este páramo conecta con el desierto Lanh, desierto que conduce hacia San Ángel, una ciudad antigua.:door17open.ogg
ss:280:280:0:0:person.ogg
z:400:400:0:25:Persona.
dlg:400:0:Shíraba es bastante pequeña, pero sigue siendo una ciudad.:door17open.ogg
ss:400:400:0:0:person.ogg
tp:500:500:0:0:1:0:desierto_lanh:Continúas hacia el caluroso desierto Lanh.
teto:none
