map:refugio
maxx:116
maxy:100
p:0:130:0:concrete10
w:0:0:15:wallgeneric
w:130:0:15:wallgeneric
z:1:130:0:100:.
teto:none
dv:camera
dv:coordenadas
safez:1:130:0:100
z:1:1:0:50:puerta de salida.
w:0:0:100:camerawall
ss:0:130:2:100:cassino.ogg
z:2:130:0:100:refugio.
w:16:0:50:wallbank
z:15:15:0:50:entrada a la zona de descanso.
dr:15:0:17:0:1:none:none:door10open.ogg:door10close.ogg
z:17:17:0:50:puerta de salida.
dr:17:0:15:0:1:none:none:door10open.ogg:door10close.ogg
z:18:50:0:50:sala principal. aquí es donde las personas que están en este lugar se sientan a descansar y platicar un poco para olvidarse de los problemas del exterior.
z:22:23:0:10:sofá.
p:22:23:0:carpet6
z:26:27:0:10:sofá.
p:26:27:0:carpet6
z:30:31:0:10:sofá.
p:30:31:0:carpet6
z:36:37:0:10:una pequeña televisión.
z:40:41:0:10:sofá.
p:40:41:0:carpet6
z:44:45:0:10:sofá.
p:44:45:0:carpet6
z:47:48:0:10:sofá.
p:47:48:0:carpet6
w:50:0:50:walldoor2
z:49:49:0:50:puerta que da al pasillo de las habitaciones y a la pequeña cocina.
dr:49:0:51:0:1:none:none:door12open.ogg:door12close.ogg
z:51:51:0:50:puerta de regreso a la sala.
dr:51:0:49:0:1:none:none:door12open.ogg:door12close.ogg
p:51:60:0:marble
z:52:60:0:50:pasillo.
w:61:0:50:walldoor
sc:55:56:0:30:concreto17
z:55:56:30:40:puerta de acceso a las habitaciones.
ptm:55:56:30:40:55:30:refugio:parece que la puerta está con llave.:door14open
z:60:60:0:20:puerta de acceso a la cocina.
z:55:56:0:29:escalera a las habitaciones.
dr:60:0:62:0:1:none:none:door1open..ogg:door1close..ogg
z:62:62:0:50:puerta de retorno al pasillo y a la sala.
dr:62:0:60:0:1:none:none:door1open..ogg:door1close..ogg
z:63:100:0:50:cocina.
p:62:100:0:concrete14
w:100:0:100:wallgineric
z:99:99:0:50:puerta al pasillo de los baños.
dr:99:0:101:0:1:none:none:door1open..ogg:door1close..ogg
z:101:101:0:50:puerta de regreso a la cocina.
dr:101:0:99:0:1:none:none:door1open..ogg:door1close..ogg
p:101:115:0:concrete5
w:116:0:100:camerawall
z:70:70:0:40:silla.
z:71:75:0:50:mesa.
z:76:76:0:50:silla.
p:70:70:0:chair
p:76:76:0:chair
p:71:75:0:deck
z:105:105:0:50:puerta del baño para damas.
z:110:110:0:50:puerta del baño para caballeros.
ptm:110:110:0:50:110:0:refugio:esa puerta está cerrada con llave.:door13open
ptm:105:105:0:50:105:0:refugio:esa puerta está cerrada con llave.:door13open
z:102:104:0:50:pasillo de los baños.
z:106:109:0:50:pasillo de los baños.
z:111:115:0:50:pasillo de los baños.
z:85:85:0:10:lavatrastes.
z:89:90:0:10:refrigerador.
z:96:96:0:10:estufa.
ptm:1:1:0:100:242:200:ciudad_lesnói:sales del refugio, un poco aliviado porque no te hayan hecho daño.:door10close
w:54:3:30:camerawall
w:57:3:30:camerawall
z:96:96:0:20:estufa.
where:en un refugio
