map:reino_celestial
maxx:1001
maxy:10001
p:0:1001:0:matos
w:0:0:10001:wallnone
w:1001:0:10001:wallnone
z:1:1000:0:10000:-
dv:auto
dv:coordenadas
where:en el reino celestial
teto:none
ss:1:1000:0:10000:ma177.ogg
ss:1:1000:0:10000:wind7.ogg
ss2:1:1000:0:10000:323cancion.ogg:-3
ss:1:1000:0:10000:wind5.ogg
z:1:1000:0:10000:En el reino celestial. Una energía etérea está por el lugar, resonando y pasando por todo este extenso y bello campo. Tres grandes montañas, en las cuales hay tres sendas y magníficas edificaciones dominan el paisaje. Un inmenso palacio resplandeciente flota en el medio de las tres, irradiando fuerza.
z:1:1:0:25:Para abandonar este lugar, presiona enter.
tp:1:1:0:0:1:500:montaña:Te alejas del reino celestial.
sc:200:220:0:100:rocks
sc:208:212:104:200:rocks
sc:222:232:200:300:rocks
sc:242:252:300:400:rocks
sc:262:272:400:500:rocks
sc:282:292:500:600:rocks
sc:302:312:600:700:rocks
sc:323:333:700:800:rocks2
sc:344:354:800:900:rocks2
sc:365:375:900:1000:rocks1
sc:370:372:1000:1500:stone
z:1:1000:100:10000:Por encima del reino. El viento te azota con fuerza y la energía celestial te rodea.
z:370:372:1500:1550:Una puerta de luz pura está aquí, invitándote a continuar hacia el interior de esta gran edificación.
z:200:220:0:99:Ascenso de la montaña Triptrus, que conduce a la gran torre Oruakeyi.
sc:600:600:0:100:deepsand
p:620:630:100:deepsand
sc:602:602:103:110:sand
sc:631:631:50:85:sand
p:632:660:61:sand2
sc:668:668:60:90:sand
p:669:670:93:escombros
sc:670:670:97:200:shortgrass
p:678:678:201:large_rock
p:686:686:203:large_rock
p:692:692:206:large_rock
p:698:698:210:grass5
sc:700:700:215:400:rocks
sc:711:711:400:500:rocks
sc:720:720:500:700:rocks
sc:730:730:700:800:sand
sc:718:718:798:900:rocks3
sc:710:710:900:1000:rocks2
sc:730:730:898:1000:rocks4
p:710:730:1000:rocks
sc:719:721:1000:1500:stone
z:719:721:1500:1550:Una puerta de luz pura está aquí, invitándote a continuar hacia el interior de esta gran edificación.
z:600:600:0:99:Ascenso de la montaña Pradohona, que conduce a la gran torre Aqazy.
sc:900:905:0:100:gravel
z:900:905:0:99:Ascenso de la montaña Yaptrysteizian, que conduce a la gran torre Ayaptraelazan.
sc:906:910:100:200:gravel2
sc:911:915:200:300:gravel
sc:916:920:300:400:gravel2
sc:921:925:400:500:gravel
sc:926:930:500:600:gravel2
p:915:917:600:gravel4
sc:900:905:600:700:gravel
p:888:889:700:gravel4
sc:880:885:700:800:gravel2
p:860:870:800:gravel4
sc:850:855:804:900:gravel
sc:860:865:904:1000:gravel4
p:866:900:1000:gravel3
sc:882:884:1000:1500:stone
z:872:874:1500:1550:Una puerta de luz pura está aquí, invitándote a continuar hacia el interior de esta gran edificación.
z:996:1000:0:50:Un portal de energía celestial aquí te conduce hacia un camino. para continuar, presiona enter.
tp:996:1000:0:0:1:11:camino_celestial:Te adentras en el suinoso camino.
z:390:410:0:25:Un portal de energía celestial te conduce aquí hacia el gran purgatorio, donde la verdad reluce. Para entrar, presiona enter.
z:790:810:0:25:Un portal de energía celestial aquí te conduce hacia la senda del conocimiento, donde el saber es el poder. Para continuar, presiona enter.
z:50:50:0:25:Persona.
dlg:50:0:Este lugar es magnífico.:door17open.ogg
ss:50:50:0:0:person.ogg
z:100:100:0:25:Persona.
dlg:100:0:Nosotros, los vencedores permanecemos aquí en este paraíso sin tiempo ni preocupaciones.:door17open.ogg
dlg:100:0:Digo, eso creo... porque yo tengo miedo, y creo que no debería tenerlo.:door17open.ogg
ss:100:100:0:0:person.ogg
z:150:150:0:25:Persona.
dlg:150:0:Ninguno de nosotros, los vencedores podemos entrar a ninguna torre, ni a la senda...:door17open.ogg
dlg:150:0:Solo podemos estar aquí.:door17open.ogg
ss:150:150:0:0:person.ogg
z:250:250:0:25:Persona.
dlg:250:0:Las torres del cielo son como nuestras guardianas.:door17open.ogg
ss:250:250:0:0:person.ogg
z:300:300:0:25:Persona.
dlg:300:0:Una vez escalé la segunda montaña.:door17open.ogg
dlg:300:0:Llegué hasta el final, y... bueno, algo me empujó al intentar entrar.:door17open.ogg
dlg:300:0:Caí de lo alto, y pude sentir dolor al impactar con el suelo.:door17open.ogg
dlg:300:0:Permanecí con los huesos quebrados por no sé cuanto tiempo, mientras se curaban, poco a poco.:door17open.ogg
dlg:300:0:Sufriendo, y  llorando.:door17open.ogg
dlg:300:0:Aquella fuerza me había hecho invisible para los demás en aquel dolor, por lo que no me vieron en aquel estado, y no me creyeron cuando volví a ser visible para los otros.:door17open.ogg
ss:300:300:0:0:person.ogg
z:350:350:0:25:Persona.
dlg:350:0:¡Vivo aquí feliz, apesar de ser asesinada cruelmente por mi hija!:door17open.ogg
dlg:350:0:Me degolló con un hueso de ave del sur muy afilado.:door17open.ogg
ss:350:350:0:0:person.ogg
z:450:450:0:25:Persona.
dlg:450:0:El tiempo aquí no existe, yo no recuerdo cuando entré aquí.:door17open.ogg
ss:450:450:0:0:person.ogg
z:500:500:0:26:Persona.
dlg:500:0:Los que reinan este lugar son los arcángeles junto a los ángeles y serafines.:door17open.ogg
ss:500:500:0:0:person.ogg
z:550:550:0:25:Persona.
dlg:550:0:Este sitio puede adoctar la forma que desees.:door17open.ogg
dlg:550:0:Por supuesto, no desaparecen sus edificaciones, solo son... alejadas de tu entorno, como una visión.:door17open.ogg
ss:550:550:0:0:person.ogg
z:650:650:0:25:Persona.
dlg:650:0:¿Cuántas personas estamos aquí? Siempre me he preguntado eso...:door17open.ogg
ss:650:650:0:0:person.ogg
z:700:700:0:25:Persona.
dlg:700:0:Yo creo que existe la rencarnación.:door17open.ogg
dlg:700:0:Sí, es que... hay veces este lugar cambia y somos transportados a un lugar donde solo hay vacío y oscuridad y después... un portal de luz aparece y arrastra a algunas personas, y desaparecen.:door17open.ogg
ss:700:700:0:0:person.ogg
z:750:750:0:25:Persona.
dlg:750:0:Intentaré correr rápido hacia el portal cuando volvamos a ser transportados allí.:door17open.ogg
dlg:750:0:Ya sabes, el portal de la segunda vida.:door17open.ogg
ss:750:750:0:0:person.ogg
z:850:850:0:25:Persona.
dlg:850:0:Siempre he tenido una gran curiosidad.:door17open.ogg
dlg:850:0:Si este lugar es un reino de nuestro mundo o dimensión, técnicamente... ¿No debería de existir en alguna parte su acceso?:door17open.ogg
dlg:850:0:A lo mejor este lugar es tan poderoso que cuando nuestro corazón deja de estar latiendo, nos... subciona.:door17open.ogg
ss:850:850:0:0:person.ogg
z:950:950:0:25:Persona.
dlg:950:0:Qué miedo me da acercarme a aquel camino.:door17open.ogg
dlg:950:0:Pero yo no debería de sentir esto, aquí no existe nada de emociones.:door17open.ogg
ss:950:950:0:0:person.ogg
dv:baculo
ptm:370:372:1500:1500:1:0:tor1:Te adentras en la gran torre de la paz.:magia115
ptm:719:721:1500:1500:1:0:tor2:Te adentras en la gran torre de la esperanza... ahora destruida.:magia115
