map:santuario_del_aire
maxx:81
maxy:81
p:0:81:0:alcantarillado1
w:0:0:81:wallnone
w:81:0:81:wallnone
teto:none
dv:camera
dv:coordenadas
dv:auto
z:1:80:0:80:-
p:1:80:0:none
ss:1:80:0:80:wind7.ogg
ss:1:80:0:80:ambiente6.ogg
ss:1:80:0:80:eerie2.ogg
where:en el santuario del elemento del aire
ss2:1:80:0:80:227cancion.ogg:-13
z:1:80:0:80:En el santuario del elemento del aire. El suelo ha desaparecido para dejar paso a un viento muy fuerte que te hace flotar. Una gran criatura levita en medio de este lugar amplio, totalmente cubierto por el aire frío y tormentoso. Un ventarrón muy potente y ruidoso desciende desde arriba, mientras un viento etéreo esparce la humedad hacia abajo, haciéndote temblar y jadear de frío. La gran criatura, nada más que una esfera de aire luminosa, gira furiosa, azotando todo el lugar con su inmenso poder.
z:1:1:0:25:Portal grandioso que te saca de este santuario. Para continuar, presiona enter.
ptm:1:1:0:0:50:30:rezmeey:Cruzas el grandioso portal, y vuelves al área de los santuarios.:ma115
npc:40:0:30000000000:20000000000:4:0:8000000:0:3400:300:9000:mgerems.11000000000,elementales.1000000000,gema_del_aire.1,gema_del_rayo.1:aire19,aire5,aire6,ma31,aire13,aire16:bot57:aire7:El gran elemento del aire:¡*nick* ;ha derrotado el gran elemento del aire!;:4000000:0:0:default:1:80:default:0.1
dv:runa_dorada
dv:portal
dv:baculo
dv:joya_dorada
dv:gema_dorada_de_Reino_Elemental
