map:tercera_cámara
maxx:51
maxy:50
p:0:51:0:concrete5
wall:0:0:15:wallgeneric
wall:51:0:15:wallgeneric
teto:none
dv:camera
dv:coordenadas
dv:portal
dv:auto
dv:runa_dorada
w:0:0:50:camerawall
z:1:50:0:50:-
ss:0:51:0:50:ambiente3.ogg
z:1:50:0:50:Tercera cámara. Tus piernas tiemblan ligeramente al entrar en otra de las cámaras. Un viento frío golpea tu rostro y cuerpo, y un olor pútrido y repugnante llega hasta tus fosas nasales. La estancia está cubierta de sangre, y hay cabezas humanas clavadas en las paredes. El aire de aquí parece ser húmedo y el oxígeno entra pesadamente a tus pulmones. Con escalofríos recorriendo tu cuerpo, te empiezas a acercar al trono, que, como al parecer casi todo el lugar, está manchado de sangre. En la parte posterior del trono hay una columna de luz púrpura, la cual es la única que no está bañada de aquel líquido rojizo que está impregnado a tu alrededor.
w2:36:50:0:19:wallstone
sc:35:35:0:20:concrete4
p:36:50:20:marble
z:35:35:0:50:Escalera hacia el trono. Está totalmente cubierta de sangre.
z:36:50:0:50:Trono de Jafra, tercera grande de los cuatro. Tu boca se abre de la impresión al ver este trono. Más de diez cuerpos humanos rodean a la criatura que está echada encima de ellos. Los cadáveres tienen mordeduras, y son casi irreconocibles. Algunos tienen agujeros en sus estómagos, y otros en sus cráneos. La criatura, parecida a un león gigante, al verte se pone de pie rápidamente, y gruñe. No parece tener cola, y sus garras son gruesas y terribles. Ella es totalmente negra, y su hocico está manchado de sangre. Sostiene algo en sus fauces. Mientras se acerca, te percatas de que es la pierna de algún desdichado. Ella ruge fuertemente y salta hacia ti, con su larga melena ondeando en el aire.
w2:38:40:40:50:camerawall
pm2:38:40:20:20:39:43:tercera_cámara:aentra:sa_puro:380:La columna brilla.:d:0:La columna brilla intensamente, y una voz en tu cabeza te susurra. ¿Qué deseas?
sc:39:39:41:43:menu3
dr:39:41:39:20:200:none:none:door15close.ogg:asale.ogg
z:38:40:20:40:Columna de luz púrpura. Esta parece brillar con mucha más fuerza que las anteriores por el sa.
z:39:39:43:43:Experiencia. Me gustaría ascender en mi aprendizaje sobre la magia, y tener más salud para luchar contra el mal.
z:39:39:41:41:¡Lárgate de mi cabeza, voz insoportable!
z:1:1:0:25:Para salir de la cámara, presiona enter.
tp:1:1:0:0:150:100:explanada_sednarg:Te alejas tambaleante de la tercera cámara.
z:39:39:42:42:Dinero. Me gustaría tener más dinero para comprar armas y demás elementos para luchar contra las sombras.
where:en la tercera cámara
dv:baculo
p:43:46:20:corpse
npc:44:20:1300000000:700000000:4:0:850000:50:3500:290:7000:sa_de_jafra.1,sa.100,mgerems.592000000,elementales.152000000:grande3ataca:grande3_1:grande3muere,grande3muere-1:grande Jafra:¡*nick* ;acabó con la grande Jafra!;:1000000:0:0:default:36:50:default:0.2
ss2:0:51:0:50:358cancion.ogg:-9
dv:joya_dorada
dv:polvo_de_energía
dv:gema_dorada_de_Reino_Elemental
