map:terreno_ascendente
maxx:101
maxy:10000
p:0:101:0:areia
w:0:0:15:wallgeneric
w:101:0:15:wallgeneric
z:1:100:0:1000:-
w:0:0:55:camerawall
w:101:0:55:camerawall
dv:camera
dv:coordenadas
dv:auto
z:1:1:0:50:Para volver al río, presiona enter.
tp:1:1:0:0:2999:0:río_carza_norte:Vuelves al río.
ss:1:100:0:1000:a17.ogg
p:1:10:0:terra
w2:11:100:0:19:camerawall
z:2:100:0:1000:Terreno ascendente. Este lugar está conformado por colinas de tierra, básicamente. Algunos pequeños árboles intentan crecer aquí, y las aves cruzan el cielo con su rápido vuelo. Te preguntas a dónde llevará este terreno tan vacío...
sc:10:10:0:20:terra
p:11:20:20:terra
w2:21:100:20:59:camerawall
sc:20:20:20:60:terra
p:21:30:60:terra
w2:31:100:60:129:camerawall
sc:29:29:60:130:terra
sc:30:30:60:130:terra
p:30:40:130:terra
w2:41:100:130:199:camerawall
sc:40:40:130:200:terra
p:41:50:200:terra
w2:51:100:200:249:camerawall
sc:50:50:200:250:terra
p:51:60:250:terra
w2:61:100:0:300:camerawall
sc:60:60:250:301:terra
p:61:70:301:terra
w2:71:100:0:400:camerawall
sc:70:70:301:401:terra
p:71:80:401:terra
w2:81:100:0:549:camerawall
sc:80:80:401:550:terra
p:81:90:550:terra
w2:91:100:0:800:camerawall
sc:90:90:550:800:terra
p:91:100:800:terra
z:100:100:800:850:Para continuar a las grandes cavernas de Naath, presiona enter.
tp:100:100:800:800:1:500:cavernas_de_naath:Entras a un terreno elevado con agujeros grandes y oscuros.
ss2:1:100:0:1000:11cancion.ogg:-10
teto:none
where:en un terreno ascendente
