map:ciudad_tornair
maxx:501
maxy:501
p:0:501:0:concrete4
w:0:0:501:wallnone
w:501:0:501:wallnone
z:1:500:0:500:-
dv:camera
dv:coordenadas
teto:none
p:1:50:0:gravel
z:1:50:0:50:camino de grava que conduce hacia la entrada de la ciudad. un viento muy fresco barre todo este camino, tranquilizándote. la grava parece despedir una tenue luminosidad por algunos segundos.
ss:1:50:0:200:wind1.ogg
ss2:1:500:0:500:115cancion.ogg:-12
z:20:20:0:25:persona.
dlg:20:0:¡bienvenid*g* a ciudad Tornair!:door17open.ogg
dlg:20:0:¡espero que te guste esta encantadora ciudad!:door17open.ogg
ss:20:20:0:0:person.ogg
w:51:0:50:wallfence1
z:50:50:0:50:portones de entrada a la ciudad.
dr:50:0:52:0:200:none:none:door39open.ogg:door39close.ogg
z:52:52:0:50:portón de salida al camino.
dr:52:0:50:0:200:none:none:door39open.ogg:door39close.ogg
z:53:500:0:500:dentro de la ciudad Tornair. toda la ciudad en sí es muy tranquila. sus carreteras están fabricadas del mismo concreto, y la mayoría de las zonas donde hay un local en la carretera hay tres rallas doradas con un círculo en su parte superior. no hay muchas personas, pero sí ves varios lugares a los que puedes ir. un mercado que parece estar muy lleno, una gasolinería, un edificio que parece ser una agencia, un hermoso templo, y otros edificios con casas. mucho más allá observas un ascenso que parece llevar hacia un gran bosque ventoso.
z:80:80:0:25:persona.
dlg:80:0:¡en el mercado venden cosas deliciosas!:door17open.ogg
ss:80:80:0:0:person.ogg
tp:100:110:0:0:1:0:mercado_airmart:Te adentras en el mercado.
z:100:110:0:50:para continuar hacia el mercado, presiona enter.
sc:150:170:0:30:marble
z:132:132:0:25:persona.
dlg:132:0:¡nuestra diosa es una diosa luchadora, hermosa y valiente!:door17open.ogg
ss:132:132:0:0:person.ogg
dlg:132:0:¡mira su estatua y lo comprobarás por ti mism*g*!:door17open.ogg
z:135:175:0:50:Cerca de la hermosa e imponente estatua de la diosa Caelyem, diosa del aire.
z:150:170:0:50:ante la gran estatua de la diosa caelyem. su apariencia es de una hermosa mujer joven, con cabello largo blanco, un vestido blanco con cinturón dorado y unos ojos grandes y completamente grises. ves que tiene un arco en una mano y en su espalda trae colgado un carcaj donde se guardan decenas de flechas doradas.
sc:159:161:18:20:diamond
z:159:161:18:20:hay un gran diamante aquí. Este brilla majestuoso. Algo te dice que lo toques, que lo acaricies...
z:190:190:0:25:persona.
dlg:190:0:antaño sucedió algo horrible en este continente.:door17open.ogg
dlg:190:0:según las historias, el velo entre los vivos y los muertos se rompió, y llegaron los príncipes infernales a causar caos.:door17open.ogg
dlg:190:0:se estremece.:door17open.ogg
ss:190:190:0:0:person.ogg
z:240:240:0:25:persona.
dlg:240:0:esto sí que está genial! con la agencia y la gasolinería, ahora puedo romper el asfalto sin límites!:door17open.ogg
z:250:260:0:25:entrada a la gasolinería de la ciudad.
tp:250:260:0:0:1:0:gasolinería_airfuel:te adentras en la gasolinería de la ciudad.
z:280:280:0:25:persona.
dlg:280:0:es increíble que la única estación de gasolina quede aquí.:door17open.ogg
dlg:280:0:impresionante, si señor.:door17open.ogg
ss:280:280:0:0:person.ogg
z:310:310:0:25:persona.
dlg:310:0:aquel edificio de allí es la agencia donde puedes comprar un vehículo.:door17open.ogg
ss:310:310:0:0:person.ogg
z:330:340:0:25:para continuar hacia la agencia de vehículos de la ciudad, presiona enter.
tp:330:340:0:0:1:0:agencia_automovilística_de_tornair:te adentras en el lugar.
z:360:360:0:25:persona.
dlg:360:0:360 pasos hacia la derecha, 360 arriba.:door17open.ogg
ss:360:360:0:0:person.ogg
sc:400:410:0:15:marble
z:400:410:0:30:escalera de mármol que conduce a las grandes puertas de entrada al templo de la ciudad.
z:400:410:15:35:grandes puertas que conducen hacia el templo.
z:440:440:0:25:persona.
dlg:440:0:¡esta ciudad es muy aburrida, te lo juro!:door17open.ogg
dlg:440:0:¡aaaaa!:door17open.ogg
ss:440:440:0:0:person.ogg
sc:460:470:0:50:dirt3
w2:471:500:0:49:walldirt
z:460:470:0:80:ascenso de tierra que sube hacia el pequeño sendero que conduce hacia el ventoso bosque.
ss:52:500:0:100:birds15.ogg
ss:471:500:50:100:wind4.ogg
p:471:500:50:grass
z:471:500:0:100:sendero de hierba que conduce hacia el bosque. el viento te golpea con más fuerza aquí.
z:500:500:50:100:gran entrada al bosque. sientes corrientes de aire que remolinean las plantas que están por este camino.
tp:500:500:50:50:1:0:bosque_del_aire:te adentras en este ventoso bosque.
tp:400:410:15:15:1:0:templo:entras al templo.
z:422:422:0:25:persona.
pm2:422:422:0:0:422:0:ciudad_tornair:quest:cuerpo_de_aerthei:250:oye. ¡si me traes 250 cuerpos de aquellas criaturas del bosque del aire, te daré algo realmente genial!:letra_z:1:¡toma esto, y gracias!
ss:422:422:0:0:person.ogg
z:1:1:0:25:para salir de la ciudad y volver a un solitario camino, presiona enter.
tp:1:1:0:0:300:0:camino_gonduam:Te alejas de la ciudad Tornair.
ss:240:240:0:20:person.ogg
where:en la ciudad Tornair
pm2:150:170:18:20:160:19:ciudad_tornair:quest:esencia_del_aire:1:El diamante brilla.:esencia_elemental_gris:1:El diamante brilla, y un objeto desaparece de tu inventario, al mismo tiempo que otro se materializa en tu mano.
