map:ciudad__de_arduam

maxx:501

maxy:1001

p:0:501:0:areia

w:0:0:1001:wall

w:501:0:1001:wall

z:1:500:0:1000:-

dv:coordenadas

dv:camera

p:1:50:100:concrete14

teto:none

ss:1:300:100:150:birds14.ogg

z:1:1:100:150:Puedes volver a la parte rural de Arduam presionando enter aquí.

tp:1:1:100:100:500:100:ciudad_de_arduam:El concreto que pisabas se transforma en tierra al continuar hacia esta parte de la isla de Arduam.

z:2:50:100:150:Calle Crayza. Hay un viejo edificio en esta pequeña calle. Un cartel en la puerta del edificio dice. Todo el conocimiento de Arduam se encuentra aquí.

z:15:15:100:120:Persona.

dlg:15:100:3+5.:door17open.ogg

dlg:15:100:8+3.:door17open.ogg

dlg:15:100:11+8.:door17open.ogg

dlg:15:100:19+11.:door17open.ogg

dlg:15:100:30+19.:door17open.ogg

dlg:15:100:¿Es igual a?:door17open.ogg

ss:15:15:100:100:person.ogg

z:30:30:100:120:Persona.

dlg:30:100:Hay una isla al noreste desde aquí, donde habita un monstruo muy peligroso.:door17open.ogg

ss:30:30:100:100:person.ogg

z:35:45:100:120:Entrada a la biblioteca de Arduam.

p:51:100:100:concrete16

z:51:100:100:150:Calle Gresayman. Una gran iglesia se encuentra aquí. Sus puertas son muy blancas, al igual que su fachada. Ella está en una parte elevada de la calle. Un letrero grande de color blanco dice. Lugar de paz.

z:65:65:100:120:Persona.

dlg:65:100:Aunque existen templos e iglesias, cada uno de estos lugares tiene sus diferencias.:door17open.ogg

dlg:65:100:En las iglesias se alaban a los dioses o a un dios en específico. Se enseña sobre ellos, sobre su magnitud y sobre su sabiduría, y en los templos se hacen ofrendas, se cuidan sus divinas estatuas y se resguardan objetos poderosos.:door17open.ogg

dlg:65:100:Hay muchos templos, cada uno dedicado a una divinidad.:door17open.ogg

dlg:65:100:Lo mismo pasa con las iglesias.:door17open.ogg

ss:65:65:100:100:person.ogg

sc:70:80:100:120:concrete15

sc:81:90:120:120:concrete23

sc:91:100:100:120:concrete15

w:69:101:150:wallstone1

w:81:101:119:wallstone1

w:90:101:119:wallstone1

w:101:101:150:wallstone1

z:70:80:100:150:Escaleras que ascienden hasta la elevación donde se encuentran las puertas de la iglesia.

z:91:100:100:150:Escaleras que ascienden hasta la elevación donde se encuentran las puertas de la iglesia.

z:81:90:100:119:Bajo la plataforma que se eleva, dando paso a la iglesia.

z:85:85:100:119:Persona.

dlg:85:100:Estar aquí, es como sentir todo el poder de los cuatro...:door17open.ogg

ss:85:85:100:100:person.ogg

z:81:90:120:150:Puertas de entrada a la iglesia de los cuatro.

tp:81:90:120:120:1:0:iglesia:Te alejas de la ciudad, y te adentras en un lugar completamente diferente.

p:101:150:100:concrete7

z:101:150:100:120:Calle Cratma. Un edificio grande y alto se encuentra en esta parte de la ciudad. Una gran pantalla indica. ¡Jeidin, la única empresa que te lleva a cualquier lugar!

z:120:120:100:120:Persona.

dlg:120:100:Es muy cómodo viajar en las naves de la empresa jeidin.:door17open.ogg

dlg:120:100:Te lo aseguro.:door17open.ogg

dlg:120:100:Además, en el jeidin puedes viajar a ciudades a las cuales el portal de luz no te podría llevar.:door17open.ogg

ss:120:120:100:100:person.ogg

z:130:150:100:120:Entrada al gran edificio del jeidin.

p:151:200:100:concreto18

z:151:200:100:150:Cerca del gran puente de la ciudad.

p:161:190:100:bridge1

z:161:190:100:120:El gran puente de la ciudad. Algunas personas están recostadas en las barandillas de este alto puente. Más abajo, un gran río de aguas claras se extiende de una manera que puedes describir como hermosa.

ss:160:190:85:85:waterflow7.ogg

z:155:155:100:120:Persona.

dlg:155:100:Sufro todos los días al pasar este puente.:door17open.ogg

dlg:155:100:Yo...Le temo mucho a las alturas.:door17open.ogg

ss:155:155:100:100:person.ogg

z:170:170:100:120:Persona.

dlg:170:100:Este continente desde los inicios de los tiempos ha sido pacífico.:door17open.ogg

dlg:170:100:No han habido guerras desastrosas y sangrientas, rebeliones, no se han visto masacres...:door17open.ogg

dlg:170:100:Eso me parece muy interesante.:door17open.ogg

ss:170:170:100:100:person.ogg

z:180:180:100:120:Persona.

dlg:180:100:Tengo un hermano, Pely, que le gusta venir a llorar aquí.:door17open.ogg

dlg:180:100:Yo no lo entiendo.:door17open.ogg

dlg:180:100:Es un chillón por naturaleza, supongo.:door17open.ogg

ss:180:180:100:100:person.ogg

z:196:196:100:120:Persona.

dlg:196:100:Las tierras del sur, más allá del océano congelado son muy peligrosas y misteriosas.:door17open.ogg

dlg:196:100:Escuché que en ese lugar habitan grandes monstruos de 6 cabezas y ancianas locas que cocinan a los niños vivos.:door17open.ogg

ss:196:196:100:100:person.ogg

dlg:196:100:Yo definitivamente no iría nunca a ese lugar.:door17open.ogg

p:201:250:100:concrete8

z:201:250:100:120:Calle Ramanzag. En esta calle, observas un inmenso edificio. Hay una pantalla donde está la imagen de un océano, y una oración en el centro de ella reza. Viajes acuáticos AQL, ¡aventúrese en el aterrador y misterioso océano!

z:220:220:100:120:Persona.

dlg:220:100:Hay cuatro monedas principales en este mundo.:door17open.ogg

dlg:220:100:Los Mgerems, los elementales, los creditos y los celestiums.:door17open.ogg

dlg:220:100:Con los Mgerems y los elementales puedes comprar en las tiendas normales, pero con los Celestiums y los creditos en las tiendas grandes, en el Reino divino.:door17open.ogg

dlg:220:100:En las tiendas mayores puedes obtener objetos más avanzados y con más poder.:door17open.ogg

dlg:220:100:Te diría más cosas, pero me cansé de hablar.:door17open.ogg

ss:220:220:100:100:person.ogg

//z:230:240:100:120:Entrada del edificio.

p:251:300:100:concrete2

z:249:249:100:120:Persona.

dlg:249:100:Mañana viajaré a las islas Laid-Mard.:door17open.ogg

dlg:249:100:Finalmente mi sueño se cumplirá.:door17open.ogg

ss:249:249:100:100:person.ogg

z:251:300:100:120:Calle Gremoru. En esta hay algunas casas y una gran tapa metálica en el suelo. Supones que es del alcantarillado de la ciudad.

p:270:280:100:metal4

z:270:280:100:120:Tapa del alcantarillado de la ciudad.

z:260:260:100:120:Puerta de una casa.

dr:260:100:260:200:200:none:none:door12open.ogg:door12close.ogg

p:260:270:200:carpet2

w:259:200:220:wallwoodcrate

w:271:200:220:wallwoodcrate

z:260:270:200:220:Dentro de la casa.

z:260:260:200:220:Puerta de salida.

dr:260:200:260:100:200:none:none:door12open.ogg:door12close.ogg

z:267:267:200:220:Persona.

pm2:267:267:200:200:267:200:ciudad__de_arduam:quest:cuerpo_de_rata:500:Hm, Hola, chic*g*. Tienes cara de aventurer*g*. Si me traes 500 cuerpos de ratas, te diré algo de información, un lugar donde puedes ir. Un lugar donde hay muchas aventuras.:cuerpo_de_rata:0:¡Muchas gracias! 500 al oeste desde el arco del dios, y 233 metros de profundidad desde este punto.

ss:267:267:200:200:person.ogg

z:285:285:100:120:Persona.

dlg:285:100:En nuestro continente no hay ratas. Todos los días un trabajador va y las asesina si es que encuentra.:door17open.ogg

dlg:285:100:Pero en el pueblo de zaragoza hay a montones en las alcantarillas. asqueroso, ¿verdad?:door17open.ogg

ss:285:285:100:100:person.ogg

z:298:298:100:120:Persona.

dlg:298:100:La ladera de la derecha desciende al camino al cementerio. este camino también conecta con las afueras de la ciudad, que sería la parte este de la isla.:door17open.ogg

ss:298:298:100:100:person.ogg

z:301:310:80:120:Ladera.

w:300:80:99:wallbranch

w:311:81:120:wallbrick

ss:301:400:80:120:birds11.ogg

p:311:400:80:terra2

z:311:400:80:120:Camino Racy. Al recorrer este largo sendero, observas unas puertas metálicas y oxidadas a la distancia. Un letrero tambaleante dice. Cementerio de Arduam.

z:345:355:80:100:Puertas de entrada al cementerio.

tp:345:355:80:80:1:0:cementerio:Te alejas del camino, y entras en el cementerio.

sc:401:405:50:80:capim

sc:301:310:80:100:hierva2

z:401:405:50:100:Pequeña colina de hierba verde que conduce a la isla.

w:400:50:79:wallgrass

p:406:500:50:grass7

ss:401:500:50:100:birds16.ogg

z:406:500:50:100:Parte este de la isla. Una hermosa vegetación se extiende hasta la distancia. Algunos árboles están en esta zona de la isla, y observas 2 entradas a lo lejos.

sc:425:425:50:70:branch

z:425:425:50:70:Árbol.

sc:415:415:50:60:branch

z:415:415:50:60:Árbol.

z:430:430:50:70:Persona.

dlg:430:50:He escuchado que para llegar al río Baldur tienes que atravesar las alcantarillas.:door17open.ogg

dlg:430:50:Supongo que por eso mantienen ese lugar tan limpio.:door17open.ogg

ss:430:430:50:50:person.ogg

sc:445:445:50:55:branch

z:445:445:50:55:Árbol.

z:458:458:50:70:Persona.

dlg:458:50:Esta parte de la isla está llena de árboles.:door17open.ogg

dlg:458:50:Sí, sé que es un dato bastante inútil, pero es que tienes cara de inútil.:door17open.ogg

ss:458:458:50:50:person.ogg

sc:466:466:50:75:branch

z:466:466:50:75:Árbol.

sc:477:477:50:57:branch

z:477:477:50:57:Árbol.

sc:488:488:50:75:branch

z:488:488:50:75:Árbol.

ss2:1:500:0:500:21cancion.ogg:-13

z:500:500:50:70:Puedes continuar hacia el océano presionando enter aquí.

z:470:473:50:80:Entrada a un camino de arena.

tp:500:500:50:50:1:100:océano__de_arduam:Te alejas de la isla y te adentras en las frías aguas del océano.

tp:230:240:100:100:1:0:edificio_de_viajes_acuáticos_AQL:Te adentras en el lugar.

tp:130:150:100:100:1:0:jeidin:Te adentras en el gran edificio.

tp:270:280:100:100:1:20:alcantarillas_de_arduam:Abres la tapa, y saltas al interior de las alcantarillas.

tp:35:45:100:100:1:0:biblioteca:Te adentras en el lugar.

tp:470:473:50:50:1:0:camino_de_arena:Te alejas de la isla.

where:en la ciudad de Arduam

tp:35:45:100:100:1:0:biblioteca:Te adentras en el lugar.

z:230:240:100:120:Entrada al alto edificio.

p:470:473:50:sand

