map:escondite
maxx:31
maxy:50
p:0:31:0:pipe2
w:0:0:50:wallnone
w:31:0:50:wallnone
z:1:30:0:50:-
dv:camera
dv:coordenadas
where:en el escondite del rey rata
z:1:30:0:50:Dentro de un lugar muy pequeño y repugnante. Hay restos de comida y otras cosas que no sabes qué son tirados por este suelo. El lugar es relativamente pequeño, y huele tan asquerosamente mal,  que sientes cómo un líquido amargo asciende por tu garganta con fuerza, y luego explota en tu boca, para finalmente salir despedido al exterior. Tus ojos se abren de sorpresa al ver una gran rata peluda y muy gorda caminar hacia ti, con sus ojos brillando de un tono amarillo y gruñendo con sus incisivos al aire.
w:0:0:50:walldebris2
w:31:0:50:walldebris2
z:1:1:0:25:Presiona enter para salir de este repugnante lugar.
tp:1:1:0:0:500:0:alcantarillass:Te alejas del asqueroso lugar.
teto:none
ss:1:30:0:50:cave2.ogg
dv:auto
ss2:1:30:0:50:152cancion.ogg:-3
npc:5:0:200000000:90000000:3:0:40000:0:1500:800:1000:mgerems.30000000,elementales.10000000,cuerpo_del_rey_rata.1,llave_oscura.1:morcegobater:sound_rat:ratamuere:El rey rata:¡*nick* ;ha derrotado el rey rata!;:300000:0:0:default:1:30:default:0.2
