map:hf4
maxx:50
maxy:50
p:0:50:0:areia
w:0:0:15:wallgeneric
w:50:0:15:wallgeneric
dv:camera
dv:coordenadas
dv:auto
dv:portal
dv:runa_dorada
dv:inventario
dv:baculo
teto:none
w2:0:50:0:50:camerawall
z:1:50:0:50:-
ss2:1:50:0:50:136cancion.ogg:-1
z:1:1:0:0:Cuatro años después...
dr:1:0:2:0:200:none:none:door17open.ogg:door15close.ogg
z:2:2:0:0:Arcy Mardenson, un hombre de 21 años, caminaba por el pasillo de una mansión.
dr:2:0:3:0:200:none:none:door17open.ogg:door15close.ogg
z:3:3:0:0:El pasillo que recorría era completamente negro, y no habían puertas a sus laterales.
dr:3:0:4:0:200:none:none:door17open.ogg:door15close.ogg
z:4:4:0:0:Como era costumbre en él, tanteó en su interior, y encontró lo que buscaba.
dr:4:0:5:0:200:none:none:door17open.ogg:door15close.ogg
z:5:5:0:0:Sintió su poder, su esencia.
dr:5:0:6:0:200:none:none:door17open.ogg:door15close.ogg
z:6:6:0:0:Aquella esencia cálida que le permitía su don de la magia.
dr:6:0:7:0:200:none:none:door17open.ogg:door15close.ogg
z:7:7:0:0:Llegó al final del pasillo, y empujó una puerta negra metálica.
dr:7:0:8:0:200:none:none:door17open.ogg:door15close.ogg
z:8:8:0:0:Entró a una gran sala, donde lo esperaba su maestra.
dr:8:0:9:0:200:none:none:door17open.ogg:door15close.ogg
z:9:9:0:0:Ella se encontraba de pie, mirando a una mujer que estaba atada mediante magia en una silla.
dr:9:0:10:0:200:none:none:door17open.ogg:door15close.ogg
z:10:10:0:0:Esta es la última, cachorro. Es la última, y ya estarás completo.
dr:10:0:11:0:200:none:none:door17open.ogg:door15close.ogg
z:11:11:0:0:Arcy no dejó ver la expresión de fastidio y rabia al oír que su maestra lo llamaba cachorro. Siempre le había molestado aquello, pero ella un día le había gritado que era un cachorro hasta que estuviera completo.
dr:11:0:12:0:200:none:none:door17open.ogg:door15opeaan.ogg
z:12:12:0:0:Eso había sucedido cuando él le había preguntado 3 años atrás.
dr:12:0:13:0:200:none:none:door17open.ogg:door15close.ogg
z:13:13:0:0:Bien, maestra. Dijo Arcy en cambio, mientras se acercaba a la mujer.
dr:13:0:14:0:200:none:none:door17open.ogg:door15close.ogg
z:14:14:0:0:Aquello también era algo que fastidiaba a Arcy, llamarla maestra.
dr:14:0:15:0:200:none:none:door17open.ogg:door15close.ogg
z:15:15:0:0:Aunque él sabía su nombre, ella le había indicado que la llamara maestra, o si no, lo castigaba.
dr:15:0:16:0:200:none:none:door17open.ogg:door15close.ogg
z:16:16:0:0:Había recibido castigos por eso, pero aquellos tiempos ya habían quedado atrás.
dr:16:0:17:0:200:none:none:door17open.ogg:door15close.ogg
z:17:17:0:0:Ya estaba terminando su aprendizaje, y en unas horas, podría empezar con su venganza.
dr:17:0:18:0:200:none:none:door17open.ogg:door15close.ogg
z:18:18:0:0:La mujer en la silla lo miraba, suplicante.
dr:18:0:19:0:200:none:none:door17open.ogg:door15close.ogg
z:19:19:0:0:Ya había hecho eso cientos de veces, se le hacía natural.
dr:19:0:20:0:200:none:none:door17open.ogg:door15close.ogg
z:20:20:0:0:Tomó su poder, y lo sujetó suavemente, preparado.
dr:20:0:21:0:200:none:none:door17open.ogg:door15close.ogg
z:21:21:0:0:Hazlo, dijo su maestra, y Arcy no dudó.
dr:21:0:22:0:200:none:none:door17open.ogg:door15close.ogg
z:22:22:0:0:Soltó su poder sobre la mujer que estaba en la silla, y esta al instante se arqueó hacia adelante, empezando a levitar.
dr:22:0:23:0:200:none:none:door17open.ogg:door15close.ogg
z:23:23:0:0:Pudo sentir cómo la mujer se resistía...No quería abandonar su esencia, era de ella...
dr:23:0:24:0:200:none:none:door17open.ogg:door15close.ogg
z:24:24:0:0:Con un firme tirón, Arcy Mardenson le quitó el poder a la mujer, y esta cayó al suelo, temblando.
dr:24:0:25:0:200:none:none:door17open.ogg:door15close.ogg
z:25:25:0:0:Sintió cómo el poder de la mujer se unía al suyo, y sonrió.
dr:25:0:26:0:200:none:none:door17open.ogg:door15close.ogg
z:26:26:0:0:Lo has hecho, Arcy. ¡Lo has hecho! Dijo su maestra, mientras lo observaba con una gran sonrisa.
dr:26:0:27:0:200:none:none:door17open.ogg:door15close.ogg
z:27:27:0:0:Arcy se permitió sonreír. Al fin había llegado el momento, y su maestra no lo había llamado cachorro...Lo había llamado por su nombre.
dr:27:0:28:0:200:none:none:door17open.ogg:door15close.ogg
z:28:28:0:0:Estás completo, Arcy. Ya puedes iniciar tu venganza, si lo deseas. Dijo la mujer, mientras lo miraba atentamente.
dr:28:0:29:0:200:none:none:door17open.ogg:door15close.ogg
dr:28:0:29:0:200:none:none:door17open.ogg:door15close.ogg
z:29:29:0:0:"¿Que si lo deseaba? ¡Claro que lo deseaba! ¡Lo ansiaba!" Pensó Arcy, mientras blandía su poder, y desaparecía del lugar.
dr:29:0:30:0:200:none:none:door17open.ogg:door15close.ogg
z:30:30:0:0:Arcy Mardenson reapareció a las afueras de un pueblo. Empezaría por aquel lugar, y al final, destruiría hasta la propia ciudad principal del continente.
dr:30:0:31:0:200:none:none:door17open.ogg:door15close.ogg
z:31:31:0:0:Tomó su poder, y pensó, antes de lanzar una inmensa onda de calor hacia el poblado.
dr:31:0:32:0:200:none:none:door17open.ogg:door15close.ogg
z:32:32:0:0:"Por ti, madre".
dr:32:0:33:0:200:none:none:door17open.ogg:door15close.ogg
z:33:33:0:0:El poblado estalló, se calcinó, y luego el viento de aquella mañana arrastró las cenizas de aquel lugar llamado Crad, un pueblo que ya no existía.
dr:33:0:34:0:200:none:none:door17open.ogg:door15close.ogg
z:34:34:0:0:Solo quedó un chico, un hombre mirando hacia el cielo con una gran sonrisa, rodeado de las ruinas del destruido pueblo.
dr:34:0:35:0:200:none:none:door17open.ogg:door15close.ogg
z:35:35:0:0:Y el viento, que siguió soplando hacia el oeste.
ptm:35:35:0:0:1:0:hf5:-:door17open
where:en la historia
disable_game:0:50:0:50
