map:santuario_de_la_tierra
maxx:81
maxy:81
p:0:81:0:terra
w:0:0:81:wallnone
w:81:0:81:wallnone
dv:camera
dv:coordenadas
dv:auto
dv:portal
dv:runa_dorada
teto:none
z:1:80:0:80:-
where:en el santuario del elemento de la tierra
ss:1:80:0:80:arockslidewarn.ogg
ss:1:80:0:80:wind7.ogg
z:1:80:0:80:En el santuario del elemento de la tierra. Una gran criatura flota en el medio de este lugar amplio, totalmente cubierto por rocas gigantes y brillantes. Una lluvia muy potente y fuerte de tierra y rocas cae desde arriba, mientras un viento etéreo esparce la suciedad y el polvo hacia abajo, haciéndote temblar y gritar. La gran criatura, nada más que una esfera de tierra luminosa, gira furiosa, azotando todo el lugar con su inmenso poder.
z:1:1:0:25:Portal grandioso que te saca de este santuario. Para continuar, presiona enter.
ptm:1:1:0:0:50:60:rezmeey:Cruzas el grandioso portal, y vuelves al área de los santuarios.:ma115
npc:40:0:40000000000:25000000000:5:0:10000000:0:3222:350:9000:elementales.1600000000,mgerems.14000000000,gema_de_la_tierra.1,gema_del_bosque.1:magia227,magia230,magia225,magia229:bot56:none:El gran elemento de la tierra:¡*nick* ;ha derrotado el gran elemento de la tierra!;:4000000:0:0:default:1:80:default:0.1
dv:baculo
dv:joya_dorada
ss2:0:82:0:82:356cancion.ogg:-6
dv:gema_dorada_de_Reino_Elemental
dv:polvo_de_energía
