map:tienda_de_regalos
maxx:100
maxy:100
p:0:100:0:concrete3
w:0:0:100:wallnone
w:100:0:100:wallnone
teto:none
dv:camera
dv:coordenadas
dv:baculo
z:0:100:0:100:Tienda de regalos.
z:1:1:0:20:Puerta de salida.
p:1:20:0:concreto
sc:20:21:0:25:concrete7
z:20:21:0:40:Escaleras de entrada a la tienda.
w:22:0:24:camerawall
w:19:1:40:camerawall
z:21:21:25:40:Puerta de entrada al interior de la tienda.
w:22:25:40:wallglass
dr:21:25:23:25:200:none:none:door_open_(11).ogg:door_close_(16).ogg
dr:23:25:21:25:200:none:none:door_open_(11).ogg:door_close_(16).ogg
z:2:19:0:100:Pasillo de la tienda. El pasillo está cubierto por una alfombra azul. Sientes una muy buena energía emanando del lugar, una sensación de paz. Ves como algunas personas pasan tranquilas, rumbo al interior.
p:1:19:0:carpet4
p:23:99:25:carpet6
z:23:23:25:40:Puerta de regreso a las escaleras.
z:24:100:25:50:Dentro de la tienda. El piso está cubierto por una alfombra azul muy suave. Puedes ver estantes con varios peluches alrededor y hermosas cajas de regalo, ideales para enviar a las personas que te importan.
z:40:40:25:50:Una niña está aquí, feliz y sonriente.
dlg:40:25:¡Compré todos los peluches de esta tienda!:door17open.ogg
ss:40:40:25:50:person.ogg
dlg:40:25:Le daré uno como regalo a mi novio, ¡le encantará!:door17open.ogg
z:60:60:25:50:Un hombre está aquí, con algunas cajas de regalo en sus manos.
dlg:60:25:Le daré este regalo a mi sobrina.:door17open.ogg
dlg:60:25:Ella cumple años en unos días, espero que le guste.:door17open.ogg
z:81:85:0:50:Estante donde puedes comprar varios tipos de peluches y cajas de regalo para regalar a alguien importante.
p:81:85:25:marble
w:86:25:50:camerawall
ss2:0:100:0:100:104cancion.ogg
tp:1:1:0:0:119:0:zona_comercial:Regresas a la zona comercial.
where:en la tienda de regalos
ss:60:60:25:50:person.ogg
store:81:85:25:50:regalos
