map:zona_residencial_de_la_ciudad_scorpion
maxx:20000
maxy:1000
p:0:20000:0:concrete2
w:0:0:15:wallgeneric
w:20000:0:15:wallgeneric
z:0:20000:0:100:...
w:0:0:100:camerawall
w:20000:0:100:camerawall
dv:camera
teto:none
z:1:1:0:10:pasaje de regreso al túnel scorphome.
tp:1:1:0:5:99:0:túnel_scorphome:sales de la zona residencial.
z:2:20000:0:1000:zona residencial. Puedes ver muchas mansiones lujosas a tu alrededor.
ss:0:20000:0:1000:birds17.ogg
pm2:5:5:0:0:1:0:mansión_de_alfa:door17open:llave_de_la_mansión_de_alfa:1:no tienes lo necesario para entrar aquí.:nada:0:Você entra na mansión.:xd
z:5:5:0:0:mansión de alfa.
pm2:10:10:0:0:1:0:mansión_de_andreamorfin:door17open:llave_de_la_mansión_de_andreamorfin:1:no tienes lo necesario para entrar aquí.:nada:0:Você entra na mansión.:xd
z:10:10:0:0:mansión de andreamorfin.
pm2:15:15:0:0:1:0:mansión_de_arisa:door17open:llave_de_la_mansión_de_arisa:1:no tienes lo necesario para entrar aquí.:nada:0:Você entra na mansión.:xd
z:15:15:0:0:mansión de arisa.
pm2:20:20:0:0:1:0:mansión_de_cochiloco:door17open:llave_de_la_mansión_de_cochiloco:1:no tienes lo necesario para entrar aquí.:nada:0:Você entra na mansión.:xd
z:20:20:0:0:mansión de cochiloco.
pm2:25:25:0:0:1:0:mansión_de_dimi:door17open:llave_de_la_mansión_de_dimi:1:no tienes lo necesario para entrar aquí.:nada:0:Você entra na mansión.:xd
z:25:25:0:0:mansión de dimi.
pm2:30:30:0:0:1:0:mansión_de_dulce:door17open:llave_de_la_mansión_de_dulce:1:no tienes lo necesario para entrar aquí.:nada:0:Você entra na mansión.:xd
z:30:30:0:0:mansión de dulce.
pm2:35:35:0:0:1:0:mansión_de_edu:door17open:llave_de_la_mansión_de_edu:1:no tienes lo necesario para entrar aquí.:nada:0:Você entra na mansión.:xd
z:35:35:0:0:mansión de edu.
pm2:40:40:0:0:1:0:mansión_de_elluis:door17open:llave_de_la_mansión_de_elluis:1:no tienes lo necesario para entrar aquí.:nada:0:Você entra na mansión.:xd
z:40:40:0:0:mansión de elluis.
pm2:45:45:0:0:1:0:mansión_de_emiliano:door17open:llave_de_la_mansión_de_emiliano:1:no tienes lo necesario para entrar aquí.:nada:0:Você entra na mansión.:xd
z:45:45:0:0:mansión de emiliano.
pm2:50:50:0:0:1:0:mansión_de_fingwe:door17open:llave_de_la_mansión_de_fingwe:1:no tienes lo necesario para entrar aquí.:nada:0:Você entra na mansión.:xd
z:50:50:0:0:mansión de fingwe.
pm2:55:55:0:0:1:0:mansión_de_fresita:door17open:llave_de_la_mansión_de_fresita:1:no tienes lo necesario para entrar aquí.:nada:0:Você entra na mansión.:xd
z:55:55:0:0:mansión de fresita.
pm2:60:60:0:0:1:0:mansión_de_gabino:door17open:llave_de_la_mansión_de_gabino:1:no tienes lo necesario para entrar aquí.:nada:0:Você entra na mansión.:xd
z:60:60:0:0:mansión de gabino.
pm2:65:65:0:0:1:0:mansión_de_gandalff:door17open:llave_de_la_mansión_de_gandalff:1:no tienes lo necesario para entrar aquí.:nada:0:Você entra na mansión.:xd
z:65:65:0:0:mansión de gandalff.
pm2:70:70:0:0:1:0:mansión_de_hades:door17open:llave_de_la_mansión_de_hades:1:no tienes lo necesario para entrar aquí.:nada:0:Você entra na mansión.:xd
z:70:70:0:0:mansión de hades.
pm2:75:75:0:0:1:0:mansión_de_harrypotter:door17open:llave_de_la_mansión_de_harrypotter:1:no tienes lo necesario para entrar aquí.:nada:0:Você entra na mansión.:xd
z:75:75:0:0:mansión de harrypotter.
pm2:80:80:0:0:1:0:mansión_de_lacomandante:door17open:llave_de_la_mansión_de_lacomandante:1:no tienes lo necesario para entrar aquí.:nada:0:Você entra na mansión.:xd
z:80:80:0:0:mansión de lacomandante.
pm2:85:85:0:0:1:0:mansión_de_luna:door17open:llave_de_la_mansión_de_luna:1:no tienes lo necesario para entrar aquí.:nada:0:Você entra na mansión.:xd
z:85:85:0:0:mansión de luna.
pm2:90:90:0:0:1:0:mansión_de_maria:door17open:llave_de_la_mansión_de_maria:1:no tienes lo necesario para entrar aquí.:nada:0:Você entra na mansión.:xd
z:90:90:0:0:mansión de maria.
pm2:95:95:0:0:1:0:mansión_de_mau:door17open:llave_de_la_mansión_de_mau:1:no tienes lo necesario para entrar aquí.:nada:0:Você entra na mansión.:xd
z:95:95:0:0:mansión de mau.
pm2:100:100:0:0:1:0:mansión_de_mistertopero:door17open:llave_de_la_mansión_de_mistertopero:1:no tienes lo necesario para entrar aquí.:nada:0:Você entra na mansión.:xd
z:100:100:0:0:mansión de mistertopero.
pm2:105:105:0:0:1:0:mansión_de_nazeli:door17open:llave_de_la_mansión_de_nazeli:1:no tienes lo necesario para entrar aquí.:nada:0:Você entra na mansión.:xd
z:105:105:0:0:mansión de nazeli.
pm2:110:110:0:0:1:0:mansión_de_pabloescovar:door17open:llave_de_la_mansión_de_pabloescovar:1:no tienes lo necesario para entrar aquí.:nada:0:Você entra na mansión.:xd
z:110:110:0:0:mansión de pabloescovar.
pm2:115:115:0:0:1:0:mansión_de_palermo:door17open:llave_de_la_mansión_de_palermo:1:no tienes lo necesario para entrar aquí.:nada:0:Você entra na mansión.:xd
z:115:115:0:0:mansión de palermo.
pm2:120:120:0:0:1:0:mansión_de_pianista:door17open:llave_de_la_mansión_de_pianista:1:no tienes lo necesario para entrar aquí.:nada:0:Você entra na mansión.:xd
z:120:120:0:0:mansión de pianista.
pm2:125:125:0:0:1:0:mansión_de_sammael:door17open:llave_de_la_mansión_de_sammael:1:no tienes lo necesario para entrar aquí.:nada:0:Você entra na mansión.:xd
z:125:125:0:0:mansión de sammael.
pm2:130:130:0:0:1:0:mansión_de_sebi:door17open:llave_de_la_mansión_de_sebi:1:no tienes lo necesario para entrar aquí.:nada:0:Você entra na mansión.:xd
z:130:130:0:0:mansión de sebi.
pm2:135:135:0:0:1:0:mansión_de_sharon:door17open:llave_de_la_mansión_de_sharon:1:no tienes lo necesario para entrar aquí.:nada:0:Você entra na mansión.:xd
z:135:135:0:0:mansión de sharon.
pm2:140:140:0:0:1:0:mansión_de_strawberry:door17open:llave_de_la_mansión_de_strawberry:1:no tienes lo necesario para entrar aquí.:nada:0:Você entra na mansión.:xd
z:140:140:0:0:mansión de strawberry.
pm2:145:145:0:0:1:0:mansión_de_taylla:door17open:llave_de_la_mansión_de_taylla:1:no tienes lo necesario para entrar aquí.:nada:0:Você entra na mansión.:xd
z:145:145:0:0:mansión de taylla.
pm2:150:150:0:0:1:0:mansión_de_turzynho:door17open:llave_de_la_mansión_de_turzynho:1:no tienes lo necesario para entrar aquí.:nada:0:Você entra na mansión.:xd
z:150:150:0:0:mansión de turzynho.
pm2:155:155:0:0:1:0:mansión_de_Ulises:door17open:llave_de_la_mansión_de_Ulises:1:no tienes lo necesario para entrar aquí.:nada:0:Você entra na mansión.:xd
z:155:155:0:0:mansión de Ulises.
pm2:160:160:0:0:1:0:mansión_de_yocelyn:door17open:llave_de_la_mansión_de_yocelyn:1:no tienes lo necesario para entrar aquí.:nada:0:Você entra na mansión.:xd
z:160:160:0:0:mansión de yocelyn.
pm2:165:165:0:0:1:0:mansión_de_yuli:door17open:llave_de_la_mansión_de_yuli:1:no tienes lo necesario para entrar aquí.:nada:0:Você entra na mansión.:xd
z:165:165:0:0:mansión de yuli.
pm2:170:170:0:0:1:0:mansión_de_elserpiente:door17open:llave_de_la_mansión_de_elserpiente:1:no tienes lo necesario para entrar aquí.:llave_de_la_mansión_de_elserpiente:0:entras a la hermosa mansión.:XD
z:170:170:0:0:mansión de elserpiente.
pm2:175:175:0:0:1:0:mansión_de_angelblanco18:door17open:llave_de_la_mansión_de_angelblanco18:1:no tienes lo necesario para entrar aquí.:llave_de_la_mansión_de_angelblanco18:0:entras a la hermosa mansión.:XD
z:175:175:0:0:mansión de angelblanco18.
pm2:180:180:0:0:1:0:mansión_de_marlos:door17open:llave_de_la_mansión_de_marlos:1:no tienes lo necesario para entrar aquí.:llave_de_la_mansión_de_marlos:0:entras a la hermosa mansión.:XD
z:180:180:0:0:mansión de marlos.
pm2:185:185:0:0:1:0:mansión_de_manzano:door17open:llave_de_la_mansión_de_manzano:1:no tienes lo necesario para entrar aquí.:llave_de_la_mansión_de_manzano:0:entras a la hermosa mansión.:XD
z:185:185:0:0:mansión de manzano.
pm2:190:190:0:0:1:0:mansión_de_lunatica:door17open:llave_de_la_mansión_de_lunatica:1:no tienes lo necesario para entrar aquí.:llave_de_la_mansión_de_lunatica:0:entras a la hermosa mansión.:XD
z:190:190:0:0:mansión de lunatica.
pm2:195:195:0:0:1:0:mansión_de_Libna:door17open:llave_de_la_mansión_de_Libna:1:no tienes lo necesario para entrar aquí.:llave_de_la_mansión_de_Libna:0:entras a la hermosa mansión.:XD
z:195:195:0:0:mansión de Libna.
pm2:200:200:0:0:1:0:mansión_de_arman:door17open:llave_de_la_mansión_de_arman:1:no tienes lo necesario para entrar aquí.:llave_de_la_mansión_de_arman:0:entras a la hermosa mansión.:XD
z:200:200:0:0:mansión de arman.
pm2:205:205:0:0:1:0:mansión_de_miguelantonio:door17open:llave_de_la_mansión_de_miguelantonio:1:no tienes lo necesario para entrar aquí.:llave_de_la_mansión_de_miguelantonio:0:entras a la hermosa mansión.:XD
z:205:205:0:0:mansión de miguelantonio.
pm2:210:210:0:0:1:0:mansión_de_comandante:door17open:llave_de_la_mansión_de_comandante:1:no tienes lo necesario para entrar aquí.:llave_de_la_mansión_de_comandante:0:entras a la hermosa mansión.:XD
z:210:210:0:0:mansión de comandante.
pm2:215:215:0:0:1:0:mansión_de_kosem:door17open:llave_de_la_mansión_de_kosem:1:no tienes lo necesario para entrar aquí.:llave_de_la_mansión_de_kosem:0:entras a la hermosa mansión.:XD
z:215:215:0:0:mansión de kosem.
pm2:220:220:0:0:1:0:mansión_de_baronrojo:door17open:llave_de_la_mansión_de_baronrojo:1:no tienes lo necesario para entrar aquí.:llave_de_la_mansión_de_baronrojo:0:entras a la hermosa mansión.:XD
z:220:220:0:0:mansión de baronrojo.
pm2:225:225:0:0:1:0:mansión_de_lapatrona:door17open:llave_de_la_mansión_de_lapatrona:1:no tienes lo necesario para entrar aquí.:llave_de_la_mansión_de_lapatrona:0:entras a la hermosa mansión.:XD
z:225:225:0:0:mansión de lapatrona.
pm2:230:230:0:0:1:0:mansión_de_RafaLartigue:door17open:llave_de_la_mansión_de_RafaLartigue:1:no tienes lo necesario para entrar aquí.:llave_de_la_mansión_de_RafaLartigue:0:entras a la hermosa mansión.:XD
z:230:230:0:0:mansión de RafaLartigue.
pm2:235:235:0:0:1:0:mansión_de_axelcepeda:door17open:llave_de_la_mansión_de_axelcepeda:1:no tienes lo necesario para entrar aquí.:llave_de_la_mansión_de_axelcepeda:0:entras a la hermosa mansión.:XD
z:235:235:0:0:mansión de axelcepeda.
pm2:240:240:0:0:1:0:mansión_de_andresitomegaplay:door17open:llave_de_la_mansión_de_andresitomegaplay:1:no tienes lo necesario para entrar aquí.:llave_de_la_mansión_de_andresitomegaplay:0:entras a la hermosa mansión.:XD
z:240:240:0:0:mansión de andresitomegaplay.
pm2:245:245:0:0:1:0:mansión_de_lobosolitario:door17open:llave_de_la_mansión_de_lobosolitario:1:no tienes lo necesario para entrar aquí.:llave_de_la_mansión_de_lobosolitario:0:entras a la hermosa mansión.:XD
z:245:245:0:0:mansión de lobosolitario.
pm2:250:250:0:0:1:0:mansión_de_akemy:door17open:llave_de_la_mansión_de_akemy:1:no tienes lo necesario para entrar aquí.:llave_de_la_mansión_de_akemy:0:entras a la hermosa mansión.:XD
z:250:250:0:0:mansión de akemy.
pm2:255:255:0:0:1:0:mansión_de_tapetuzo:door17open:llave_de_la_mansión_de_tapetuzo:1:no tienes lo necesario para entrar aquí.:llave_de_la_mansión_de_tapetuzo:0:entras a la hermosa mansión.:XD
z:255:255:0:0:mansión de tapetuzo.
pm2:260:260:0:0:1:0:mansión_de_yasemin:door17open:llave_de_la_mansión_de_yasemin:1:no tienes lo necesario para entrar aquí.:llave_de_la_mansión_de_yasemin:0:entras a la hermosa mansión.:XD
z:260:260:0:0:mansión de yasemin.
pm2:265:265:0:0:1:0:mansión_de_jhonatansantos:door17open:llave_de_la_mansión_de_jhonatansantos:1:no tienes lo necesario para entrar aquí.:llave_de_la_mansión_de_jhonatansantos:0:entras a la hermosa mansión.:XD
z:265:265:0:0:mansión de jhonatansantos.
pm2:270:270:0:0:1:0:mansión_de_johanna:door17open:llave_de_la_mansión_de_johanna:1:no tienes lo necesario para entrar aquí.:llave_de_la_mansión_de_johanna:0:entras a la hermosa mansión.:XD
z:270:270:0:0:mansión de johanna.
pm2:275:275:0:0:1:0:mansión_de_bruno:door17open:llave_de_la_mansión_de_bruno:1:no tienes lo necesario para entrar aquí.:llave_de_la_mansión_de_bruno:0:entras a la hermosa mansión.:XD
z:275:275:0:0:mansión de bruno.
pm2:280:280:0:0:1:0:mansión_de_Helpup:door17open:llave_de_la_mansión_de_Helpup:1:no tienes lo necesario para entrar aquí.:llave_de_la_mansión_de_Helpup:0:entras a la hermosa mansión.:XD
z:280:280:0:0:mansión de Helpup.
pm2:285:285:0:0:1:0:mansión_de_octavio:door17open:llave_de_la_mansión_de_octavio:1:no tienes lo necesario para entrar aquí.:llave_de_la_mansión_de_octavio:0:entras a la hermosa mansión.:XD
z:285:285:0:0:mansión de octavio.
pm2:290:290:0:0:1:0:mansión_de_steven:door17open:llave_de_la_mansión_de_steven:1:no tienes lo necesario para entrar aquí.:llave_de_la_mansión_de_steven:0:entras a la hermosa mansión.:XD
z:290:290:0:0:mansión de steven.
pm2:295:295:0:0:1:0:mansión_de_warriorprincess:door17open:llave_de_la_mansión_de_warriorprincess:1:no tienes lo necesario para entrar aquí.:llave_de_la_mansión_de_warriorprincess:0:entras a la hermosa mansión.:XD
z:295:295:0:0:mansión de warriorprincess.
pm2:300:300:0:0:1:0:mansión_de_elyabe:door17open:llave_de_la_mansión_de_elyabe:1:no tienes lo necesario para entrar aquí.:llave_de_la_mansión_de_elyabe:0:entras a la hermosa mansión.:XD
z:300:300:0:0:mansión de elyabe.
pm2:305:305:0:0:1:0:mansión_de_fernandarodriguez:door17open:llave_de_la_mansión_de_fernandarodriguez:1:no tienes lo necesario para entrar aquí.:llave_de_la_mansión_de_fernandarodriguez:0:entras a la hermosa mansión.:XD
z:305:305:0:0:mansión de fernandarodriguez.
pm2:310:310:0:0:1:0:mansión_de_chavory:door17open:llave_de_la_mansión_de_chavory:1:no tienes lo necesario para entrar aquí.:llave_de_la_mansión_de_chavory:0:entras a la hermosa mansión.:XD
z:310:310:0:0:mansión de chavory.
pm2:315:315:0:0:1:0:mansión_de_ariel:door17open:llave_de_la_mansión_de_ariel:1:no tienes lo necesario para entrar aquí.:llave_de_la_mansión_de_ariel:0:entras a la hermosa mansión.:XD
z:315:315:0:0:mansión de ariel.
pm2:320:320:0:0:1:0:mansión_de_elisa:door17open:llave_de_la_mansión_de_elisa:1:no tienes lo necesario para entrar aquí.:llave_de_la_mansión_de_elisa:0:entras a la hermosa mansión.:XD
z:320:320:0:0:mansión de elisa.
pm2:325:325:0:0:1:0:mansión_de_nabuco:door17open:llave_de_la_mansión_de_nabuco:1:no tienes lo necesario para entrar aquí.:llave_de_la_mansión_de_nabuco:0:entras a la hermosa mansión.:XD
z:325:325:0:0:mansión de nabuco.
z:3:3:0:0:un misterioso portal iluminado con una luz verde.
ss:3:3:0:0:portal.ogg
pm2:95:95:0:0:1:0:mansión_de_axel:door17open:llave_de_la_mansión_de_axel:1:no tienes lo necesario para entrar aquí.:llave_de_la_mansión_de_axel:0:entras a la hermosa mansión.:XD
z:95:95:0:0:mansión de axel.
pm2:100:100:0:0:1:0:mansión_de_Elsaya:door17open:llave_de_la_mansión_de_Elsaya:1:no tienes lo necesario para entrar aquí.:llave_de_la_mansión_de_Elsaya:0:entras a la hermosa mansión.:XD
z:100:100:0:0:mansión de Elsaya.
where:en la zona residencial de la ciudad scorpion
ss2:1:100000:0:50:00cancion.ogg:-5
pm2:105:105:0:0:1:0:mansión_de_merlin:door17open:llave_de_la_mansión_de_merlin:1:no tienes lo necesario para entrar aquí.:llave_de_la_mansión_de_merlin:0:entras a la hermosa mansión.:XD
z:105:105:0:0:mansión de merlin.
