map:biblioteca_de_san_ángel
maxx:101
maxy:501
p:0:101:0:cloth
w:0:0:501:wall
w:101:0:101:wall
teto:none
dv:camera
dv:coordenadas
safez:1:100:0:500
z:0:101:0:501:-
p:1:30:0:carpet
z:1:30:0:49:Recepción. Puedes ver una alfombra de un color azul intenso en el suelo, perfectamente tendida. Un chico está sentado en una silla, mirando aburrido hacia todas partes.
z:1:1:0:25:Puedes volver a la ciudad presionando enter aquí.
tp:1:1:0:0:255:20:ciudad_de_san_ángel:Te alejas de la biblioteca.
ss:1:100:0:500:calm.ogg
sc:17:17:0:2:chair
z:17:17:0:49:Silla en la cual está sentado un chico.
z:17:17:2:25:Chico.
dlg:17:2:Hola, bienvenid*g* a la biblioteca de San Ángel.:door17open.ogg
dlg:17:2:Recuerde no comer cuando esté usando un libro, cuidar los libros, no maltratarlos, y no molestarme más.:door17open.ogg
dlg:17:2:¿Te queda claro?:door17open.ogg
ss:17:17:2:2:person.ogg
p:31:100:0:concrete4
z:31:100:0:500:Dentro de la biblioteca. Puedes ver muchas estanterías con cientos y cientos de libros apilados en ellas. Algunas personas están merodeando entre las estanterías, y unas pocas están sentadas en el suelo, con un libro en sus piernas.
z:40:40:0:25:Persona.
dlg:40:0:No sé por qué todas esas personas que se sientan en el suelo no van al tercer piso, a la sala de lectura.:door17open.ogg
ss:40:40:0:0:person.ogg
z:50:60:0:25:Estantería con libros. Un pequeño cartel de plástico reza. Género - románce.
z:68:68:0:25:Persona.
dlg:68:0:¿Crees en el amor verdadero?:door17open.ogg
dlg:68:0:¡Yo sí!:door17open.ogg
ss:68:68:0:0:person.ogg
z:70:80:0:25:Estantería con libros. Un pequeño cartel de plástico reza. Género - Amor.
z:90:95:0:25:Estantería con libros. Un pequeño cartel de plástico reza. Género - aventura.
z:86:86:0:25:Persona.
dlg:86:0:Los libros de aventura son lo mejor de lo mejor.:door17open.ogg
dlg:86:0:Me paso leyéndolos todo los días y las noches.:door17open.ogg
ss:86:86:0:0:person.ogg
sc:99:100:0:50:concrete26
w:98:1:49:wallwood9
w:101:0:500:wallwood9
z:99:100:0:500:Escalera que asciende y desciende.
z:1:31:50:500:Dentro de la biblioteca. Puedes ver muchas estanterías con cientos y cientos de libros apilados en ellas. Algunas personas están merodeando entre las estanterías, y unas pocas están sentadas en el suelo, con un libro en sus piernas.
p:1:98:50:concrete4
z:80:90:50:99:Estantería con libros. Un pequeño cartel de plástico reza. Género - terror.
z:60:70:50:99:Estantería con libros. Un pequeño cartel de plástico reza. Género - ciencia ficción.
z:55:55:50:70:Persona.
dlg:55:50:Déjame leer en paz, ¿sí?:door17open.ogg
ss:55:55:50:50:person.ogg
z:40:50:50:80:Estantería con libros. Un pequeño cartel de plástico reza. Género - entretenimiento.
z:20:20:50:80:Estantería con libros. Un pequeño cartel de plástico reza. Género - informática.
z:6:10:50:80:Estantería con libros. Un pequeño cartel de plástico reza. Género - poesía.
w:0:50:500:wallwood4
w:3:51:99:wallwood4
z:1:2:50:500:Escalera que asciende y desciende.
sc:1:2:50:100:concrete26
p:3:100:100:concrete4
z:10:20:100:125:Estantería con libros. Un pequeño cartel de plástico reza. Género - fantasía.
z:25:25:100:125:Persona.
dlg:25:100:Amo la fantasía.:door17open.ogg
dlg:25:100:Es única, y el mejor género que hay.:door17open.ogg
ss:25:25:100:100:person.ogg
z:30:40:100:125:Estantería con libros. Un pequeño cartel de plástico reza. Género - erótico.
z:50:60:100:125:Estantería con libros. Un pequeño cartel de plástico reza. Género - historia.
z:70:80:100:125:Estantería con libros. Un pequeño cartel de plástico reza. Género - Biología.
z:90:95:100:125:Estantería con libros. Un pequeño cartel de plástico reza. Género - política.
w:98:101:149:wallwood9
sc:99:100:100:150:concrete26
p:1:98:150:carpet7
z:1:98:150:199:Sala de lectura. En este piso de la biblioteca, hay una gran mesa de madera pulida en el centro, con muchas sillas a su alrededor. Puedes ver a algunas personas leer sentadas a la mesa. Al fondo de la sala, observas otra escalera que asciende.
w2:16:86:150:152:walltable
z:15:87:150:199:En uno de los laterales de la gran mesa de lectura.
z:16:86:150:190:Mesa de lectura. Hay algunas personas sentadas, leyendo grandes libros.
p:16:86:153:maderadura
z:1:3:150:350:Una gran escalera que conecta con la sala de lectura y el piso superior.
sc:1:3:150:300:concrete29
w:4:151:299:wallcone
z:5:5:150:180:Un letrero de color rojo. Para leerlo, presiona shift más enter.
txt:5:150:No continúe por la escalera de la izquierda, paso prohibido.
sc:20:20:150:154:chair
z:20:20:150:180:Silla.
z:20:20:154:180:Persona.
dlg:20:154:Este libro sobre la anatomía masculina es muy curioso.:door17open.ogg
dlg:20:154:De verdad.:door17open.ogg
ss:20:20:154:154:person.ogg
sc:35:35:150:154:chair
z:35:35:154:200:Persona.
z:35:35:150:153:Silla.
dlg:35:154:En esta biblioteca hay un montón de libros, de muchos géneros, pero no he visto ninguno de contaduría.:door17open.ogg
ss:35:35:154:154:person.ogg
sc:50:50:150:154:chair
z:50:50:150:180:Silla.
z:50:50:154:170:Persona.
dlg:50:154:¿Te gusta leer?:door17open.ogg
dlg:50:154:Si quieres, puedes sentarte a mi lado y leer esta historia de amor conmigo.:door17open.ogg
dlg:50:154:No tengo ningún problema.:door17open.ogg
ss:50:50:154:154:person.ogg
sc:65:65:150:154:chair
z:65:65:150:180:Silla.
z:65:65:154:180:Persona.
dlg:65:154:Me siento raro.:door17open.ogg
dlg:65:154:Sí, me siento raro por estar leyendo este libro de...Ejem, ya sabes. herd...Bueno, cosas de mayores.:door17open.ogg
ss:65:65:154:154:person.ogg
sc:76:76:150:154:chair
z:76:76:150:180:Silla.
z:76:76:154:180:Persona.
dlg:76:154:Tienes un rostro muy estúpido, aléjate de mí.:door17open.ogg
ss:76:76:154:154:person.ogg
sc:85:85:150:154:chair
z:85:85:150:180:Silla.
z:85:85:154:179:Persona.
dlg:85:154:Estoy leyendo un cuento infantil.:door17open.ogg
dlg:85:154:Se encuentra en la estantería de fantasía, y el libro se llama cachorritos al ataque volumen 211.:door17open.ogg
dlg:85:154:¡Es genial!:door17open.ogg
ss:85:85:154:154:person.ogg
p:4:100:300:concreto19
z:4:100:300:350:Un gran pasillo de cemento. Está muy iluminado.
w:50:300:400:wallglass2
z:49:51:300:400:Hay una puerta con un panel digital y un escáner. Una pantalla en esta dice. Muestre el chip de seguridad ante el escáner.
pm2:49:49:300:300:51:300:biblioteca_de_san_ángel:door20open:chip_de_seguridad:1:No puedes continuar.:chip_de_seguridad:-0:Abres la puerta, y cruzas al otro lado del pasillo.:d:d
pm2:51:51:300:300:49:300:biblioteca_de_san_ángel:door20open:chip_de_seguridad:1:No puedes continuar.:chip_de_seguridad:-0:Abres la puerta, y cruzas al otro lado del pasillo.:d:d
w:101:300:400:wallwood15
z:100:100:300:400:Entrada de la oficina del director de la biblioteca.
z:25:25:300:325:Persona.
dlg:25:300:No deberías estar aquí.:door17open.ogg
dlg:25:300:Este pasillo solo es para el personal autorizado.:door17open.ogg
dlg:25:300:En fin, supongo que el director para eso colocó aquel escáner de mi derecha, para detener a intrus*g*s como tú.:door17open.ogg
dlg:25:300:No podrás continuar mucho más hallá, así que aléjate de aquí, personita.:door17open.ogg
ss:25:25:300:300:person.ogg
tp:100:100:300:300:1:0:oficina_del_director_de_la_biblioteca_de_san_ángel:Te adentras en la oficina.
dv:portal
dv:runa_dorada
ss2:1:100:0:500:52cancion.ogg:-2
where:en la biblioteca de la ciudad de San Ángel
