map:bosque_del_agua
maxx:701
maxy:1000
p:0:701:0:grass
w:0:0:200000000000:wallnone
w:701:0:200000000000:wallnone
w:0:0:10000:camerawall
teto:none
dv:coordenadas
z:1:701:0:100000:...
w:701:0:100000:camerawall
ss:1:700:0:100:rain1.ogg
z:1:1:0:50:Para volver al río, pulsa enter.
tp:1:1:0:0:1000:0:río_baldur:Vuelves al río.
z:2:102:0:50:Bosque del agua. En este lugar el agua cae incesantemente, mojando la vegetación.
sc:50:50:0:5:branch
w:103:0:4:wallfence
z:102:104:0:20:Una reja vieja y rota. En lo alto, puedes ver algo...
sc:103:103:9:100:leaves2
z:103:103:9:120:Una liana tegida meticulosamente que asciende.
z:105:1000:0:20:Bosque del agua. En este lugar el agua cae incesantemente, mojando la vegetación.
p:103:103:4:fence
teto:none
p:20:25:0:spring
z:20:25:0:25:Una cascada de agua cae de la nada aquí, formando un pequeño charco.
ss:20:25:3:25:waterflow10.ogg
p:40:45:0:spring
ss:40:45:3:25:waterflow10.ogg
p:60:65:0:spring
ss:60:65:3:25:waterflow10.ogg
p:80:85:0:spring
ss:80:85:3:25:waterflow10.ogg
z:40:45:0:25:Una cascada de agua cae de la nada aquí, formando un pequeño charco.
z:50:50:0:25:Un pequeño árbol en medio de estas dos cascadas.
z:60:65:0:25:Una cascada de agua cae de la nada aquí, formando un pequeño charco.
z:80:85:0:25:Una cascada de agua cae de la nada aquí, formando un pequeño charco.
p:160:170:0:marsh2
z:160:170:0:25:Lodo cerca de un arroyo.
p:171:191:0:shallow
z:171:191:0:25:Un pequeño arroyo.
p:192:202:0:marsh2
z:192:202:0:25:Lodo cerca de un arroyo.
p:240:340:0:shortgrass
z:240:340:0:40:Hierba corta.
ss:171:191:0:25:waterflow5.ogg
ss:341:441:0:40:rain2.ogg
z:341:441:0:25:En esta parte del bosque, la lluvia comienza a caer con más intensidad.
p:490:700:0:mud
z:490:700:0:25:Una larga zona lodosa.
ss:490:700:0:25:rain4.ogg
p:104:124:100:branch
z:104:124:100:150:Un tronco viejo.
tp:126:126:103:105:1:0:casa_flotante:Entras en esta extraña casa.
p:126:126:96:branch
z:126:126:103:125:Una casa flota aquí.
dlg:8:0:¡Ay!:door17open.ogg
dlg:8:0:¡La casa que flota me da miedo!:door17open.ogg
dlg:8:0:¡La mujer que la habita...Por los dioses! Me da excalofríos tan solo pensarlo.:door17open.ogg
dlg:8:0:¿Qué no sabes dónde queda la casa que flota?:door17open.ogg
dlg:8:0:Si vas al tronco y te impulsas dos veces hacia la derecha desde el borde del mismo, ahí la encontrarás flotando.:door17open.ogg
z:126:126:96:102:Un pequeño tronco flota aquí.
z:8:8:0:20:Una chica está de pie aquí.
ss:8:8:0:0:person.ogg
w:700:0:100:camerawall
z:697:699:0:25:Para continuar a las playas del sur, presiona enter.
tp:697:699:0:0:1:0:playa_sur:Continúas hacia el sur, hacia una playa.
z:648:648:0:20:Persona.
dlg:648:0:¡Me encanta el lodo!:door17open.ogg
ss:648:648:0:0:person.ogg
z:526:526:0:20:Una chica.
dlg:526:0:Arj.:door17open.ogg
dlg:526:0:¡Tengo que cruzar esta zona tan asquerosa para ir a la playa!:door17open.ogg
dlg:526:0:Mira indignada el lodo.:door17open.ogg
ss:526:526:0:0:person.ogg
z:473:473:0:25:Persona.
dlg:473:0:Rayos, odio este lugar. Ahora no encuentro a mi madre.:door17open.ogg
ss:473:473:0:0:person.ogg
z:390:390:0:25:Una anciana.
dlg:390:0:Deberías salir corriendo de este lugar, cielito.:door17open.ogg
dlg:390:0:Hay una bruja loca que habita aquí.:door17open.ogg
ss:390:390:0:0:person.ogg
z:305:305:0:25:Persona.
dlg:305:0:Esta parte es mi favorita de todo este bosque.:door17open.ogg
ss:305:305:0:0:person.ogg
z:128:128:0:25:Persona.
dlg:128:0:¡Las criaturas que habitan este bosque son hermosas!:door17open.ogg
ss:128:128:0:0:person.ogg
z:110:110:100:125:Persona.
dlg:110:100:¡Ay, no encuentro a mi hija!:door17open.ogg
ss:110:110:100:100:person.ogg
ss2:1:700:0:800:51cancion.ogg:-5
where:en el bosque del agua
npc:200:0:70000000:20000000:3:0:10000:1000:800:650:5000:mgerems.17000000,cuerpo_de_criatura_del_agua.1:ma23,ma24:bot3:non:Criatura del agua:¡*nick* ;acabó con una criatura del agua!;:300000:0:0:default:1:700:default:0.2
npc:400:0:70000000:20000000:3:0:10000:1000:800:750:9000:mgerems.17000000,cuerpo_de_criatura_del_agua.1:ma23,ma24:bot3:non:Criatura del agua:¡*nick* ;acabó con una criatura del agua!;:300000:0:0:default:1:700:default:0.2
npc:300:0:70000000:20000000:3:0:10000:1000:800:750:9000:mgerems.17000000,cuerpo_de_criatura_del_agua.1:ma23,ma24:bot3:non:Criatura del agua:¡*nick* ;acabó con una criatura del agua!;:300000:0:0:default:1:700:default:0.2
npc:500:0:70000000:20000000:3:0:10000:1000:800:750:9000:mgerems.17000000,cuerpo_de_criatura_del_agua.1:ma23,ma24:bot3:non:Criatura del agua:¡*nick* ;acabó con una criatura del agua!;:300000:0:0:default:401:700:default:0.2
npc:600:0:70000000:20000000:3:0:10000:1000:800:750:9000:mgerems.17000000,cuerpo_de_criatura_del_agua.1:ma23,ma24:bot3:non:Criatura del agua:¡*nick* ;acabó con una criatura del agua!;:300000:0:0:default:401:700:default:0.2
npc:100:0:70000000:20000000:3:0:10000:1000:800:650:5000:mgerems.17000000,cuerpo_de_criatura_del_agua.1:ma23,ma24:bot3:non:Criatura del agua:¡*nick* ;acabó con una criatura del agua!;:300000:0:0:default:1:700:default:0.2
