map:camino_del_templo_abandonado
maxx:500
maxy:500
p:0:500:0:ice3
w:0:0:15:wallgeneri1
w:500:0:15:wallgeneri1
teto:none
z:0:500:0:500:...
darmas:pico_dragón
w:0:0:500:none
w:500:0:500:none
ss2:0:500:0:500:70cancion.ogg:-10
ss:0:500:0:500:a3.ogg
ss:0:500:0:500:a4.ogg
ss:0:500:0:500:a8.ogg
z:0:500:0:500:Te encuentras en una larga y basta extensión de hielo. Al final de esta, hay una montaña que parece estar hecha de bloques de hielo amontonados de una manera específica.
w:0:0:500:wall1
w:500:0:500:wall1
z:1:1:0:10:Camino de regreso a las cercanías del pueblo.
tp:1:1:0:10:999:0:pueblo_nathzam:Das la vuelta, y te dispones a volver al pueblo.
w2:401:499:0:100:wall1
sc:400:400:0:101:snow3
z:400:400:0:120:Una larga subida de nieve lisa.
p:401:500:101:nievedenza
z:401:500:101:130:Un extenso tramo de nieve densa. Debido al largo tiempo sin que pase ni un alma, la nieve se ha acumulado sobre la estructura, pero aún puedes ver cómo una escalera de hielo se encuentra casi en pie. Esta escalera desciende hacia lo que parece ser alguna clase de edificio bajo tus pies.
w:500:0:1000:wall1
z:499:499:101:1000:Un muro de hielo te impide continuar...
sc:460:470:75:101:snow3
z:460:470:75:118:Escalera cubierta de nieve que desciende al interior de la estructura.
z:460:470:75:75:Fin de la escalera. Al parecer, la mitad de la escalera se ha caído debido a la nieve acumulada en ella. Tocará saltar. ¿No crees?
ptm:460:470:75:75:90:499:templo_abandonado:Saltas...:jump
where:en el camino del templo abandonado
death:1:2000:0:100:30000:0:0:¡*nick* murió congelad*g*!:joya_blanca:1:1
dv:coordenadas
dv:camera
dv:auto
