map:camino_esteárum
maxx:101
maxy:1000
p:0:101:0:ice2
w:0:0:15:wallgeneric
w:101:0:15:wallgeneric
teto:none
z:0:101:0:1000:...
w:0:0:1000:camerawall
w:101:0:1000:camerawall
dv:coordenadas
dv:camera
darmas:pico_dragón
ss:0:101:0:1000:30cancion.ogg
ss:0:101:0:1000:a8.ogg
ss:0:101:0:1000:a3.ogg
ss:0:101:0:1000:a4.ogg
z:0:101:0:1000:Camino Esteárum. Es un camino relativamente largo. Ves algunas personas caminando por él, pero estas tienen una vestimenta distinta. Sus ropas no están echas de hilos de hielo, están echas de este material literalmente. Personas con lo que parecen ser armaduras pasan por tu lado en dirección hacia una enorme e imponente pirámide, la cual tiene una espiral en la punta, donde descansa en un soporte una espada y un arco con un carcaj de flechas completamente echas de hielo.
z:100:100:0:20:Puedes volver al camino principal desde aquí.
tp:100:100:0:20:470:0:pueblo_nathzam:Vuelves al camino principal.
z:50:50:0:15:Un hombre mayor se encuentra aquí.
ss:50:50:0:0:person.ogg
dlg:50:0:¿Nuev*g* extranjer*g*? No me sorprende.:door17open.ogg
dlg:50:0:¿Vas al templo? Señala con su bastón la pirámide al otro lado del camino.:door17open.ogg
dlg:50:0:Me lo imaginaba.:door17open.ogg
dlg:50:0:El capitán está en ese templo, puede que él te ayude a conseguir algo de equipamiento.:door17open.ogg
dlg:50:0:¡Pero seguramente te pondrá una prueba para conseguirlo!:door17open.ogg
dlg:50:0:Te sonríe.:door17open.ogg
z:15:15:0:15:Un joven se encuentra aquí.
dlg:15:0:Si llego tarde al templo, mi padre me matará...:door17open.ogg
ss:15:15:0:3:person.ogg
dlg:15:0:Me dijo que si no traía estas zanahorias a tiempo, me quitaría mi libro de la historia de Hiceris.:door17open.ogg
dlg:15:0:Espero llegar a tiempo, ¡tengo que llegar a tiempo!:door17open.ogg
dlg:15:0:¿Me ayudarías? ¿No? Bueno...:door17open.ogg
dlg:15:0:¡Entonces, a correr!:door17open.ogg
z:1:1:0:20:Entrada al templo.
tp:1:1:0:20:100:0:templo_de_hielo:Entras al templo.
z:80:84:0:15:Una intersección de caminos.
tp:80:84:0:10:99:0:camino_estearan:Cruzas la intersección, llegando al camino Estearan.
where:en el camino Esteárum
death:1:2000:0:100:30000:0:0:¡*nick* ;murió congelad*g*!;:joya_blanca:1:1
