map:camino_yand
maxx:401
maxy:50
p:0:401:0:concrete27
w:0:0:50:wallnone
w:401:0:50:wallnone
z:1:400:0:50:-
dv:camera
dv:coordenadas
ss2:1:400:0:50:50cancion.ogg:-5
ss:1:400:0:59:birds13.ogg
z:1:400:0:50:En el camino. El cemento de este es rústico, y suena cuando caminas. Este continúa hacia el norte y conecta con el bosque del fuego, y más allá, lo que parece ser una ciudad.
z:1:1:0:25:Puedes volver al bosque del fuego presionando enter aquí.
tp:1:1:0:0:300:0:bosque_de_fuego:Te adentras en este bosque, y te sorprendes al ver unas extrañas criaturas caminar y correr rugiendo por este.
z:60:60:0:25:Persona.
dlg:60:0:¡Mira mi nueva estela!:door17open.ogg
dlg:60:0:¿Es hermosa, la ves?:door17open.ogg
ss:60:60:0:0:person.ogg
z:130:130:0:25:Persona.
dlg:130:0:H, hola...:door17open.ogg
dlg:130:0:¡Un, un, gusto conocerte.:door17open.ogg
ss:130:130:0:0:person.ogg
z:220:220:0:25:Persona.
dlg:220:0:¡No entiendo por qué la ciudad de Marien está primero que mi ciudad!:door17open.ogg
dlg:220:0:¡Arg!:door17open.ogg
ss:220:220:0:0:person.ogg
z:300:300:0:25:Persona.
dlg:300:0:Las personas que no poseen el don de la magia perecen más rápido.:door17open.ogg
dlg:300:0:Sí, de verdad. Mi tío, que es un gran mago, tiene 155 años.:door17open.ogg
ss:300:300:0:0:person.ogg
z:380:380:0:25:Persona.
dlg:380:0:La ciudad Telaman es increíble.:door17open.ogg
dlg:380:0:Sí, en serio.:door17open.ogg
dlg:380:0:Carraspea.:door17open.ogg
dlg:380:0:Bueno, además también me pareció increíble porque he, conocí a una chica allí.:door17open.ogg
ss:380:380:0:0:person.ogg
z:400:400:0:25:Puedes continuar hacia una ciudad presionando enter aquí.
where:en el camino Yand
tp:400:400:0:25:1:0:ciudad_ulenden:Te adentras en esta ciudad.
teto:none
