map:casa_del_bosque
maxx:651
maxy:100
z:1:650:0:1000:-
w:651:0:100:walla
p:0:100:0:grass2
w:0:0:15:wallgeneric
w:500:0:15:wallgeneric
z:1:1:0:20:verja de hierro que marca la salida
z:2:99:0:24:Éste es el jardín frontal, que parte desde la verja hasta las mismas puertas de la casa, bajo la sombra de los inprecionantes árboles. La hierba es mullida y de un verde magestuoso, como la vida misma. Puede apreciarse el casi silencio total, teniendo sólo  como único sonido el canto de las aves en las frondosas ramas de los árboles, cuya fragancia llena el aire de aromas exquisitos.
sc:20:20:0:12:branch
z:20:20:0:15:Un formidable eucalipto se encuentra aquí, despidiendo su deliciosa fragancia
sc:30:30:0:10:branch
z:30:30:0:15:aquí se encuentra un jóven árbol de manzanas, lleno de fruta madura.
sc:60:60:0:10:branch
z:60:60:0:10:árbol.
z:60:60:0:15:El inprecionante árbol conocido como lluvia de oro se encuentra justo aquí, con sus bellísimas hojas lanzando destellos dorados al ser tocadas por los rayos de Sol.
w:100:0:44:wallboard
dr:99:0:101:25:200:none:none:door33open.ogg:door33close.ogg
dr:101:25:99:0:200:none:none:door33open.ogg:door33close.ogg
z:99:99:0:25:puerta demadera de roble de acceso a la casa.
ss:1:90:10:40:birds11.ogg
ss:1:90:10:40:birds16.ogg
z:101:101:25:40:puerta de salida al jardín frontal
p:101:200:25:concrete18
z:102:140:25:35:Sala de estar.  Adornada con rústicos muebles como sofás, y algúna que otra mesita, es el lugar perfecto para disfrutar de un buen descanso, y de lafrescura excelente  que proviene del jardín en un ambiente acogedor.
p:105:110:25:cloth
z:105:110:25:35:un enorme sofá se encuentra aquí. suave,  mullido, decorado con lindos dibujos de gatos.
p:115:117:25:madera vieja
z:115:117:25:35:una mesita de centro, hecha con madera de olivo. Sobre ella  hay un mantél amarillo con puntos asules, y sobre éste un bonito adorno de flores artificiales.
teto:none
z:124:125:25:35:Éste cuadro muestra una vista  panorámica de una gran ciudad. Rodeada por altas colinas, y con un espectáculo sublime de puntos danzantes, los cuales son las miles de luces provenientes del poblado  destellando en lalejanía, y proporcionando su fulgor para  iluminar las sombras de una noche nublada.
z:130:133:25:35:Aquí otro esponjoso sofá, cubierto por una tela bordada con tulipanes.
p:130:133:25:cloth
z:150:152:25:35:Ésta es una pequeña mesa, y sobre ella hay un retrato familiar enmarcado. A su lado, un florero con nrosas blancas y frescas
ss:1:90:0:35:birds24.ogg
w:179:25:35:walldoor
dr:178:25:180:25:200:none:none:door37open.ogg:door37close.ogg
dr:180:25:178:25:200:none:none:door37open.ogg:door37close.ogg
z:178:178:25:35:puerta que lleva a la cocina.
z:180:180:25:35:puerta que regresa al pacillo
sc:40:40:0:10:branch
z:40:40:0:10:árbol.
sc:141:144:25:50:piso
z:140:145:25:50:Una escalera de madera que lleva al segundo piso. Del lado derecho tiene una barandilla de metal, y sobre la pared del lado izquierdo y en una repisa, hay unas estilizadas figurillas de gatos hechas de yeso.
w:145:27:49:wallfence1
z:146:177:25:35:Pacillo a la cocina. Tiene un gran cuadro, y una mesita  con fotografías. más delante, otra puerta de madera.
p:155:157:25:madera vieja
z:155:157:25:35:Ésta es una pequeña mesa, y sobre ella hay un retrato familiar enmarcado. A su lado, un florero con nrosas blancas y frescas
z:165:170:25:35:En ésta pared, hay un cuadro con unhermoso paisaje nocturno. Es la pintura de un pequeño lago de aguas calmas, transparente cual sifuera cristal, e iluminado por la luz de la luna llena.  Y más ayá, un bellísimo bosque de verdes pinos y encinos proyectando sombras espectrales sobre el reflejo de las aguas.
p:180:250:25:concrete24
z:181:249:25:35:La cocina de ésta casa, es bastante grande. Contiene todo lo necesario para preparar deliciosos platillos. Desde una estufa casi industrial, pasando por pequeñas gabetas donde guardar los utencilios, y al final, una puerta de reja.
z:183:185:25:35:ilera de sillas. Son 3 las que se encuentran aquí,  cómodas sillas talladas en  madera, dándole un toque rústico al lugar y antecediendo la gran mesa.
p:183:185:25:bridge1
z:187:192:25:35:Mesa central. Ésta magnífica mesa, es grande, en ella cabrían unas seis personas. Está hecha de cristal, excepto por las patas y los soportes, que son de una madera gruesa pero bien tallada. Cada lugar tiene dispuestos los cubiertos,  que están sobre un mantel color obscuro, con unbordado de girasoles;  en su centro, hay una pequeña maseta con otro girasol.
z:194:196:25:35:Éstas, son las otras 3 sillas del comedor. Rústicas, sencillas y cómodas como las que están justo al otrolado de la mesa
p:187:192:25:glass3
p:194:196:25:bridge1
p:200:207:25:metal2
z:200:207:25:35:Aquí hay un enorme laba bajillas. y sobre él,  un mueble con varias puertas, en donde seguardan los utencilios de cocina.
p:201:206:28:deck
z:201:206:28:35:Gran mueble de madera,  con 6 gavetas para guardar sartenes y otras cosas.
p:210:213:25:madera pequeña
z:210:213:25:35:UUn mueble similar, también hecho de madera y con diferenttes gavetas se encuentra aquí, sólo que éste contiene todos los alimentos.
p:215:220:25:chair
z:215:220:25:35:Ésta mesa es casi tan grande como la anterior, apenas unos palmos más chica. Es la mesa de trabajo; más tosca que  aquella donde la familia se sienta a comer, pero ideal para  preparar todo tipo de alimentos;  está cubierta por un mantel de plástico transparente, y hay apoyados una tabla y un gran cuchillo de picar.
z:225:226:25:35:Las puertas dobles de un gran refrigerador, repleto de alimentos deliciosos.
ss:225:226:25:35:fridge2.ogg
ss:200:207:25:25:water1.ogg
p:235:240:25:beam
z:235:240:24:35:Aquí  está una gran estufa, de seis quemadores.  Al ser tan grande, porsupuesto, tiene un horno enorme también, que desprende calor constantemente por los alimentos que  se están cocinando justo ahora en su interior.
ss:235:240:25:30:fire1.ogg
p:245:245:25:bridge2
z:245:245:25:29:Una trampilla en el suelo.
dr:245:25:245:20:200:none:none:door40open.ogg:door40close.ogg
sc:245:245:0:20:bridge2
w2:245:246:23:24:wallbrick2
dr:245:20:245:25:200:none:none:door40open.ogg:door40close.ogg
z:245:245:20:24:Puerta de vuelta a la cocina
z:245:245:0:19:Escaleras desvencijadas.
w:246:0:24:walldebris1
w:244:3:24:walldebris
p:101:244:0:asfalto3
z:102:244:0:20:Zótano. Ubicado bajo la casa, es bastante frío, y algo húmedo. Sin embargo, está en excelente estado, bastante limpio. hay 2 puertas, parecen llevar a unas habitaciones. Más delante está elcuarto de lavado;  y a lolargo del lugar, hay pequeños fluorecentes como única iluminación.
z:230:234:0:15:Aquí está una gran lámpara, iluminando el lugar.
p:190:220:12:concreto19
dr:220:0:220:12:200:none:none:door22open.ogg:door22close.ogg
w:221:12:20:wallcomputer
dr:220:12:220:0:200:none:none:door22open.ogg:door22close.ogg
z:220:220:0:10:Pequeña puerta que conduce a una oficina
z:220:220:12:19:Puerta de salida de la oficina.
w:189:12:19:wallbank
z:180:219:12:19:Oficina. Es una estancia grande, pero acogedora. Cuenta con un escritorio, una silla, tomacorriente y muchos archiveros. una pequeña lámpara, ilumina el sitio
p:215:215:12:chair
z:215:215:12:19:Una cómoda silla de escritorio.
p:210:213:12:unstableplank
z:210:213:12:19:Escritorio de madera. Rústico al igual que casi todo en ésta casa; parece incluso con un tallado tosco, pero aún así es perfecto para el trabajo.
z:205:205:12:19:varios enchufes eléctricos
p:190:197:12:ladder
z:190:197:12:19:Éstos son unos grandes y repletos archivadores de metal.
p:175:185:10:cement3
w:186:10:20:wallbarrel
w:174:10:20:wallbarrel
dr:180:0:180:10:200:none:none:door43open.ogg:door43close.ogg
z:180:180:0:9:Puerta hacia un pequeño baño.
dr:180:10:180:0:200:none:none:door43open.ogg:door43close.ogg
z:175:185:10:20:Pequeño baño del zótano.
z:180:180:10:20:Puerta de salida al zótano
z:183:183:10:20:retrete
z:177:177:10:20:Labamanos
z:165:165:0:10:Aquí otra lámpara de luz titilante, iluminando el  camino.
w:129:0:20:wallborder
p:130:160:12:concrete14
dr:160:0:160:12:200:none:none:door23open.ogg:door23close.ogg
w:161:12:20:wallcomputer
dr:160:12:160:0:200:none:none:door23open.ogg:door23close.ogg
z:160:160:0:10:pequeña puerta de madera de entrada a un taller.
z:160:160:12:20:puerta de salida
z:130:159:12:20:Taller. Ésta es un área de trabajo,  bastante más abarrotada que la otra habitación, y con polvo de cerrín flotando en ciertos puntos. en ésta habitación, pueden encontrarse bastantes herramientas; desde clavos, destornilladores y martillos, hasta una enorme motocierra. Además, por el suelo, hay trozos de maderas de todo tamaño.
p:150:155:12:beam
z:150:155:12:20:Sobre ésta mesa de metal, varios tornillos y otras piezas sueltas están esparcidas.
p:137:143:12:madera vieja
z:137:143:12:20:trozos de madera vieja
dr:130:0:128:0:200:none:none:door14open.ogg:door14close.ogg
dr:128:0:130:0:200:none:none:door14open.ogg:door14close.ogg
z:130:130:0:10:puerta del área de labado
z:128:128:0:10:salida del cuarto de labado
w:119:0:20:wallborder
z:120:128:0:10:cuarto de labado. Es pequeño a comparación del resto de habitaciones; pero cuenta con su labadora, y cecadora
z:124:124:0:10:labadora
p:124:124:0:beam
z:120:120:0:10:cecadora
p:120:120:0:beam
p:100:200:50:madera pequeña
w:100:50:65:wallcontainer
z:101:200:50:69:Segundo piso. en ésta parte, están todas las habitaciones;  las principales, otras para wéspedes, y una sala de televisión
p:70:110:70:carpet4
dr:110:50:110:70:200:none:none:door24open.ogg:door24close.ogg
w:69:70:80:wallchain
p:50:68:70:concrete28
w:111:70:80:wallbank
dr:110:70:110:50:200:none:none:door24open.ogg:door24close.ogg
ss:30:80:30:60:birds11.ogg
ss:20:65:50:70:wind5.ogg
dr:70:70:68:70:200:none:none:door42open.ogg:door42close.ogg
dr:68:70:70:70:200:none:none:door42open.ogg:door42close.ogg
z:70:110:70:80:Habitación principal. Es una estansia elegante; todo el piso está cubierto por una fina y suaveal fombra.  cuenta con muebles de madera, su propio baño, y un balcón
z:110:110:50:60:bonita puerta de la habitación principal
z:110:110:70:80:salida de la habitación principal
p:102:107:72:madera contrachapada
z:102:107:70:80:aquí un ordenado y estilizado tocador, con algunos cajones que contienen ropa
z:99:99:70:75:mesita de noche
p:94:97:70:cloth
z:94:97:70:80:una cama grande,  confortable y calentita. Sobre ella estan extendidos dos cobertores; uno hecho de lana, el otro de algodón, color azul  y rojo, con dibujos de flores. y porsupuesto, 4 magníficas almohadas esponjosas
z:92:92:70:80:mesita de noche, con una lámpara ostentosa encima.
p:74:85:85:carpet
dr:85:70:85:85:200:none:none:door13open.ogg:door13close.ogg
w:86:85:100:wallbrick
w:73:85:100:wallbrick
z:74:85:85:100:un baño completo
dr:85:85:85:70:200:none:none:door13open.ogg:door13close.ogg
z:85:85:70:80:puerta hacia el baño
z:83:83:85:100:retrete
z:80:80:85:100:lavavo
z:74:78:85:100:jacusi
p:74:78:85:swimin
p:76:78:70:glass3
z:76:78:70:80:éste es un bonito y reluciente espejo
z:70:70:70:80:puerta corredera de salida al balcón
z:68:68:70:80:por aquí se vuelve a la habitación
w:49:70:80:wallbars
z:50:67:70:90:Balcón. desde aquí, se tiene una vista que sólo puede describirse como fascinante. Se logra ver todo el jardín, los árboles, y la verja de entrada; además, la brisa fresca que sopla en esta dirección, trae consigo los deliciosos aromas del bosque, haciendo de éste sitio un lugar lleno de pas
dr:120:50:121:85:200:none:none:door43open.ogg:door43close.ogg
p:120:145:85:wood3
w:120:85:100:wallborder
w:146:85:100:wallborder
dr:121:85:121:50:200:none:none:door43open.ogg:door43close.ogg
z:120:120:50:60:puerta a la sala de televisión
z:121:121:85:100:puerta de salida
z:122:145:85:100:sala de televisión. Con acogedores sofás, unosaltavoces, y  pantalla de conciderable tamaño, se vuelve el sitio ideal para pasar un excelente momento de entretenimiento
p:123:125:85:cloth
z:123:125:85:100:un cómodo sofá,  de lindos colores con dibujos  abstractos
z:130:133:85:100:teatro  en casa con cinco vocinas
z:140:145:85:100:enorme pantalla de 80 pulgadas
w:245:21:22:camerawall
p:150:160:65:cement2
w:149:65:100:wallbank
w:160:65:100:wallbank
dr:150:50:150:65:200:none:none:door43open.ogg:door43close.ogg
dr:150:65:150:50:200:none:none:door43open.ogg:door43close.ogg
z:150:150:50:60:puerta hacia un baño
z:150:150:65:90:salida
z:151:159:65:90:unpequeño pero elegante baño de la planta superior.
z:153:153:65:70:labamanos
z:155:155:65:70:retrete
z:158:159:65:70:ducha
dr:152:65:152:90:200:none:none:door07.ogg:door10.ogg
p:150:159:90:swimming1
z:150:159:90:100:jacusi. Tan grande como todo el baño, es perfecto para la relajación;  el agua está a una temperatura agradable, y junto con las sales de baño,  es  un sitio excelente
dr:152:90:152:65:200:none:none:door10.ogg:door10.ogg
z:152:152:90:100:Puerta de vuelta al baño
z:152:152:65:70:pequeña  puerta de entrada al jacusi
p:161:180:70:carpet2
dr:170:50:170:70:200:none:none:door05.ogg:door05.ogg
w:181:70:100:wallbank
dr:170:70:170:50:200:none:none:door05.ogg:door05.ogg
z:170:170:50:60:Puerta de una habitación
z:160:180:70:85:Habitación. El suelo está cubierto por una fina alfombra color azul;  apesar de ser un espacio pequeño, es un sitio acogedor,  el lugar perfecto para tomar un excelente descanzo.
z:170:170:70:85:Puerta de regreso al segundo piso de la mansión
p:161:165:85:carpet7
w:166:85:100:wallbarrel
dr:165:70:165:85:200:none:none:door02.ogg:door02.ogg
dr:165:85:165:70:200:none:none:door02.ogg:door02.ogg
z:160:165:85:100:guardarropa.  Es estrecho, pero con perchas bien organizadas en distintos tuvos
z:165:165:70:80:Entrada al guardarropa
z:167:169:70:80:Un compacto mueble donde guardar diversos  objetos
z:176:176:70:80:mesilla de noche
p:176:176:70:unstableplank
p:177:179:70:cloth
z:177:179:70:80:cama suave y confortable. cubierta por un voluminoso cobertor, y  unas mullidas  almohadas.
z:180:180:70:80:mesilla de noche
p:180:180:70:plank
p:182:200:70:carpet4
dr:190:50:190:70:200:none:none:door22open.ogg:door23close.ogg
w:201:70:100:wallbank
dr:190:70:190:50:200:none:none:door22open.ogg:door23close.ogg
z:190:190:50:69:puerta hacia una habitación
z:182:200:70:85:Otra acogedora habitación. También de piso alfombrado, ésta vez en color negro con toques dorados, bastante elegante. Sin duda, un lugar genial para tomar una ciesta.
z:190:190:70:84:puerta de salida
p:195:200:85:carpet7
w:194:85:100:wallbarrel
dr:195:70:195:85:200:none:none:door02.ogg:door02.ogg
dr:195:85:195:70:200:none:none:door02.ogg:door02.ogg
z:195:200:85:100:guardarropa.  Es estrecho, pero con perchas bien organizadas en distintos tuvos
z:195:195:70:84:Entrada al guardarropa
p:200:200:70:glass3
z:200:200:70:84:un espejo hornamentado, de marco grueso y reluciente ccristal.
z:196:197:70:84:Éste es un tocador, hecho de madera; cuenta con varias gabetas para guardar objetos
p:196:197:70:madera contrachapada
z:192:193:70:84:Aquí, hay un bello cuadro. Es  la imágen del reflejo de un cielo despejado, sobre las aguas cristalinas del mar, dándole un tono azulado. Pueden divisarse las ondas creadas por la baja marea, y la arena blanca destellando a  la luz del sol.
w:201:50:100:wallborder
p:186:188:70:cloth
z:186:188:70:85:Una pequeña cama,  con un edredón en tonos pastel, y con dibujos de aves  surcando un cielo  azul
p:183:184:70:plank
z:183:184:70:84:Mesita de noche. Sobre ella, hay una lamparita con forma de estrella, que despide una luz multicolor
w:249:0:49:wallchain
dr:248:25:250:15:200:none:none:door39open.ogg:door39close.ogg
p:250:300:15:plank
dr:250:15:248:25:200:none:none:door39open.ogg:door39close.ogg
z:248:248:25:49:Cancela de salida al porche trasero
z:250:250:15:25:cancela de regreso a la cocina
z:251:300:15:25:Porche de madera.  Con una esplendorosa vista a los  terrenos traseros de la casa,  tiene algunos  sitios para sentarse, y pasar un rato agradable al aire libre y disfrutando  de la fresca brisa que sopla entre los árboles.
ss:250:300:17:30:birds7.ogg
ss:250:300:19:30:wind4.ogg
p:254:259:15:bridge1
z:254:259:15:30:cómodas sillitas de madera.
p:260:265:15:deck
z:260:265:15:30:Ésta es una larga mesa de madera color caova, haciendo juego con las sillas.
p:270:275:15:bridge1
z:270:275:15:30:cómodas sillitas de madera color miel.
p:276:280:15:deck
z:276:280:15:30:Ésta es una larga y fina  mesa hecha con madera de parota, que también hace juego con ésta fila de sillas.
z:285:295:15:18:zona de mullidas amacas.
p:285:295:19:cloth
w:284:19:23:wallgrassdirt
w:296:19:23:wallgrassdirt
z:285:295:19:30:amacas. suaves, confortables, nada mejor para tomar una larga ciesta. Siendo valanceadas por el viento, y con el canto de las aves como el más suave de los  arrullos.
w:300:1:30:wallbars
sc:297:299:0:15:plank
w:296:0:14:wallbars
z:297:299:0:14:una ancha escalera de madera.
p:300:350:0:grass
z:300:350:0:20:Jardín trasero. La hierba aquí cubre el suelo en una capa fina; algunos arbustos y flores crecen a lo largo de ésta pequeña parte. Más ayá, se aprecia una verja que delimita el terreno y al otro lado, una zona de vegetación más espesa.
ss:300:400:0:20:birds24.ogg
ss:300:400:0:20:birds.ogg
sc:305:305:0:10:branch
z:305:305:0:15:aquí crece un árbol de limas;  sus ramas ya tienen hojas verdes, y pequeñas espinitas  puntiagudas.
sc:315:315:0:10:branch
z:315:315:0:20:Éste es un árbol arcoíris; de tronco delgado, con múltiples ramas extendiéndose hacia rriba y a los costados. Sus hojas son verdes, y con una característica forma de corazón; lisas por un lado, y con cientos de líneas sobrepuestas por el otro. Y lo más destacado; sus lindas flores multicolor.
sc:325:325:0:5:grass5
z:325:325:0:15:Arbusto pequeño, de hojas alargadas y florecitas amarillas y naranjas.
sc:335:335:0:10:branch
z:335:335:0:20:Extendiendo sus delgadas ramas, está aquí una moringa. Las ramas que parten desde la mitad de su delgado tronco, están cargadas con hojas pequeñas, redondeadas y color verde, que desprenden un aroma intenso. Las flores son igualmente pequeñas, y sus bainas de textura rugosa y sabor amargo.
sc:345:345:0:10:branch
z:345:345:0:20:Aquí está un fuerte guallavo, con sus ramas robustas extendiéndose ahí en lo alto, y cargadas de enormes y deliciosos frutos.
w:350:0:30:wallfence6
dr:349:0:351:0:200:none:none:door39open.ogg:door39close.ogg
dr:351:0:349:0:200:none:none:door39open.ogg:door39close.ogg
z:349:349:0:20:Verja de salida. Más ayá, una gran extención de hierba logra apreciarse.
z:351:351:0:20:Verja hacia el interior de la casa.
p:351:600:0:grass2
ss:355:454:0:20:birds21.ogg
z:352:450:0:20:Bosque aledaño. aunque está dentro de los límites de la propiedad, no forma  parte  de la casa. éste es un lugar espectacular. La vegetación crece alta y libre, y algunos árboles asoman por aquí y ayá; el viento susurra entre ellos, y más de aquellas bellísimas aves suman sus voces dulces a la melodía; y ahí, también cantando, puede escucharse algo que sólo podría ser un arollo fluyendo.
ss:352:454:5:20:wind5.ogg
ss:355:454:5:20:birds23.ogg
p:390:420:0:grass5
p:420:450:0:thickforrest1
z:420:450:0:20:Aquí la vegetación crece alta y espesa, casi ocultando la luz del sol. no se logra ver más ayá de unos metros, devido a la maleza tupida que hay; sin embargo, se alcanza a escuchar el fluír del agua más delante.
p:451:455:0:mud
z:451:455:0:20:Un claro en medio del bosque. Al llegar a ésta parte del bosque, la vista es genial; mirando hacia atrás sólo se logra ver la tupida vegetación, y la cilueta de la casa que está casi por completo oculta tras la maraña de plantas. Y  La hierba que cubríael suelo se ha ido, dejando ahora una capa de lodo;  mirando  a la derecha, se encuentra la fuente de la que provenía tan singular sonido; es un arrollo, que fluye con una tranquilidad fenomenal. En la otra orilla, hay otrapared de tupida vegetación.
p:456:476:0:water4
z:456:476:0:20:Aquí está, el arrollo cristalino, que separa ambas partes del bosque. Es de poca profundidad, y sus aguas fluyen peresosas y relajantes; aquí el sonido del bosque se ha desvanecido un poco, y sólo queda la brisa que sopla suave como una caricia, y el cantar del agua.  Éste lugar es casi mágico, como si fuese un escondite, un punto inalcanzable para el resto del mundo, y oculto tras las dos paredes de vegetación. En definitiva, sin forma de que nadie pudiese encontrarlo y perturvar su paz.
ss:456:476:0:15:waterflow3.ogg
p:477:480:0:mud
z:477:480:0:20:Orilla derecha del arrollo. Igual cubierta por una fina capa de lodo, y la pared de malesa ante ella. Más ayá, la espezura del bosque continúa, y el sonido del agua se desvanece.
p:480:510:0:thickforrest
z:480:510:0:20:La vegetación aquí vuelve a ser espesa, de nuevo casi ocultando la luz del sol. Y  a medida que se avanza,  el bosque vuelve a llenarse de los obnipresentes cantos de aves y demás sonidos, como si incluso los animales del bosque supiesen que aquél claro es un pequeño rincón de paz, un santuario.
ss:480:595:0:60:birds10.ogg
ss:480:600:0:65:birds21.ogg
ss:500:595:0:25birds6.ogg
p:511:540:0:grass5
z:511:540:0:20:Poco a poco  la vegetación va disminuyendo; y ahora, pueden verse los rayos del sol filtrarse entre el docel de hojas; por la iluminación que otorgan, se alcanza  a divisar a lo lejos, lo que parece ser una parte ascendente del terreno.
z:540:570:0:25:Aquí, la hierba se hace más corta, pero aún así abundante. Y se consigue ver con más claridad lo que hay delante; efectivamente, se trata de una elevación en el terreno, como si fuese una pequeña colina; y más arriba, se recorta contra el cielo, la cilueta de lo que parece ser una construcción.
w:576:0:29:wallgrassdirt
sc:570:575:0:30:grass2
p:576:650:30:grass2
z:570:575:0:29:una ancha  colina; ya casi en los límites de la propiedad, se encuentra  ésta loma natural que hasciende,  y parece llevar  hacia una construcción de madera.
z:570:598:30:45:Un camino de verde hierba que conduce a las puertas de la cabaña.
sc:590:590:30:45:branch
z:590:590:30:50:Éste  fuerte árbol, otorga sombra a la cabaña demadera que hay más ayá.  apesar de ser delgado, sus ramas extendidas hacia los costados bloquean parte de la luz solar.
w:599:30:49:walldoor
dr:598:30:600:30:200:none:none:door33open.ogg:door33close.ogg
dr:600:30:598:30:200:none:none:door33open.ogg:door33close.ogg
z:598:598:30:40:Gruesa puerta demadera.
z:600:600:30:40:Puerta de regreso al bosque.
z:601:650:30:40:Acogedora cabaña. Alejada de la casa principal, esta pequeña construcción está en el límite de la propiedad, y a la zombra del gran árbol que apesar de no dejar ver el bosque desde ésta elevación, también la oculta a la vista de curiosos. Tiene un par dehabitaciónes, una chimenea, y la paz que sólo la naturaleza puede dar.
p:600:650:30:plank
p:605:607:30:cloth
z:605:607:30:40:El único sofá que adorna la sencilla sala de estar de la  cabaña. es sin duda cómodo, y suave.
p:610:611:30:madera contrachapada
z:610:611:30:40:Mesita rústica y algo desvencijada. sobre ella hay un florero pequeño de cristal, y una lámpara de cuarzo.
sc:620:620:30:50:wood2
p:614:617:30:stone
z:614:617:30:40:Ésta es la chimenea, está hecha de piedra y cuyo fuego calienta la cabaña. Está siempre encendido,  y su crepitar resulta muy relajante,  sobre todo en esas  frías noches de jélido viento.
w:619:31:49:wallbrick
w:621:31:49:wallbrick
z:620:620:30:49:Escalera estrecha, también de madera que lleva al segundo piso.
w:629:30:49:walldoor
dr:628:30:630:30:200:none:none:door03.ogg:door03.ogg
dr:630:30:628:30:200:none:none:door03.ogg:door03.ogg
z:628:628:30:40:Pequeña puerta de la cocina.
z:630:630:30:40:salida de vuelta a la sala.
ss:614:617:30:40:fire1.ogg
z:625:625:30:40:Adornando ésta pared, se encuentra una magnífica pintura; es un paisaje casi de ensueño, todo absolutamente blanco. se trata de un bosque boreal, con altísimos pinos por todas partes, cubiertos en su totalidad por nieve. En el lado izquierdo de lapintura, se  aprecia lo que parece ser un lago, con la capa superior de sus aguas cubiertas de hielo también. Y en el cielo,  esponjosas nubes blancas, dándole  un toque neblinoso al lugar.
z:631:650:30:45:La cocina. NO es muy grande ni muy  pequeña, pero está perfectamente equipada para preparar todo tipo de alimentos.  sus muebles son algo toscos y hechos de madera, dándole así  un toque de antigüedad al sitio.
p:633:635:30:madera vieja
z:633:635:30:40:un par de sillitas de madera de cedro, con algunos dibujos de estrellas tallados en su respaldo.
p:636:638:30:maderadura
z:636:638:30:40:ésta es la mesita del comedor. Es de madera algo gruesa, y con algunos tallados en sus costados;  parecen ser algún tipo de figuras geométricas. Enmedio deella, hayuna  parte que no es de madera, si no cristal; bajo éste, hay una especie de cuadro en la madera, que  tiene el dibujo de un lago  con  peces multicolores.
p:639:641:30:madera vieja
z:639:641:30:40:otra fila de sillitas, también de madera de cedro, pero con dibujos de nubes sobre los respaldos y  reposabrazos.
p:644:648:30:metal2
z:644:648:30:40:Una gran encimera. A diferencia de todo en ésta cabaña, ésto no está hecho de madera, sino de metal. Aquí está el  labaplatos, la estufa y más arriba, una  conpacta alacena de madera.
z:645:645:30:40:Laba platos
z:648:648:30:40:Una pequeña estufa a leña.
z:650:650:30:40:Refrigerador.
ss:650:650:30:40:fridge2.ogg
ss:648:648:30:40:fire1.ogg
p:600:650:50:bridge2
z:600:650:50:70:Segundo piso. La madera aquí está un poco más desgastada, y con cada paso el crugido no se hace esperar. Sin embargo, sigue siendo resistente; en éste piso, sólo hayun par dehabitaciones, y algunos adornos en las paredes.
w:620:55:75:wallwood1
w:630:55:100:wallwood1
p:621:629:65:deck
dr:621:50:621:65:200:none:none:door02.ogg:door02.ogg
dr:621:65:621:50:200:none:none:door02.ogg:door02.ogg
z:621:621:50:64:Puerta hacia un baño
z:621:621:65:80:Puerta de salida
z:622:629:65:80:baño. Está ubicado entre las dos habitaciones, con un suelo de fina madera.
z:623:623:65:70:lavamanos
z:625:625:65:70:retrete
z:627:627:65:70:ducha
z:629:629:65:75:Un fino espejo de delgado cristal, y marco lustrozo y hornamentado.
sc:629:629:65:70:glass3
w:599:50:100:wallglass
p:644:648:34:madera pequeña
z:644:648:34:40:suspendido sobre la encimera, se encuentra aquí un mueble con puertesillas y estantes para almacenar los objetos; unaparte contiene los alimentos, y la otra todo tipo de utencilios de cocina.
w:619:70:100:wallwood1
dr:619:50:618:70:200:none:none:door21open.ogg:door21close.ogg
dr:618:70:619:50:200:none:none:door21open.ogg:door21close.ogg
p:600:618:70:wood5
z:619:619:50:69:Puerta de una habitación
z:618:618:70:90:Puerta de salida
z:600:617:70:90:Habitación principal. Quizá sea la más estrecha, pero es por mucho la mejor;  todo está decorado con dibujos abstractos que cubren los edredones de la cama, almohadas, y están también tallados en los muebles. Pero lo mejor, es el ventanal del lado izquierdo, que ofrece una vista preciosa.
p:613:615:70:madera contrachapada
z:613:615:70:90:Un mueble tocador de baja altura, con estantes por un lado, en los cuales se almacenan ropa y otras cosas.
p:611:611:70:unstableplank
z:611:611:70:90:Una mesilla de noche. de sólo 3 patas, parece un tanto inestable, como si fuera a caerse. sin embargo, se mantiene perfectamente, y su  superficie es de pulida madera.
p:608:609:70:cloth
z:608:609:70:90:Ésta es la cama, bastante grande a comparación de casi todo en ésta cabaña. Con 4 almohadas esponjosas, y varios cobertores gruesos.
p:606:606:70:unstableplank
z:606:606:70:90:Una mesilla de noche. de sólo 3 patas, parece un tanto inestable, como si fuera a caerse. sin embargo, se mantiene perfectamente, y su  superficie es de pulida madera. Sobre ella, hay un porta retrato con una fotografía a blanco y negro, y también una pequeña  lamparita de cuarzo.
z:600:600:70:90:Un enorme ventanal. Abarcando desde el segundo piso, éste ventanal otorga una vista inprecionante. Apenas sobre pasando el árbol que da sombra a la parte baja de la cabaña  y debido a la elevación del terreno en la que se ubica, desde éste punto se consigue ver, absolutamente todo. El bosque y su vegetación, lejanas las aguas del pequeño arrollo , un poco del jardín y más ayá, destellando en la  lejanía, las luces de la casa principal.
p:631:650:70:wood3
dr:631:50:631:70:200:none:none:door21open.ogg:door22close.ogg
dr:631:70:631:50:200:none:none:door21open.ogg:door22close.ogg
z:631:631:50:69:Puerta de una habitación
z:631:631:70:90:Salida
z:632:650:70:90:Habitación. Perfecta cuando se quiere estar con tranquilidad; los  sonidos del exterior no llegan hasta aquí,  por lo que el silencio absoluto reina. y adiferencia de la que se encuentra al otro extemo del pacillo, ésta  parece estar más vacía.
p:633:636:70:madera pequeña
z:633:636:70:90:Éste es un gran armario, bastante  ancho. dentro se ven largos tubos, y en ellos colgadas multitud de perchas con ropa.
p:640:642:70:unstableplank
z:640:642:70:90:Una mesa de madera. Es grande también, y utilizada en lugar de mesita de noche. Sobre ella hay apoyada una gran lámpara que ilumina toda la habitación; también, hay un florero con rosas de varios colores.
p:645:646:70:cloth
z:645:645:70:90:La cama deésta habitación es más sencilla. tiene edredones y sábanas a juego, sin embargo son sencillas, sin  ningún estampado ni figura deningún tipo. Lo único que se destaca, es que ocupando casi toda la cama, hay varios muñecos de peluche.
z:600:600:50:69:Un enorme ventanal. Casi no puede verse más ayá, debido al árbol que crece casi a las puertas de la cabaña. sin embargo, se escucha el canto de las aves, y los rayos de sol entran dándole calidez al lugar.
z:604:605:50:69:Ésta es una pintura, de una bella selva tropical. Puede verse multitud de árboles,  algunos  de troncos robustos, otros más estrechos. y también, se aprecia un  ancho río fluyendo, desde las  altas montañas escarpadas, cruzando por la selva y continuando su curso  hasta donde alcanza la vista.
z:610:612:50:69:La pintura que está aquí, es más grande que la anterior.  representa una sierra, llena de altísimos pinos, robustos robles, espinosos wisaches, y montón de árboles frutales como durasnos, tejocotes,  o tunas. Pueden verse en elfondo las siluetas de los altos cerros cubiertos de vegetación,  y    llanuras pedregosas.
z:615:616:70:69:Aquí hay un cuadro, que muestra una casa, en un terreno parecidoal de la pintura anterior; con los cerros, y los distintos árboles. la casita parece ser de piedra, con dos plantas.  Y ahi,   ambos costados, se observan grandes corrales, repletos de ganado. caballos, vacas, cerdos y obejas.
z:625:628:50:69:Otra pintura se muestra aquí; pareciese, que las últimas 2, estuviecen relacionadas  entre sí, y también con ésta. Aquí, se observa lo que parece ser un cembradío; hay  estrechas y altas hileras de milpas, con mazorcas listaspara ser extraídas. además,  se logran ver espinosos arbustos de moras, y muchísimos  tipos de diferentes plantas como calavazas, cañas, y demás.
lv:80:85
rt:83:85
