map:casa_de_merlin
maxx:171
maxy:100
p:0:171:0:concrete
w:0:0:100:camerawall
w:171:0:100:camerawall
p:1:40:0:concrete3
teto:none
z:52:52:50:60:computadora.
z:1:1:0:40:puerta de salida.
z:2:2:21:26:computadora.
z:2:38:0:20:patio encementado.
z:8:8:0:17:hermoso árbol de naranjas.
sc:8:8:0:10:branch
ss:1:39:0:14:birds10.ogg
z:13:13:0:17:un bello limonero se encuentra aquí.
sc:13:13:0:10:branch
z:18:18:0:17:cerezo con las hojas más hermosas que se puedan haber visto.
sc:18:18:0:10:branch
z:24:25:0:7:una hermosa fuente.
ss:24:25:0:4:fonteagua.ogg
z:35:37:0:0:silla de concreto.
z:39:39:0:20:puerta de acceso hacia la sala de estar.
w:40:0:20:walldoor
dr:39:0:41:0:0:none:none:door6open.ogg:door6close.ogg
p:41:70:0:carpet
z:41:41:0:20:puerta hacia el patio.
dr:41:0:39:0:0:none:none:door6open.ogg:door6close.ogg
z:42:43:0:20:sala de estar.
z:44:46:0:0:gran sofá.
p:44:46:0:cloth
z:47:47:0:20:sala de estar.
z:44:46:1:20:sala de estar.
z:48:48:0:0:mesa de madera.
z:48:48:1:20:sala de estar.
p:48:48:0:wood2
z:49:49:0:20:sala de estar.
z:50:52:0:0:gran sofá.
z:50:52:1:20:sala de estar.
p:50:52:0:cloth
z:53:54:0:20:sala de estar.
z:55:56:0:20:televisión de 80 pulgadas.
z:57:58:0:20:sala de estar.
z:59:60:0:20:escalera hacia el segundo piso.
sc:59:60:0:21:caverna2
w:58:1:21:wallglass
w:61:1:21:wallglass
p:50:80:21:concrete5
w:49:21:60:wallbank
z:50:50:21:49:puerta hacia la habitación.
dr:50:21:50:50:10:none:none:door2open.ogg:door2close.ogg
p:50:65:50:carpet2
z:50:50:50:60:puerta hacia el pasillo.
dr:50:50:50:21:10:none:none:door2open.ogg:door2close.ogg
z:51:51:50:60:habitación.
z:53:53:50:60:habitación.
z:54:55:50:60:cama matrimonial.
p:54:55:50:cloth
z:56:57:50:60:habitación.
z:58:58:50:60:mesita de noche.
z:59:60:50:60:habitación.
z:61:62:50:60:gran espejo tocador.
z:63:63:50:60:habitación.
z:64:64:50:60:ropero.
z:65:65:50:60:habitación.
w:66:50:60:camerawall
z:51:66:21:49:pasillo.
z:67:67:21:49:puerta hacia el baño.
dr:67:21:67:50:10:none:none:door2open.ogg:door2close.ogg
p:67:77:50:cement
p:59:60:21:caverna2
z:67:67:50:60:puerta hacia el pasillo.
dr:67:50:67:21:10:none:none:door2open.ogg:door2close.ogg
z:68:68:50:60:baño.
z:69:69:50:60:lavabo con espejo.
z:70:71:50:60:baño.
z:72:72:50:50:Vaso sanitário.
z:72:72:51:60:baño.
z:73:74:50:60:baño.
z:75:76:50:60:ducha.
w:77:50:60:camerawall
z:68:80:21:49:pasillo.
w:81:21:49:camerawall
p:61:90:0:marble
z:61:64:0:20:pasillo.
z:65:65:0:20:puerta hacia la cocina.
w:66:0:20:wallglass
dr:65:0:67:0:10:none:none:door2open.ogg:door2close.ogg
z:67:67:0:20:puerta hacia la sala de estar.
dr:67:0:65:0:10:none:none:door2open.ogg:door2close.ogg
z:66:66:0:20:...
z:68:68:0:20:cocina.
z:69:70:0:20:barra de concreto donde se encuentran los condimentos y algunos utencilios para cocinar.
z:71:71:0:20:cocina.
z:72:72:0:20:estufa.
z:73:73:0:20:cocina.
z:74:75:0:20:armario de los cubiertos.
z:76:76:0:20:cocina.
z:77:77:0:20:silla.
z:78:79:0:20:mesa de madera.
z:80:80:0:20:silla.
z:81:82:0:20:cocina.
z:83:84:0:20:refrigerador de doble puerta.
p:77:77:0:chair
p:78:79:0:wood2
p:80:80:0:chair
ss:83:84:0:0:fridge2.ogg
z:85:88:0:20:cocina.
z:89:89:0:20:puerta hacia el jardín.
w:90:0:20:walldoor
dr:89:0:91:0:10:none:none:door2open.ogg:door2close.ogg
p:91:200:0:calcada
p:91:95:0:concrete6
z:91:91:0:20:puerta hacia la cocina.
dr:91:0:89:0:10:none:none:door2open.ogg:door2close.ogg
z:92:95:0:20:camino de piedras.
p:96:140:0:grass
z:96:110:0:20:jardín.
ss:96:133:0:5:birds11.ogg
z:111:113:0:20:mesa y sillas con una sombrilla.
p:111:113:0:wood2
z:114:117:0:20:jardín.
z:118:120:0:20:mesa y sillas con una sombrilla.
p:118:120:0:wood2
z:121:139:0:20:jardín.
p:140:160:0:sand
z:140:160:0:20:camino hacia el balcón que da vista al mar.
ss:145:160:0:10:ocean1.ogg
z:160:160:0:20:balcón. aquí puedes ver el hermoso paisaje de la playa que está al sur de esta calle. grandes olas acompañado del bello color de la arena, hacen de esta vista, algo único.
w:161:0:7:wallbank
sc:1:1:5:21:wood2
p:1:20:21:carpet2
z:1:20:21:30:área secreta.
z:6:6:21:30:puerta hacia el pequeño baño de esta zona.
w:7:21:30:wallcar2
dr:6:21:8:21:10:none:none:door2open.ogg:door2close.ogg
z:8:8:21:30:puerta de salida.
dr:8:21:6:21:10:none:none:door2open.ogg:door2close.ogg
p:8:20:21:cement
z:9:20:21:30:baño del área secreta.
z:14:14:21:21:Vaso sanitário.
z:16:16:21:21:lavabo.
w:21:21:30:camerawall
z:1:1:5:20:escalera.
z:4:4:21:21:Um grande baú de madeira. Parece trancado.
dv:bicicleta
dv:camera
dv:coordenadas
dv:baculo
tp:1:1:0:0:45:0:barrio_residencial:Você sai de sua casa.
