map:castillo1
maxx:101
maxy:301
p:0:101:0:tile1
w:0:0:301:wallnone
w:101:0:301:wallnone
z:1:300:0:300:-
dv:coordenadas
dv:camera
teto:none
where:en el castillo Saree
ss2:1:300:0:300:277cancion.ogg:-3
z:1:300:0:300:Dentro del castillo Saree. Te quedas sorprendid*g* al ver algo que no te esperabas. Todo el lugar está cubierto por grandes columnas de mármol en las cuales hay fotos colgadas, todas de distinta forma y tamaño. Al lado de cada imagen hay un gran lienzo con texto en él. El lugar es muy alto, ameno y hermoso, y hay mucha gente aquí.
z:6:6:0:25:Persona.
dlg:6:0:¡Hola!:door17open.ogg
dlg:6:0:¡Bienvenid*g* al segundo piso del castillo Saree!:door17open.ogg
dlg:6:0:Si no sabes qué es este lugar, yo te explico.:door17open.ogg
dlg:6:0:En esta parte del castillo almacenamos cuadros de las personas más importantes, que han descubierto o inventado cosas impresionantes, interesantes y únicas.:door17open.ogg
dlg:6:0:Al fondo del lugar, hay un inmenso recipiente con fichas. Son para armar un rompecabezas. Es algo opcional, pero si quieres puedes hacerlo.:door17open.ogg
dlg:6:0:¡Espero que te la pases muy bien!:door17open.ogg
ss:6:6:0:0:person.ogg
sc:13:15:0:20:marble2
z:13:15:0:50:Columna de mármol, en la cual está pegado el cuadro de un hombre, mirando hacia el cielo con una gran sonrisa. Al lado del cuadro hay un texto que dice. Dilam Marieyer Zonen (75 años) descubrió el planeta Donzuan hace unos años.
sc:20:22:0:20:marble2
z:20:22:0:50:Columna de mármol, en la cual está pegado el cuadro de una mujer mirando hacia el cielo. Un texto al lado dice. Naria Goladrick (32 años) descubrió la forma de combinar la tecnología y la magia en las naves espaciales para que estas no consumieran combustible.
sc:26:28:0:20:marble2
z:26:28:0:25:Columna de mármol, en la cual está pegado el cuadro de una mujer con un vestido blanco con encajes. Un texto a su lado indica. Antonieta Rosalba Dokaien (42 años) encontró por primera vez a las criaturas llamadas Gareden.
sc:31:33:0:20:marble2
z:31:33:0:20:Columna de mármol, en la cual está pegado el cuadro de un hombre con los brazos abiertos. Un texto a su lado dice. Andrell Dord (112 años) descubrió el hechizo agujero negro.
sc:36:38:0:20:marble2
z:36:38:0:50:Columna de mármol, en la cual está pegado el cuadro de un joven. Un texto a su lado dice. Arger ricel (122 años) descubrió el planeta Qaryen.
sc:43:45:0:50:marble2
z:43:45:0:50:Columna de mármol, en la cual está pegado el cuadro de una mujer. Un texto a su lado reza. Mariana Irian Golmdiall (1 años) cartografió el continente del aire en su totalidad.
sc:50:52:0:25:marble2
z:50:52:0:50:Columna de mármol, en la cual está pegado el cuadro de un niño. Un texto en su lado dice. Erduin poloen (223 años) descubrió accidentalmente las riquezas de las minas Crozlan.
sc:56:58:0:20:marble2
z:56:58:0:50:Columna de mármol, en la cual está pegado el cuadro de un hombre en una playa. Un texto al lado dice. Edward Dereckendell (2555 años) descubrió la arena dorada.
sc:63:65:0:20:marble2
z:63:65:0:50:Columna de mármol, en la cual está pegado el cuadro de una mujer de tez blanca de pie sobre un gran barco. Un texto a su lado dice. Irma Doranill (25 años) inventó el nuevo modelo de barcos, que ahora es el más usado.
z:70:72:0:50:Columna de mármol, en la cual está pegado el cuadro de un hombre. Un texto a su lado dice. Berdn Fie (2443 años) descubrió el quinto flujo en la magia.
sc:70:72:0:20:marble2
sc:78:80:0:20:marble2
z:78:80:0:50:Columna de mármol, en la cual está pegado el cuadro de un hombre. Un texto a su lado dice. Carie Ladin (100 años) destruyó la organización oscura llamada los del fuego.
sc:85:87:0:20:marble2
z:85:87:0:50:Columna de mármol, en la cual está pegado el cuadro de una mujer que dice. Karina Roodia Lell (888 años) encontró muchos tesoros a lo largo de su vida.
z:96:100:0:50:Gran recipiente colgado en la pared. Es metálico, y dentro hay muchas fichas cuadradas.
z:1:1:0:25:Para volver a la otra parte del castillo, presiona enter.
tp:1:1:0:0:75:30:castillo_saree:Vuelves a la escalera.
z:40:40:0:25:Persona.
dlg:40:0:Me da miedo el primer piso de este castillo histórico.:door17open.ogg
ss:40:40:0:0:person.ogg
z:61:61:0:25:Persona.
dlg:61:0:No he podido armar la figura del rompecabezas.:door17open.ogg
dlg:61:0:Sí, me dejó medio confundido el hecho de que al mirar desde lejos el recipiente, se veían fichas normales, pero...Al tocarlo, no sé, fue raro, te lo digo.:door17open.ogg
ss:61:61:0:0:person.ogg
z:76:76:0:25:Persona.
dlg:76:0:No deberías estar aquí, este lugar solo es para personas ricas.:door17open.ogg
ss:76:76:0:0:person.ogg
z:94:94:0:25:Persona.
dlg:94:0:El continente de tierra es el más grande, ¡está comprobado!:door17open.ogg
ss:94:94:0:0:person.ogg
tp:96:100:0:0:1:0:recipiente:Tocas el objeto, y algo te absorve. Unas indicaciones mentales llegan hasta ti. Construye el objeto interdimensional con todas estas piezas.
