map:celda
maxx:21
maxy:50
p:0:21:0:metal3
w:0:0:50:wallnone
w:21:0:50:wallnone
z:1:20:0:50:-
dv:camera
dv:coordenadas
teto:none
dv:portal
dv:runa_dorada
w:21:0:50:wallmetal4
w:0:0:50:wallmetal4
ss2:1:20:0:50:202cancion.ogg:-1
z:1:1:0:25:salida de la celda.
where:en una celda
z:2:20:0:50:dentro de la celda. un brillo leve cubre la estancia, iluminando levemente el lugar. la celda parece estar hecha de metal completamente, y en el medio de esta hay un hombre rodeado por una gran oscuridad absoluta. el hombre está mirando hacia el suelo, con un báculo negro en sus manos.
z:10:10:0:25:persona.
tp:10:10:24:24:1:0:celdass:-
ss:10:10:0:0:person.ogg
tp:1:1:0:0:100:0:calabozo:Te alejas de la extraña celda.
dr:10:0:10:1:200:none:none:none:door17open.ogg
dr:10:1:10:2:200:none:none:none:door17open.ogg
dr:10:2:10:3:200:none:none:none:door17open.ogg
dr:10:3:10:4:200:none:none:none:door17open.ogg
dr:10:4:10:5:200:none:none:none:door17open.ogg
dr:10:5:10:6:200:none:none:none:door17open.ogg
dr:10:6:10:7:200:none:none:none:door17open.ogg
dr:10:7:10:8:200:none:none:none:door17open.ogg
dr:10:8:10:9:200:none:none:none:door17open.ogg
dr:10:9:10:10:200:none:none:none:door17open.ogg
dr:10:10:10:11:200:none:none:none:door17open.ogg
dr:10:11:10:12:200:none:none:none:door17open.ogg
dr:10:12:10:13:200:none:none:none:door17open.ogg
dr:10:13:10:14:200:none:none:none:door17open.ogg
dr:10:14:10:15:200:none:none:none:door17open.ogg
dr:10:15:10:16:200:none:none:none:door17open.ogg
dr:10:16:10:17:200:none:none:none:door17open.ogg
dr:10:17:10:18:200:none:none:none:door17open.ogg
dr:10:18:10:19:200:none:none:none:door17open.ogg
dr:10:19:10:20:200:none:none:none:door17open.ogg
dr:10:20:10:21:200:none:none:none:door17open.ogg
dr:10:21:10:22:200:none:none:none:door17open.ogg
dr:10:22:10:23:200:none:none:none:door17open.ogg
dr:10:23:10:24:200:none:none:none:door17open.ogg
z:10:10:1:1:hola.
z:10:10:2:2:dice con la cabeza gacha.
z:10:10:3:3:hola respondes lentamente.
z:10:10:4:4:¿Quién eres? Pregunta el hombre finalmente alzando la cabeza.
z:10:10:5:5:soy... yo.
z:10:10:6:6:el hombre te mira extrañado pero luego asiente levemente.
z:10:10:7:7:¿bienes a sacarme?
z:10:10:8:8:hm, ¿Por qué lo haría?
z:10:10:9:9:e... el hombre mira hacia todas partes.
z:10:10:10:10:entonces que haces aquí.
z:10:10:11:11:solo exploro, respondes.
z:10:10:12:12:ah.
z:10:10:13:13:ayúdame, por favor. suplica el hombre.
z:10:10:14:14:¿por qué te tienen aquí? inquieres.
z:10:10:15:15:porque por error asesiné a una niña, pero te lo prometo que no fue mi intensión.
z:10:10:16:16:das un paso hacia atrás.
z:10:10:17:17:me tienen aquí... esperando el traslado a la ciudad Telaman.
z:10:10:18:18:donde me quitarán mi don y seguidamente me lanzarán al mar.
z:10:10:19:19:el hombre se estremece.
z:10:10:20:20:¿Por error? preguntas.
z:10:10:21:21:si... yo...
z:10:10:22:22:los ojos del hombre brillan, con odio mientras que se pone en pie.
z:10:10:23:23:estoy arto de fingir, me cansé, insolente.
z:10:10:24:24:sé que no me ayudarás, estúpid*g*, así que aunque mi magia esté contenida en este lugar, puedo matarte aquí dentro. ¡Muere!
w2:9:11:1:30:wallnone
