map:centro_turístico_de_ciudad_scorpion(c_t_d_c_s)
maxx:500
maxy:300
p:1:499:0:carpet
z:0:1000:0:1000:...
dv:camera
dv:coordenadas
w:0:0:1000:camerawall
p:0:1000:0:concrete3
w:0:0:10000:camerawall
w:1000:0:1000:camerawall
w2:1:499:41:60:camerawall
ss2:0:1000:0:60:atangeria_tower.ogg:-10
ss:0:1000:0:20:cassino.ogg
z:1:1:0:5:Salida a la ciudad.
tp:1:1:0:5:40:0:ciudad_scorpion:Sales a la ciudad.
z:2:500:0:40:Centro turístico. Estás en una habitación larga y rectangular. Puedes ver distintas razas planetarias caminando por aquí y por allá, observando las pantallas que reproducen información sobre el planeta actual y la raza que habita en él.
z:20:25:0:5:Pantalla. Muestra un texto que pone. Información sobre la raza que habita el planeta.
teto:none
z:23:23:0:23:Aquí hay un botón. Tiene unas letras que ponen lo siguiente. Presione enter para mostrar el texto de la pantalla.
z:40:45:0:5:Pantalla. Muestra un texto que pone. Recursos del planeta.
z:43:43:0:5:Un botón. Tiene unas letras que ponen. Recursos del planeta. Pulsa shift enter para leer lo que muestra la pantalla.
txt:43:0:Recursos planetarios. Este planeta es rico en los siguientes materiales. Oro, plata, piedras preciosas, piedras comunes, metales y venónium, uno de los metales más fuertes del sistema solar. Es el más abundante. Los recursos más comunes que tiene, son los mismos que tiene la tierra, sin contar minerales, agua, vegetación y vida silvestre. El planeta tiene bajas reservas de los mismos. Toda criatura viva que se encuentra fuera de la civilización, es llevada a los jardines de preservación, al igual que alguna planta o árbol. Metales o químicos peligrosos y tóxicos. Estos materiales siempre están ubicados en una zona, denominada cráter negro, que se encuentra en el centro del planeta. El nivel de peligro por algún derrame o erupción es del 15%.
w:60:0:1000:1wall
w:70:0:1000:1wall
dv:baculo
z:55:59:0:5:Pantalla. En ella pone. Historia planetaria.
z:57:57:0:5:Un botón. En él, hay unas letras que ponen. Historia planetaria. Pulsa enter para leerla.
where:en el centro turístico de la ciudad scorpion (c_t_d_c_s)
ss2:1:100:0:100:371cancion.ogg:-6
dlg:57:0:Historia del planeta. El planeta se creó luego de que una estrella colisionara con el sol. La estrella se fue expandiendo, y absorbió con su campo magnético a unos cuantos meteoros, creando la superficie del mismo, y la estrella se convirtió en su núcleo.:door17open.ogg
dlg:57:0:La atmósfera del planeta se creó a partir del campo magnético de la misma, junto a los gases que fueron liberados por los meteoros. Debido a que la estrella chocó con el sol, quedó muy cerca de él, pero la diosa de fuego ayudó para que pudiera ser habitable para algún tipo de vida. Y de ahí, nacieron los scorpiónarus.:door17open.ogg
dlg:57:0:El mundo estaba lleno de vegetación, a pesar de su cercanía al sol. Hasta que un día, el astro rey se calentó más de lo normal, terminando con la vegetación del planeta. En ese momento, las especies que vivían en ese lugar, fueron trasladadas bajo tierra, donde los scorpiónarus habían hecho una base militar para la guerra contra los queloro, que en ese momento acababan de vencerlos luego de una cruel batalla.:door17open.ogg
dlg:57:0:Todas las especies de plantas y animales fueron trasladados a los túneles subterráneos, y poco a poco, la ciudad pudo prosperar. Los distintos pueblos de scorpiónarus se reunieron en un mismo lugar. Todos tenían una deidad en común, y era la diosa Flayerne; con ayuda de ella, pudieron rehacer su civilización. Y llegamos al hoy. Actualmente, la ciudad Scorpion recibe su nombre por Atréus Scorpion, un piromante que fue derrotado en la gran guerra mientras protegía al resto de soldados que iban a la ciudad más cercana para avisar del ataque. Él solo se enfrentó a cerca de mil soldados queloros, todos armados. Logró derrotar a la mayoría, y cuando bajó la guardia, un francotirador que había sobrevivido a la batalla, le disparó en la cabeza, acabando con su vida.:door17open.ogg
dlg:57:0:Gracias a él, se salvaron quienes luego serían los fundadores de la ciudad junto a un grupo de sángre de escorpión. Hay una estatua suya en el templo llama eterna, y otra, más pequeña, en el templo roca sagrada, donde se entrena a los piromantes y terramantes. Se espera que la ciudad permanezca en paz hasta que la temperatura del sol aumente, o hasta que el planeta se acerque más al mismo. Solo unos cuantos metros podrían causar una extinción masiva en cuestión días, por lo cual las cápsulas y naves siempre están preparadas para ese momento.:door17open.ogg
dlg:23:0:Nombre de la raza. Scorpiónarus. Tiempo de existencia. 10000000000 De años. Características físicas. Tono de piel. Blanco pálido. Altura. En la edad adulta, llegan a medir de 180 cm, hasta los 210 cm. Vestimenta. Túnicas transparentes y zapatos de cristal. Estos pueden ser de distintos modelos. Nivel de inteligencia. Avanzado. Características. 1. Esta raza tiene una habilidad que muy pocas veces se ha visto. Se trata de la habilidad cambiaformas, que permite al sujeto comvertirse en cierta criatura. En diversas situaciones, esta raza puede convertirse en un escorpión. De ahí el nombre de la especie.:door17open.ogg
dlg:23:0:2. Los individuos que tienen sangre de escorpión en sus venas, son siempre los dirigentes de la civilización. 3. Los de sangre normál cuentan con la capacidad de lanzar veneno por las manos, además de poder indicar lo que hará dicho líquido, pero no pueden medir su letalidad ni tiempo de duración. Unos pocos que han desarrollado esta habilidad árduamente, pueden matar. Los de sangre de escorpión, sin embargo, sí pueden medir su letalidad y tiempo de duración, si se trata de un somnífero o algo por el estilo, y solo pueden ser asesinados por una lanza de venónium, forjada en los fuegos del volcán Urangdúr, ubicado en el centro del planeta actual. 4. Esta raza antes vivía en lo más alto del planeta, hasta que se acercó mucho a la estrella madre, por lo cual tuvieron que crear tecnología muy avanzada para poder construir túneles bajo tierra  para poder subsistir.:door17open.ogg
dlg:23:0:5. Esta raza vive en una sola civilización, y cuenta con un grán avance tecnológico. Es una de las razas con la tecnología más avanzada del sistema solar. 6. Esta raza ha desarrollado la habilidad de captar las ondas electromagnéticas, por lo que pueden escuchár con total claridad en el espacio. Además, pueden detectar el veneno en cualquier superficie. 7. Esta raza piensa irse del planeta cuando sea necesario. Creen que dentro de 1000000000 de años, tendrán que evacuar el mismo.:door17open.ogg
