map:cima
maxx:201
maxy:401
p:0:201:0:fuego
w:0:0:401:wallnone
w:201:0:401:wallnone
z:1:200:0:400:-
w2:0:200:0:199:wallstone
p:1:200:200:ice2
ss2:1:200:0:400:213cancion.ogg:-5
dv:camera
dv:coordenadas
ss:1:200:0:400:winter1.ogg
where:en la cima de una montaña
p:50:60:200:ice3
ex:50:60:200:200:1:5:750:hielo_negro:ice3step2:ice3hardland
sc:110:120:200:250:snow3
z:1:200:0:400:En la cima de la montaña. Un frío impresionante te azota sin piedad. Mucha nieve y una densa bruma cubren tu visión, impidiéndote avanzar con fluidez. El fuerte ruido del hielo y el viento voraz te deja aturdid*g*...
z:110:120:200:300:La nieve y el hielo se arremolinan aquí, formando una escalera hacia lo que parece ser un... ¿Refugio?
sc:166:166:100:200:ice
z:166:166:100:100:Hay una entrada en el hielo aquí. Parece ser una...Caverna...
tp:166:166:100:100:1:0:alien:Te adentras en la caverna rápidamente.
z:200:200:200:250:A lo lejos, observas una inmensa pared que hace parte de un acantilado.
tp:200:200:200:200:1:0:acantilado:Te adentras en el gran acantilado de piedra.
z:110:120:250:280:Para entrar a lo que parece ser un rancho abandonado, presiona enter.
tp:110:120:250:250:1:0:rancho_nevado:Te adentras en el lugar.
z:40:40:200:250:Persona.
dlg:40:200:No muchas personas cruzan esto a pie, suelen hacerlo con portales.:door17open.ogg
ss:40:40:200:200:person.ogg
z:100:100:200:250:Persona.
dlg:100:200:Algunas leyendas cuentan que aquí cayó una nave alienígena hace mucho tiempo.:door17open.ogg
dlg:100:200:No sé si sea cierto, lo siento.:door17open.ogg
ss:100:100:200:200:person.ogg
z:150:150:200:250:Persona.
dlg:150:200:Estoy...Tan...Cerca...:door17open.ogg
ss:150:150:200:200:person.ogg
z:1:1:200:250:Para alejarte de la montaña, presiona enter.
tp:1:1:200:200:250:300:montaña1:Te alejas por la nieve cuidadosamente.
z:30:30:200:250:Persona.
pm2:30:30:200:200:30:200:cima:quest:bola_de_nieve:500:Consígueme 500 bolas de nieve. ¡Estoy aburrida, y quiero construir un súper muñeco de nieve!:letra_e:1:¡Toma esto...
ss:30:30:200:200:person.ogg
death:1:2000:0:100:30000:0:0:¡*nick* ;murió congelad*g*!;:joya_blanca:1:1
dv:auto
