map:colina
maxx:201
maxy:301
p:0:201:0:concrete16
w:0:0:301:wallnone
w:201:0:301:wallnone
z:1:200:0:300:-
dv:camera
dv:coordenadas
p:1:200:0:grass3
w2:21:179:0:39:wallgrassdirt
where:en una colina
ss2:1:200:0:200:236cancion.ogg:-12
ss:1:200:0:200:birds11.ogg
z:1:200:0:300:En la colina. No es muy grande ni muy alta. En la parte superior se atisba un castillo no muy grande. El terreno es hiervoso y un tanto arenoso, así como un tanto seco.
z:1:1:0:25:para continuar hacia una montaña, presiona enter.
sc:20:20:0:40:grass7
p:21:179:40:sand2
sc:180:180:0:40:grass7
z:200:200:0:25:para continuar hacia un camino, presiona enter.
tp:200:200:0:0:1:0:camino_gonduam:TE alejas de la colina y te acercas al camino.
z:90:120:40:100:puertas de entrada al castillo Saree.
tp:1:1:0:0:300:0:montañap:Continúas hacia la montaña.
z:40:40:40:100:persona.
dlg:40:40:espero que no creas que el Gran castillo Saree era algo más.:door17open.ogg
dlg:40:40:es decir, cómo te explico.:door17open.ogg
dlg:40:40:es un lugar donde están algunos de los hechos más impresionantes que han pasado en nuestro mundo, pero también allí fue donde se firmó la paz, donde el consejo de los cinco hizo que la paz naciera.:door17open.ogg
ss:40:40:40:40:person.ogg
dlg:80:40:el castillo Saree es increíble.:door17open.ogg
ss:80:80:40:40:person.ogg
z:80:80:40:100:persona.
z:160:160:40:100:persona.
dlg:160:40:es sabido que los portales de luz suelen aparecer al hazar, la mayoría de veces en la bolsa de una persona.:door17open.ogg
dlg:160:40:sin embargo, hay personas que también los venden.:door17open.ogg
ss:160:160:4:40:person.ogg
z:195:195:0:25:persona.
dlg:195:0:¡amo el continente del aire!:door17open.ogg
ss:195:195:0:0:person.ogg
z:10:10:0:25:persona.
pm2:10:10:0:0:10:0:colina:quest:cofre_del_tesoro:1:se dice que crece un árbol en algún lugar de la ciudad flotante, la ciudad de la magia. Tráeme lo que contiene en su agujero, y yo te daré esta llave que te dará dinero.:llave_del_cofre:1:Gracias, aquí tienes.
ss:10:10:0:0:person.ogg
tp:90:120:40:40:1:0:castillo_saree:entras en el castillo.
