map:cuevaa
maxx:201
maxy:201
p:0:201:0:caverna2
w:0:0:201:wallnone
w:201:0:201:wallnone
z:1:200:0:200:-
teto:none
dv:camera
dv:coordenadas
ss2:1:200:0:200:189cancion.ogg:-4
z:1:200:0:200:dentro de la caverna. esta es muy grande y cuenta con muchas computadoras y demás dispositivos electrónicos. hay hombres y mujeres andando de aquí para allá, y otros hablando en voz baja. Hay una gran entrada a una gran caverna al fondo de esta.
z:1:1:0:25:salida de la caverna.
tp:1:1:0:0:100:500:cueva_bajo_el_árbol:Te alejas del lugar.
where:en una caverna de una organización de ladrones
z:10:12:0:25:computadora. en ella se puede leer un texto que dice. cámaras 3-4-5-6 (ejecutando, jeidin, ciudad Arduam)
z:20:20:0:25:persona.
dlg:20:0:¿Eres nuev*g*, no?:door17open.ogg
dlg:20:0:pues bien, seré amable y te explicaré algunas cosas.:door17open.ogg
dlg:20:0:la primera. a menos que tengas una carta de permiso para entrar a la cueva del fondo, ni se te ocurra entrar.:door17open.ogg
dlg:20:0:la segunda. sé amable con todos, te servirá de mucho.:door17open.ogg
dlg:20:0:y la tercera. nunca intentes hacer algo que previamente no se haya visto por los mayores y aceptado.:door17open.ogg
ss:20:20:0:0:person.ogg
z:50:50:0:25:persona.
pm2:50:50:0:0:50:0:cuevaa:quest:libro_de_instrucciones:1:¿Tienes algún libro? Me aburro...:martillo:1:toma este martillo, espero que te sea de utilidad.
ss:50:50:0:0:person.ogg
z:80:80:0:25:persona.
dlg:80:0:me gusta asesinar personas.:door17open.ogg
ss:80:80:0:0:person.ogg
dlg:80:0:es muy excitante.:door17open.ogg
dlg:120:0:muy pocas personas han visto al jefe de esta organización.:door17open.ogg
ss:120:120:0:0:person.ogg
z:120:120:0:25:persona.
dlg:120:0:dicen que es muy astuto.:door17open.ogg
z:130:132:0:25:computadora. en ella se puede ver la imagen de un centro comercial.
z:160:163:0:25:extraño aparato cuadrado con cables incrustados a él. tiene una pequeña antenita con una rueda que se mantiene girando constantemente.
z:170:170:0:25:persona.
dlg:170:0:aquella cosa de mi izquierda nos permite captar la señal con total claridad incluso aquí, bajo tierra.:door17open.ogg
dlg:170:0:es bastante útil, la verdad.:door17open.ogg
ss:170:170:0:0:person.ogg
z:200:200:0:25:gran entrada a la otra caverna.
ptm:200:200:0:0:2:20:cueva:te adentras en la caverna lentamente.:door_open_(2)
ss:160:163:0:20:a1235.ogg
