map:desierto_profundo
maxx:701
maxy:500
p:0:701:0:deepsand
w:0:0:500:wallnone
w:701:0:500:camerawalld
dv:camera
teto:none
dv:coordenadas
z:1:700:0:500:-
dv:auto
dv:portal
dv:runa_dorada
ss2:1:700:0:500:199cancion.ogg:-3
z:1:700:0:500:En un inmenso y profundo desierto. El sol te azota con fuerza, mientras caminas por este árido lugar. La sed se va apoderando de ti rápidamente...Con cada segundo que pasas aquí. El viento empeora todo, puesto que, en vez de traer alivio con su frescura, solo levanta arena y más arena, junto con bocanadas de calor, que te hacen estremecer.
z:1:1:0:25:Para volver a la fresca jungla, presiona enter.
tp:1:1:0:0:600:0:jungla:Te alejas rápidamente del desierto, y te acercas a la jungla.
ss:1:700:0:500:a4.ogg
ss:1:700:0:500:a3.ogg
z:700:700:0:50:Ves algo a lo lejos...
tp:700:700:0:0:1:0:manantial:Te acercas a un pequeño manantial.
where:en un desierto profundo
npc:100:0:40000000:10000000:3:0:30000:0:1000:450:6000:mgerems.6000000,cuerpo_de_caballo_de_los_desiertos.1:bot193:bot194:bot192:Un caballo de los desiertos:¡*nick* ;mató a un caballo del desierto!;:400000:0:0:getsand:1:700:default:0.2
npc:200:0:35000000:4000000:5:0:35000:200:800:1000:1000:cuerpo_de_víbora.1,mgerems.3000000,elementales.300000:python_snakestun,python_snakeattack:python_snakenoise1,python_snakenoise3,python_snakenoise5:python_snakepain1,python_snakepain5:Una gran víbora:¡*nick* mató a una gran víbora!:120000:0:1:getsand.ogg:0:701:default:0.2
npc:300:0:40000000:10000000:3:0:30000:0:1000:450:6000:mgerems.6000000,cuerpo_de_caballo_de_los_desiertos.1:bot193:bot194:bot192:Un caballo de los desiertos:¡*nick* ;mató a un caballo del desierto!;:400000:0:0:getsand:1:700:default:0.2
npc:400:0:35000000:4000000:5:0:35000:200:800:1000:1000:cuerpo_de_víbora.1,mgerems.3000000,elementales.300000:python_snakestun,python_snakeattack:python_snakenoise1,python_snakenoise3,python_snakenoise5:python_snakepain1,python_snakepain5:Una gran víbora:¡*nick* mató a una gran víbora!:120000:0:1:getsand.ogg:0:701:default:0.2
npc:500:0:40000000:10000000:3:0:30000:0:1000:450:6000:mgerems.6000000,cuerpo_de_caballo_de_los_desiertos.1:bot193:bot194:bot192:Un caballo de los desiertos:¡*nick* ;mató a un caballo del desierto!;:400000:0:0:getsand:1:700:default:0.2
npc:600:0:35000000:4000000:5:0:35000:200:800:1000:1000:cuerpo_de_víbora.1,mgerems.3000000,elementales.300000:python_snakestun,python_snakeattack:python_snakenoise1,python_snakenoise3,python_snakenoise5:python_snakepain1,python_snakepain5:Una gran víbora:¡*nick* mató a una gran víbora!:120000:0:1:getsand.ogg:0:701:default:0.2
npc:50:0:35000000:4000000:5:0:35000:200:800:1000:1000:cuerpo_de_víbora.1,mgerems.3000000,elementales.300000:python_snakestun,python_snakeattack:python_snakenoise1,python_snakenoise3,python_snakenoise5:python_snakepain1,python_snakepain5:Una gran víbora:¡*nick* mató a una gran víbora!:120000:0:1:getsand.ogg:0:701:default:0.2
npc:660:0:40000000:10000000:3:0:30000:0:1000:450:6000:mgerems.6000000,cuerpo_de_caballo_de_los_desiertos.1:bot193:bot194:bot192:Un caballo de los desiertos:¡*nick* ;mató a un caballo del desierto!;:400000:0:0:getsand:1:700:default:0.2
