map:edificio_de_desafíos_ulenden
maxx:101
maxy:50
p:0:101:0:concrete21
w:0:0:50:wallnone
w:101:0:50:wallnone
p:1:100:0:concrete23
dv:coordenadas
dv:camera
z:1:100:0:50:-
teto:none
ss2:1:100:0:50:173cancion.ogg:-7
z:1:1:0:25:Puedes retornar a la ciudad presionando enter aquí.
tp:1:1:0:0:295:20:ciudad_ulenden:Sales del lugar.
ss:1:100:0:50:pessoas.ogg
z:2:100:0:50:Dentro del lugar. Hay muchas personas aquí. Aunque este establecimiento es pequeño, al parecer es lo suficientemente espacioso como para que quepa la gente que viene diariamente. Una especie de pared transparente al fondo llama tu atención. Impresionad*g*, notas que se pueden ver dos paisajes al otro lado de ella. Un inmenso desierto, y un volcán que parece muy peligroso.
z:15:15:0:25:Persona.
dlg:15:0:¡Hoy los premios están buenísimos!:door17open.ogg
dlg:15:0:¡Escuché que hasta están ofreciendo una entrada a la mansión de la señora Lien!:door17open.ogg
dlg:15:0:¡Aaah!:door17open.ogg
ss:15:15:0:0:person.ogg
z:40:40:0:25:Persona.
dlg:40:0:¡Hola!:door17open.ogg
dlg:40:0:¡Bienvenid*g* al lugar donde la paciencia y el valor son apreciados!:door17open.ogg
dlg:40:0:¡Si deseas entrar a algún desafío, simplemente ve y habla por la ventanilla!:door17open.ogg
dlg:40:0:¡La mujer encargada te dará la información necesaria!:door17open.ogg
dlg:40:0:¡Solo es eso, buen desafío o buena vista!:door17open.ogg
ss:40:40:0:0:person.ogg
z:65:65:0:25:Persona.
dlg:65:0:Voy a participar en el desierto, sí.:door17open.ogg
dlg:65:0:¡Y voy a ganar!:door17open.ogg
ss:65:65:0:0:person.ogg
z:80:90:0:9:Ventanilla.
tp:80:90:0:0:85:19:edificio_de_desafíos_ulenden:¡Oh, hola! ¿A cuál desafío quieres entrar? Los premios que tenemos son. Para el desierto, una entrada a la mansión de la señora Lien, una poción de velocidad, ¡y la medalla! En otro caso, si deseas hacer el desafío peligroso, el volcán, los premios son. Un objeto para poder convocar un hechizo, energía elemental, ¡y la medalla! Cada entrada cuesta 42000000 , y 45000000 elementales.
w2:84:86:16:20:camerawall
sc:85:85:17:19:menu3
dr:85:17:85:0:200:none:none:menuenter3.ogg:door15close.ogg
z:85:85:17:17:¡No gracias, no quiero entrar a ningún desafío!
z:99:100:0:50:Una pared transparente. No sabes de qué está fabricada, pero puedes observar dos paisajes. Un desierto inmenso, y un peligroso volcán.
z:85:85:19:19:¡Quiero entrar al desierto!
z:85:85:18:18:¡Quiero entrar al volcán!
pm2:85:85:19:19:85:0:edificio_de_desafíos_ulenden:menuenter3:elementales:42000000:No tienes 42000000 elementales.:entrada_al_desafío_del_desierto:1:¡Bien, aquí tienes! Si deseas entrar, solo pasa a la sala donde están las cápsulas que te llevarán al desafío elegido. Y pues, ¡a disfrutar!
pm2:85:85:18:18:85:0:edificio_de_desafíos_ulenden:menuenter3:elementales:45000000:No tienes 45000000 elementales.:entrada_al_desafío_del_volcán:1:¡Bien, aquí tienes! Si deseas entrar, solo pasa a la sala donde están las cápsulas que te llevarán al desafío elegido. Y pues, ¡a disfrutar!
where:en el edificio de desafíos Ulenden
z:95:95:0:20:Una pequeña puertecilla. Un letrero dice. Pase por aquí si tiene entrada para algún desafío.
ptm:95:95:0:0:1:35:edificio_de_desafíos_ulenden:Entras en la pequeña sala.:door06
p:1:30:35:concrete3
w:31:35:50:camerawall
z:1:30:35:50:Dentro de la pequeña sala. Hay un  hombre bajito, de rostro ovalado en el centro de esta, mirando sonriente a todas las personas. Detrás de él, hay 2 objetos cuadrados, que son iluminados por una luz extraña.
z:1:1:35:50:Puerta de salida.
tp:1:1:35:35:95:0:edificio_de_desafíos_ulenden:Sales de la sala.
z:15:15:35:50:Persona.
dlg:15:35:¡Hola, hola!:door17open.ogg
dlg:15:35:¡Antes de que te subas a alguna de aquellas cápsulas, déjame darte algunas indicaciones!:door17open.ogg
dlg:15:35:¡De hecho, solo son dos, sí!:door17open.ogg
dlg:15:35:La primera. Si te rindes en algún momento, puedes usar un objeto que estará en tu inventario secundario, el del tabulador (Si lo has comprado) lo suelen vender en la ciudad Taerus, en el continente del aire. Debes abrir el objeto, pulsando la tecla retroceso en cualquier lugar del mapa en el que te encuentres, ¡y serás teletransportad*g* al océano!:door17open.ogg
dlg:15:35:Y la segunda. Lógicamente, si te rindes, ¡no podrás obtener tu recompensa!:door17open.ogg
dlg:15:35:¡Ahora adelante, ve a tu desafío!:door17open.ogg
ss:15:15:35:35:person.ogg
z:25:25:35:50:Cápsula. Tiene un dibujo de un hombre en un desierto.
z:30:30:35:50:Cápsula. Tiene un dibujo de un hombre rodeado por lava.
pm2:25:25:35:35:1:0:desafío1:appear:entrada_al_desafío_del_desierto:1:No tienes la entrada para acceder a este desafío.:d:0:Con solo tocar la cápsula, te sientes arrastrad*g* por una fuerza extraña, y apareces en un desierto profundo.
pm2:30:30:35:35:1:50:desafío2:appear:entrada_al_desafío_del_volcán:1:No tienes la entrada para acceder a este desafío.:d:0:Con solo tocar la cápsula, te sientes arrastrad*g* por una fuerza extraña, y apareces en un peligroso volcán.
disable_game:85:85:16:20
