map:edificio_de_viajes_espaciales_AQL
maxx:501
maxy:1000
p:0:1001:0:metal4
w:0:0:15:wall
w:1001:0:15:wall
z:1:10001:0:5000:-
dv:camera
dv:coordenadas
teto:tejado.ogg
dv:auto
z:1:50:0:50:Pasillo principal. En las paredes, hay grandes cuadros de vidrio transparente, donde se pueden ver naves de distintos colores, y en unos pocos hay planetas cubiertos de agua.
z:1:1:0:50:Puerta de salida.
z:15:15:0:25:Persona.
dlg:15:0:¡Vengo a sacar mi licencia para pilotar por el espacio!:door17open.ogg
ss:15:15:0:0:person.ogg
z:51:61:0:20:Ventanilla de información.
ptm:51:61:0:0:56:0:edificio_de_viajes_espaciales_AQL:¡Hola! ¡Bienvenid*g* a nuestro edificio de la empresa AQL! Por si no lo sabía, en este lugar podrá obtener una licencia para pilotar por el espacio. ¿Cómo haces eso? Primero que todo, ingrese a la oficina uno, que es la primera puerta a mi derecha, y aprenda cómo conducir su nave. Esto costará una leve cantidad de dinero, pero no es mucha. Una vez terminado el instructivo, diríjase a la oficina dos, y obtenga la licencia de pilotaje. Tenga en cuenta que primero tendrá que completar el instructivo (oficina 1) para poder comprar la licencia. Luego de haber obtenido la licencia, podrá, finalmente, comprar su nave en la oficina 3. Por último, diríjase a la plataforma de naves, abra su inventario, y presione espacio sobre su tarjeta de piloto. Entrará en su nave automáticamente, y podrá comenzar a pilotar.:door17open
z:62:200:0:19:Pasillo de oficinas principales. En este gran pasillo metálico, algunas puertas del mismo material conducen a las oficinas principales, que son las encargadas de gestionar la compra de su nave.
z:100:100:0:19:Puerta de la oficina 1.
dr:100:0:100:20:200:none:none:door14open.ogg:door14close.ogg
p:100:120:20:metal2
w:99:20:50:walldoor2
z:100:120:20:50:Oficina 1. Instructivo de pilotaje.
z:100:100:20:50:Puerta de salida.
dr:100:20:100:0:200:none:none:door14open.ogg:door14close.ogg
z:110:110:20:50:Letrero de información. Presiona shift+enter para leerlo.
txt:110:20:Puede aprender a cómo pilotar una nave aquí. Costo. 35900000 mgerems.
w:121:20:50:walldoor2
z:130:130:0:19:Puerta de la oficina 2.
p:130:150:20:metal2
w:129:20:50:walldoor2
dr:130:0:130:20:200:none:none:door14open.ogg:door14close.ogg
z:130:130:20:50:Puerta de salida.
dr:130:20:130:0:200:none:none:door14open.ogg:door14close.ogg
z:131:150:20:50:Oficina 2. Compra de licencia de la nave.
z:140:140:20:50:Letrero de información. Presiona shift+enter para leerlo.
txt:140:20:Obtenga su licencia aquí. Tenga en cuenta que primero debe haber completado el instructivo de pilotaje, es necesario para obtener su licencia. Costo. 89000000 Mgerems.
w:151:20:50:walldoor2
w:129:20:50:walldoor2
z:150:150:20:50:Ventanilla donde puede obtener su licencia.
z:160:160:0:19:Puerta de la oficina 3.
p:160:180:20:metal2
z:160:180:20:50:Oficina 3. Compra de su nave.
dr:160:0:160:20:200:none:none:door14open.ogg:door14close.ogg
w:159:20:50:walldoor2
z:160:160:20:50:Puerta de salida.
z:170:170:20:50:Letrero de información. Presiona shift+enter para leerlo.
txt:170:20:Si ya tiene su licencia de pilotaje, aquí puede comprar su nave. Recuerde que una vez que la compre, esta aparecerá en la plataforma de naves. Dando espacio sobre la tarjeta de pilotaje, ¡podrá empezar a navegar por el espacio! El costo de la nave es de 100000000 mgerems.
w:181:20:50:walldoor2
z:180:180:20:50:Ventanilla donde puede comprar su nave.
dr:160:20:160:0:200:none:none:door14open.ogg:door14close.ogg
z:201:250:0:50:Pasillo. Este pequeño corredor se dirige a la ventanilla de verificación, donde una máquina registra los pilotos que entran a la zona de las naves.
z:210:210:0:25:Persona.
dlg:210:0:¡Cielos, qué emocionada estoy!:door17open.ogg
dlg:210:0:¡Ya tengo mi licencia!:door17open.ogg
ss:210:210:0:0:person.ogg
z:230:230:0:25:Persona.
dlg:230:0:El espacio es inmenso.:door17open.ogg
dlg:230:0:Espero no perderme, cielos.:door17open.ogg
ss:230:230:0:0:person.ogg
z:251:251:0:25:Taquilla de verificación. En esta pequeña ventanilla, se comprueba que solo crucen las personas que tengan una nave comprada, introduciendo su tarjeta.
w:252:0:50:wallcontainer
pm2:251:251:0:0:253:0:edificio_de_viajes_espaciales_AQL:keyboard3:tarjeta_de_pilotaje:1:Solo pueden cruzar las personas que tengan una nave, y por lo que veo, tú no tienes ninguna.:e:0:Cruce, por favor. ¡Buen viaje!:a:a
z:253:253:0:25:Puertecilla de salida.
dr:253:0:251:0:200:none:none:door26open.ogg:door26close.ogg
z:142:142:20:50:Ventanilla de verificación.
w:143:20:50:wallcone
pm2:142:142:20:20:144:20:edificio_de_viajes_espaciales_AQL:door17open:certificado_de_instructivo_de_pilotaje:1:Sin el certificado instructivo de pilotaje, no podrá pasar para obtener su licencia.:d:0:Cruce, y compre su licencia, por favor.:a:a
z:144:144:20:50:Puertecilla.
dr:144:20:142:20:200:none:none:door25open.ogg:door25close.ogg
pm2:150:150:20:20:150:20:edificio_de_viajes_espaciales_AQL:door17open:mgerems:89000000:No tienes 89000000 mgerems.:licencia_de_pilotaje:1:¡Excelente! ¡Aquí tiene su licencia de pilotaje!
z:172:172:20:50:Ventanilla de verificación.
w:173:20:50:wallcone
pm2:172:172:20:20:174:20:edificio_de_viajes_espaciales_AQL:door17open:licencia_de_pilotaje:1:No puede pasar a comprar su nave sin antes tener la licencia.:d:0:Cruce, y compre su nave, por favor.:a:a
z:174:174:20:50:Puertecilla.
dr:174:20:172:20:200:none:none:door25open.ogg:door25close.ogg
pm2:180:180:20:20:180:20:edificio_de_viajes_espaciales_AQL:door17open:mgerems:100000000:No tienes 100000000 mgerems.:tarjeta_de_pilotaje:1:¡Muy bien! Tome su tarjeta de pilotaje, ¡y muchas gracias por elegirnos a nosotros!
z:254:300:0:25:Pasillo hacia la escalera que da a la plataforma de naves.
z:278:278:0:20:Persona.
dlg:278:0:Amo esta empresa, de verdad que la amo.:door17open.ogg
ss:278:278:0:0:person.ogg
sc:301:311:0:50:metal3
w:300:1:49:wallrail
w:312:1:49:wallrail
z:301:311:0:70:Escalera que asciende hacia las plataformas de naves.
z:312:500:0:49:Pasillo hacia la salida de emergencia.
w:501:0:600:camerawall
p:270:300:50:metal4
w:269:50:70:camerawall
z:271:300:50:70:Plataforma de naves oeste. Grandes naves están en esta gran plataforma metálica, esperando a que sus dueños las eleven hacia el espacio. Todas son de un metal muy extraño, y su color es púrpura claro. Te sientes nervios*g* al acercarte a tu nave. ¿Qué esperas? ¡Usa tu tarjeta para subir a la tuya!
p:312:500:50:metal4
z:312:500:50:70:plataforma de naves este. Grandes naves están en esta gran plataforma metálica, esperando a que sus dueños las eleven hacia el espacio. Todas son de un metal muy extraño, y su color es púrpura claro. Te sientes nervios*g* al acercarte a tu nave. ¿Qué esperas? ¡Usa tu tarjeta para subir a la tuya!
z:500:500:0:49:Puerta de salida de emergencia.
tp:500:500:0:0:1:0:prado_árido:Sales del edificio, y te adentras en un prado de hierba seca y muerta.
z:470:470:0:25:Persona.
dlg:470:0:Voy a observar el prado muerto, que da a la salida de emergencia, tengo curiosidad por verlo.:door17open.ogg
ss:470:470:0:0:person.ogg
dlg:430:0:Oh, hola. ¿Cómo estás?:door17open.ogg
ss:430:430:0:0:person.ogg
z:400:400:0:25:Persona.
dlg:400:0:¡No entiendo por qué este pasillo es tan largo!:door17open.ogg
ss:400:400:0:0:person.ogg
z:370:370:0:25:Persona.
dlg:370:0:Hace cinco días fui al planeta Kayzaa.:door17open.ogg
dlg:370:0:Me gustó, la verdad.:door17open.ogg
ss:370:370:0:0:person.ogg
z:340:340:0:25:Persona.
dlg:340:0:¿Crees en el dios de la tierra?:door17open.ogg
ss:370:370:0:0:person.ogg
dv:portal
ss2:1:800:0:80:60cancion.ogg:-15
z:40:40:0:25:Persona.
dlg:40:0:Estoy esperando a mi hijo.:door17open.ogg
dlg:40:0:Está haciendo el papeleo necesario para tener su propia nave espacial.:door17open.ogg
dlg:40:0:Yo ya tengo una.:door17open.ogg
ss:40:40:0:0:person.ogg
pm2:120:120:20:20:1:0:sala_de_instructivo:door4open:mgerems:35900000:La puerta no se abrirá, si no pagas la cantidad pedida.:elementales:0:-
z:120:120:20:50:Una puerta con un panel donde se debe ingresar el dinero para que esta se abra.
z:26:35:0:15:Un gran cuadro de vidrio, donde se puede ver el espacio con grandes masas de color amarillo, y otras de color rojo.
z:270:270:0:25:Persona.
dlg:270:0:Es increíble que estas naves espaciales funcionen con magia en vez de combustible.:door17open.ogg
dlg:270:0:Me encanta.:door17open.ogg
ss:270:270:0:0:person.ogg
ss:340:340:0:0:person.ogg
z:430:430:0:25:Persona.
z:497:497:0:25:Persona.
dlg:497:0:Todas las personas que están aquí, es decir, detrás de la ventanilla de verificación, son pilotos, o lo serán.:door17open.ogg
ss:497:497:0:0:person.ogg
dv:runa_Dorada
ss:0:500:0:1000:a6.ogg
where:en el edificio de viajes espaciales AQL
ptm:1:1:0:0:300:0:bosque_dteem:Te acercas al bosque.:door20close
