map:edificio_de_viajes_acuáticos_AQL
maxx:101
maxy:500
w:0:0:15:wall
w:101:0:15:wall
teto:none
dv:camera
dv:coordenadas
z:1:50000:0:500:-
dv:auto
dv:runa_dorada
dv:portal
p:1:100:0:metal4
ss:1:100:0:500:pessoas2.ogg
ss2:1:100:0:500:60cancion.ogg:-15
z:1:100:0:500:Dentro del alto edificio. Al entrar, notas que gran parte del lugar es metálico. Mucha gente camina por aquí y por allá, mirando hacia todas partes. La estancia tiene algunas luces blancas que iluminan todo, y puedes ver una gran escalera al fondo.
z:1:1:0:25:Puerta de salida a la ciudad.
z:15:15:0:15:Persona.
dlg:15:0:Todos los edificios de esta empresa son metálicos.:door17open.ogg
dlg:15:0:Es algo interesante, ¿no crees?:door17open.ogg
ss:15:15:0:0:person.ogg
z:50:50:0:15:Persona.
dlg:50:0:El edificio de viajes espaciales es mucho más grande que este. Supongo que es por sus oficinas, no estoy segura.:door17open.ogg
ss:50:50:0:0:person.ogg
z:60:70:0:15:Gran pantalla de información.
tp:1:1:0:0:235:100:ciudad__de_arduam:Te alejas del interesante edificio.
tp:60:70:0:0:65:0:edificio_de_viajes_acuáticos_AQL:¡Hola! ¡Bienvenid*g*! Si está en este lugar, es porque desea viajar, y adentrarse en las misteriosas aguas del océano, ¿no? Si no es así, seguramente solo tenga curiosidad. Sea como sea, yo le explicaré. En este edificio, podrá comprar un boleto acuático, el cual le servirá para viajar al destino de su elección. Si quiere ver a dónde puede ir, en el segundo piso encontrará las pantallas de lugares disponibles y la de indicaciones, aclaraciones e instrucciones. ¡Espero que tenga un buen viaje!
z:85:85:0:15:Persona.
dlg:85:0:Vengo de visita a este continente. Quiero visitar todos los sitios a los que este lugar pueda llevarme.:door17open.ogg
dlg:85:0:Tengo mucho dinero, así que por eso no me preocupo.:door17open.ogg
ss:85:85:0:0:person.ogg
sc:98:100:0:50:linoleum
w:97:1:49:wallrail
w:101:0:80:wallrail
z:98:100:0:80:Escalera de linóleo que asciende y desciende, conectando los dos pisos del edificio.
p:1:97:50:metal4
z:60:70:50:100:Una gran pantalla con la imagen de un furioso océano.
tp:60:70:50:70:65:50:edificio_de_viajes_acuáticos_AQL:Lees un texto que aparece progresivamente en la pantalla. Actualmente puede viajar a los siguientes lugares. Las islas de Laid-Mard, ¡aventúrese en estas hermosas y misteriosas islas! Arco de luz, ¡visite y contemple un magnífico y divino arco de luz azul! Área sin explorar, Si es alguien aventurer*g*, ansios*g* por descubrir y encontrar tierras nuevas, ¡este lugar podría ser lo que busca!
z:35:45:50:70:Una pantalla con un texto azul. Aclaraciones e instrucciones. Cada boleto acuático que compre, le costará 50000000 Mgerems, y este solo le servirá para viajar una sola vez al lugar de su preferencia. Tenga en cuenta que la empresa no se responsabiliza de los daños, pérdidas y demás percances que acontezcan en su destino. El viaje será seguro y cómodo para usted. ¡Buen viaje!
z:13:16:50:70:Aquí está una pequeña máquina que expulsa boletos al introducir el dinero.
pm2:13:16:50:50:14:50:edificio_de_viajes_acuáticos_AQL:door17open:mgerems:50000000:No tienes 50000000 mgerems.:boleto_acuático:1:La máquina arroja un boleto, donde está la figura de un hombre y una mujer flotando por encima de un océano.
z:50:50:50:70:Persona.
dlg:50:50:Es fantástico cómo la magia transporta el submarino al océano, y este continúa derecho hasta el lugar que el pasajero eligió al subirse en él.:door17open.ogg
dlg:50:50:Cuando llegas a tu destino, el submarino se marcha, dejándote sol*g*.:door17open.ogg
ss:50:50:50:50:person.ogg
sc:1:3:50:100:metal7
w:4:51:120:wallpot
z:1:3:50:120:Escalera que conduce hasta un pequeño submarino.
w:0:50:120:wallpot
z:1:3:100:120:Estás ante el pequeño aparato semirredondo que flota a unos palmos del suelo. Observas un pequeño agujero, por donde supones que va el boleto, y la pequeña puerta, con un mensaje en él que confirma tu suposición. Introduzca el boleto por el agujero de la derecha, y podrá entrar en el submarino.
pm2:1:3:100:100:1:0:agua:door17open:boleto_acuático:1:Intentas abrir la puerta del submarino a la fuerza, pero esta no cede lo más mínimo.:b:0:Introduces el boleto por el agujero, y la puerta se abre lentamente. Entras, y te sientas en una cómoda silla.
where:en el edificio de viajes acuáticos AQL
