map:el_desierto_de_la_libertad
maxx:401
maxy:101
p:0:401:0:sand
w:0:0:51:wall
w:401:0:51:wall
z:1:400:0:100:-
dv:runa_dorada
dv:portal
dv:camera
dv:coordenadas
z:1:400:0:19:El desierto de la libertad. Al caminar por este desierto, te quedas impresionad*g* al recordar todo lo que has pasado. Piensas en todo lo que te ha dicho aquella voz extraña. Observas cómo varios barredores se te acercan, furiosos. Te preguntas una y otra vez, ¿cuándo acabará esto?
w2:1:20:20:21:camerawall
ss:1:400:0:50:a8.ogg
dr:1:20:2:20:200:none:none:door17open.ogg:door15close.ogg
z:1:1:20:20:El desierto de la libertad.
z:2:2:20:20:Así fue llamado este lugar.
dr:2:20:3:20:200:none:none:door17open.ogg:door15close.ogg
z:3:3:20:20:Este desierto sigue siendo parte de Rada.
dr:3:20:4:20:200:none:none:door17open.ogg:door15close.ogg
z:4:4:20:20:La torre y este desierto fueron pensados para terminar con las fuerzas de los que intenten obtener la libertad.
dr:4:20:5:20:200:none:none:door17open.ogg:door15close.ogg
z:5:5:20:20:Sí, los habitantes de Rada descubrirán cómo salir.
dr:5:20:6:20:200:none:none:door17open.ogg:door15close.ogg
z:6:6:20:20:Lamentablemente, muy pocos saldrán de aquí.
dr:6:20:7:20:200:none:none:door17open.ogg:door15close.ogg
z:7:7:20:20:Y los que lo hagan, nunca olvidarán a Rada.
dr:7:20:8:20:200:none:none:door17open.ogg:door15close.ogg
z:8:8:20:20:Aquello sucederá muy pronto.
dr:8:20:9:20:200:none:none:door17open.ogg:door15close.ogg
z:9:9:20:20:Pero saldrán muy pocos; algo que es lamentable, puesto que en todo Rada el Sa les elimina de su esencia el poder de transformarse en ser guerrero y de luz.
dr:9:20:10:20:200:none:none:door17open.ogg:door15close.ogg
z:10:10:20:20:Esto también te incluye...Algo que es lamentable, pero si una persona entra a Rada, esa parte de su ser es inhabilitada.
dr:10:20:11:20:200:none:none:door17open.ogg:door15close.ogg
z:11:11:20:20:Ahora tendrás que atravesar este horrible desierto, valiente guerrer*g*.
dr:11:20:12:20:200:none:none:door17open.ogg:door15close.ogg
z:12:12:20:20:Ten cuidado, los barredores aquí son más agresivos y más rápidos.
dr:12:20:1:0:200:none:none:door15close.ogg:playerunsafe.ogg
teto:none
z:400:400:0:25:Una barrera de piedra. Ella está brillando constantemente, y el sentimiento de salir de este lugar se incrementa tanto en ti, que sientes que te abruma por segundos...
w:401:0:25:wallrocks2
pm2:400:400:0:0:225:56:volcán_irignie:*:sa_del_barredor_guardián:1:La barrera brilla suavemente.:*:0:Reapareces en el magma del volcán ardiente.
ss2:1:400:0:50:112cancion.ogg:-1
where:en el desierto de la libertad
dv:baculo
z:1:1:0:10:Puedes volver a la torre presionando enter aquí.
tp:1:1:0:0:200:0:la_torre_de_la_libertad:Te acercas a la arena frente a la torre.
npc:100:0:350000000:133060000:5:0:230000:500:2500:270:6000:sa.40,elementales.20000000:barredorataca:barrdor:barredormuere:barredor:¡*nick* ;acabó con un barredor!;:300000:0:0:default:1:400:default:0.2
npc:150:0:340000000:160000000:5:0:230000:500:2500:270:8000:sa.40,mgerems.133000000:barredorataca:barrdor:barredormuere:barredor:¡*nick* ;acabó con un barredor!;:300000:0:0:default:1:400:default:0.2
npc:200:0:330000000:130000000:5:0:230000:500:2500:270:9500:sa.40,mgerems.100000000:barredorataca:barrdor:barredormuere:barredor:¡*nick* ;acabó con un barredor!;:300000:0:0:default:1:400:default:0.2
npc:300:0:350000000:120500000:5:0:230000:500:2500:270:10500:sa.40,elementales.15000000:barredorataca:barrdor:barredormuere:barredor:¡*nick* ;acabó con un barredor!;:300000:0:0:default:1:400:default:0.2
dv:portal_de_luz
disable_game:1:20:20:20
dv:joya_dorada
dv:gema_dorada_de_Reino_Elemental
