map:ElCieloDeEstrellita
maxx:1000
maxy:1000
p:0:1000:0:concrete5
w:0:0:15:wallgeneric
w:1000:0:15:wallgeneric
maxx:1000
z:1:100:0:10:el cielo de estrellita
z:1:1:0:10:por esta gran puerta la cual emana aura de paz y tranquilidad, puedes salir de este hermoso y magnífico lugar
z:50:50:0:200:escalera de peldaños dorados y brillantes que lleva a la avitación de la paz
sc:50:50:0:20:concreto
sc:50:50:0:200:concreto
w:49:1:250:wallglass
w:51:1:240:wallglass
z:50:50:200:249:una gran puerta dorada, con un gran símbolo de la paz grabado en el medio
dr:50:200:50:250:10:none:none:door10open.ogg:door10close.ogg
p:50:130:250:shallow
w:49:250:270:wallglass
z:50:50:250:260:puerta de salida de este hermoso y relajante lugar
dr:50:250:50:200:10:none:none:door10open.ogg:door10close.ogg
z:51:130:250:260:abitación de la paz: aquí estás, donde, todo es pas y armonía, donde aves pueden verse volando y cantando, acompañados de el hermoso sonido de el agua.
z:51:130:250:260:abitación de la paz. aquí estás, junto a el sonido de el agua corriendo, y los pájaros cantando: disfruta de esta hermosa paz que te rodea
ss:50:130:250:260:apeaceful_paladin.ogg
ss:50:130:250:260:birds27.ogg
w:131:250:270:wallglass
z:100:400:0:20:el cielo de estrellita
z:150:150:0:199:escalera a la avitación de el amor, puedes ver que los peldaños tienen corazones divujados en ellos
sc:150:150:0:200:wood2
w:149:1:200:wallglass
w:151:1:200:wallglass
z:150:150:200:249:una gran puerta, con el símbolo de el amor en el medio, y con corazones rojos que la rodean
dr:150:200:150:250:10:none:none:door1open..ogg:door1close..ogg
p:150:250:250:grass
z:150:150:250:260:puerta de salida de este precioso lugar
w:149:200:270:wallglass
w:151:200:249:wallglass
z:150:250:250:260:abitación de el amor. aquí estás, donde puede sentirce el amor, sentir como llena tu corazón, tu alma
dr:150:250:150:200:10:none:none:door1open..ogg:door1close..ogg
z:150:150:250:260:puerta de salida de este hermoso lugar
ss:150:250:250:270:birds26.ogg
ss:150:250:250:270:amaster_stadium_outside.ogg
ss:150:250:250:270:rain1.ogg
w:251:250:270:wallglass
w:299:1:70:wallglass
z:300:300:0:20:escalera hacia la abitación de reflecciones
sc:300:300:0:20:concrete13
w:301:1:40:wallglass
z:300:300:20:49:puerta a la avitación de reflecciones
dr:30:2':3'':5':1':none:none:door20open.ogg:door20close.ogg
p:300:400:50:floor
dr:300:20:300:50:20:none:none:door20open.ogg:door20close.ogg
z:300:300:50:60:puerta de salida de la avitación de reflecciones
dr:300:50:300:20:20:none:none:door20open.ogg:door20close.ogg
z:301:400:50:60:abitación de reflecciones, pase aquí, y lea las hermosas reflecciones, junto a sus enceñanza que nos dejan
z:302:302:50:60:aquí puede verse un cuadro, en el puede leerse lo siguiente. Lo difícil no es olvidar el pasado, es olvidar el futuro que imaginaste
z:306:306:50:60:aquí hay otro cuadro, y este dice lo siguiente. Traigo el alma quebrada, una sonrisa desgastada, una mente definitivamente agotada, me  suelo tropezar y levantar, pero sinceramente si me lo preguntas, me estoy quedando sin fuerza
z:310:310:50:60:aquí está el tercer cuadro, y este dice lo siguiente. En ella vive una princesa. Y también una guerrera. Le sobra amor y le explota la cabeza. En ella hay una galaxia entera. Es tierna pero no se desarma con cualquiera. Es buena. De a ratos calma, de a ratos fiera. Quien despierta suamor se llena. Pero quien juega con ella se quema
z:314:314:50:60:aquí se encuentra el cuarto cuadro, y este dice. Ser amigo es interpretar miradas, entender silencios, perdonar errores, guardar secretos, prevenir caídas y secar lágrimas
z:318:318:50:60:aquí está el quinto cuadro, y en el se lee. Aprende a obsequiar tu silencio, a quien no te pide palabras y tu ausencia, a quien no aprecia tu presencia
z:322:322:50:60:aquí está el sexto cuadro, y en el se lee. Una mujer fuerte es aquella que es capaz de sonreír todo el día como si no hubiese llorado toda la noche
z:326:326:50:60:en el séptimo cuadro, se ve lo siguiente.  Vas a poder, el universo está ahí, volviéndote a abrazar, alentándote a soñar. La herida va a cerrar. La tormenta va a pasar. Permití que salga la basura que no te deja avanzar. Hacé lugar. para que algo mejor pueda llegar
z:330:330:50:60:en el octabo cuadro, se lee esto.  Mientras la mente persiga el camino del placer, la oscuridad del mundo ilusorio (la ignorancia), no se podrá despejar
z:334:334:50:60:en el noveno cuadro, se lee esto.  Quédate con alguien qué no pueda estar enojado tanto tiempo contigo, qué no pueda dejar de hablar contigo y qué tenga miedo de perderte
z:338:338:50:60:aquí está el décimo cuadro, y este dice. Hay que aprender a amarse lo suficiente como para saber que cuando alguien no te quiere, debes continuar y seguir adelante
z:342:342:50:60:aquí está el cuadro número 11, y este dice. Cuando te aburras de las sobras. Cuando quieras todo, cuando busques más. Cuando te canses de las mentiras. Aparezco en tu vida, y nos devolvemos el amor que ofrecimos a los demás
z:346:346:50:60:aquí está el cuadro número 12, y en el se lee. Hay que aprender a amarse lo suficiente como para saber que cuando alguien no te quiere, debes continuar y seguir adelante
z:350:350:50:60:aquí está el cuadro 13, y en el se lee.  No hay distancia que pueda mantenernos separados, siempre y cuando estés aquí en mi corazón
z:354:354:50:60:aquí, está el cuadro número 14, y el dice.  La parte más importante de la comunicación es escuchar al otro, ya que abundan quienes quieren hablar y escasean quienes quieren oír
z:346:346:50:60:abitación de reflecciones, pase aquí, y lea las hermosas reflecciones, junto a sus enceñanza que nos dejan
z:346:346:50:60:abitación de reflecciones, pase aquí, y lea las hermosas reflecciones, junto a sus enceñanza que nos dejan
z:346:346:50:60:aquí está el cuadro número 12, y dice. La verdadera amistad no se trata de quién vino primero o de quién te conoce más tiempo; Se trata de quién llegó y nunca se fue
z:358:358:50:60:en el cuadro número 15, se lee lo siguiente. Valiente es aquel que cuando cae se levanta, porqué sabe que restaurado será
z:362:362:50:60:frente a ti está el cuadro número 16, y en el se lee lo siguiente. La pobreza no se lleva en los bolsillos; la pobreza se lleva en la mente y se asume en el corazón 
z:366:366:50:60:en el cuadro 17, lees lo siguiente. las cosas mas hermosas de la vida son gratis y muchas veces son las que menos valoramos.
z:370:370:50:60:este es el cuadro 18, y aquí dice. Si alguien te regala su tiempo valóralo, te está dando una parte de su vida que jamás volverá a él.
z:374:374:50:60:en este cuadro, lees las siguientes palabras. Si la decisión de la vida es derribarte, la decisión tuya debe ser levantarte.
z:378:378:50:60:en este cuadro, lees lo siguiente. Quien te tiene lástima es como un perro que lame tu herida; le gusta su sabor, te la refresca, pero no te la sana.
z:382:382:50:60:en el cuadro que vez frente a ti, se leen las siguientes palabras. quien gana una vatalla es un vencedor, pero el ganador es el que gana la guerra.
z:386:386:50:60:aquí se alcanza a leer lo siguiente. nunca esperes mucho de álguien, es mejor sorprenderce que decepcionarce.
z:390:390:50:60:en este cuadro, lees. Dentro de cada uno de nosotros existe un silencio tan vasto como el Universo. Cuando experimentemos ese silencio recordaremos quiénes somos
w:401:50:60:wallglass
z:394:394:50:60:en uno de los últimos cuadros, se lee. Tú en tu cama. Yo en la mía. Yo deseándote. Tú tan lejos. Los dos prometiendo. Los dos soñando despiertos, que estemos juntos... algún día
z:398:398:50:60:en el último hermozo cuadro de este lugar, nos dice. No te sientes a esperar que la vida cambie, porque la vida cambiará cuando cambies tú. Los malos momentos pasan a ser cenizas, cuando tú mismo decides quemarlos.
teto:none
ss:300:400:50:60:3canción.ogg
z:301:301:50:60:bienbenido a la havitación de refleccionar, donde la nostálgia y el buen pensamiento te invaden.
z:401:500:0:200:el jardín  camino a la torre de  estrellita, donde enfrentarás a los ángeles de los valores. estás seguro que quieres continuar?
p:401:500:0:grass3
ss:401:500:0:15:amb1.ogg
z:440:460:0:10:una hermoza fuente, en el centro de este jardín. vez peces de todos los colores aquí nadando, y el agua de la misma es cristalina y limpia.
p:440:460:0:mud
p:440:460:3:water2
sc:440:460:0:2:concrete4
ss:440:460:0:10:fonteagua.ogg
z:440:460:0:2:bajo la hermoza fuente.
z:406:407:0:10:aquí hay una hermoza plantación de rosas rojas, que desprenden un muy fuerte holor a perfume florál. es tan hermozo, que quicieras quedarte aquí.
sc:420:420:0:20:branch
z:420:420:0:20:un árvol con muchos frútos deliciosos.
z:428:432:0:10:una grán plantación con muchas flores distíntas.
z:501:550:0:200:bienvenido a la torre de los valores. te atreves a enfrentarlos?
sc:501:501:0:10:metal7
p:502:599:10:metal7
w:600:10:25:wallglass
w:500:1:25:wallglass
w:502:1:9:wallglass
w:506:10:25:wallbars
dr:505:10:507:10:1:none:none:door20open.ogg:door20close.ogg
dr:507:10:505:10:1:none:none:door20open.ogg:door20close.ogg
z:505:505:10:25:aquí está la entrada, al grán salón de la fe. entra y demuestra cuanta es la tuya.
z:507:507:10:25:salída del salón de la fe.
z:551:600:0:30:bienvenido a la torre de los valores. te atreves a enfrentarlos?
z:501:504:10:30:salón de la fé.
z:508:600:10:30:dentro del salón de la fé.
sc:599:599:10:26:wood3
z:500:600:30:50:dentro del salón de la fé.
p:600:700:26:wood3
z:601:604:26:50:frente al salón de la fe.
z:605:605:26:50:puerta de entrada al grán salón del respeto.
w:606:26:50:wallwood
dr:605:26:607:26:1:none:none:door12open.ogg:door12close.ogg
z:608:700:26:50:dentro del salón del respeto.
dr:607:26:605:26:1:none:none:door12open.ogg:door12close.ogg
z:607:607:26:50:cuanto respeto sientes a los demás y por las pequeñas cosas que te dan? cuantas veces las pones en práctica? vamos! será que lo podrás enfrentár aquí y ahora??
w:598:11:50:wallbrick
w:701:26:40:wallgrass
sc:700:700:26:41:dirt4
p:701:800:41:dirt4
w:701:40:60:walldirt
dr:700:41:702:41:1:none:none:door16open.ogg:door16close.ogg
dr:702:41:700:41:1:none:none:door16open.ogg:door16close.ogg
z:703:800:41:60:dentro del salón de la felizidad.
w:699:27:50:walldirt
z:702:702:41:50:salida del salón de la felizidad.
z:700:700:41:50:entrada al salón de la felizidad.
w:801:41:55:wallsandbag
sc:800:800:41:56:concrete2
w:801:56:70:wallsandbag
w:799:42:55:wallsandbag
p:700:799:56:concrete2
z:701:800:56:70:dentro del grán salón de la fuerza. prueva si puedes contra ella!
dr:800:56:798:56:1:none:none:door14open.ogg:door14close.ogg
dr:798:56:800:56:1:none:none:door14open.ogg:door14close.ogg
w:799:56:70:wallstone
z:800:800:56:70:entrada al grán salón de la fuerza.
z:798:798:56:70:salida del grán salón de la fuerza.
w:700:56:75:wallbarricada
sc:701:701:56:76:concrete14
w:702:58:86:wallbarricada
z:701:701:56:76:escalera asia la lealtad
p:600:699:76:concrete14
z:600:699:76:87:que tan leal as sido con las personas que te rodean, bamos a probarlo!
dr:701:76:698:76:1:none:none:door5open.ogg:door5close.ogg
dr:698:76:701:76:1:none:none:door5open.ogg:door5close.ogg
w:699:76:86:wallbarricada
z:701:701:76:86:entrada a la lealtad
p:700:700:76:concrete14
z:698:698:76:86:salida de este ermoso lugar
w:600:76:90:wallcone
sc:601:601:76:106:concrete3
w:600:90:105:wallcone
z:601:601:76:106:escalera de la valentía
p:500:600:106:concrete3
z:500:600:106:126:cuántas veces en la vida eres valiente, pongamos a prueba lo valiente que eres para enfrentar tu propio valor
w:600:106:126:walldirt
dr:601:106:599:106:1:NONE:NONE:door1open..ogg:door1close..ogg
dr:599:106:601:106:1:NONE:NONE:door1open..ogg:door1close..ogg
z:601:601:106:126:puerta de entrada a la valentía
z:599:599:106:126:salida de este hermoso lugar
w:500:106:126:wallarvore
sc:501:501:106:156:concrete4
p:501:600:156:concrete4
w:500:106:156:walltable
w:502:108:156:walltable
dr:501:156:503:156:1:none:none:door6open.ogg:door6close.ogg
dr:503:156:501:156:1:none:none:door6open.ogg:door6close.ogg
z:501:501:156:176:entrada a la livertad!
z:503:503:156:176:salida de la livertad!
z:504:600:156:176:quieres ser libre como las aves? enfréntala si lo quieres lograr!
w:600:156:206:wallcar
sc:599:599:156:206:concrete13
w:598:158:206:wallcar
z:599:599:156:206:camino a la verdad!
p:599:700:206:concrete13
dr:599:206:601:206:1:none:none:door20open.ogg:door20close.ogg
dr:601:206:599:206:1:none:none:door20open.ogg:door20close.ogg
w:600:206:226:wallcone
z:599:599:206:226:entrada a la verdad!
z:601:601:206:226:salida de la verdad!
z:602:700:206:226:cuántas veces hacemos las cosas con sinceridad? probemos, cuanta verdad hay en tu interior!
w:700:206:236:wallbarrel
sc:699:699:206:236:concrete16
w:698:208:240:wallbank
z:699:699:206:240:camino asia el amor
p:700:800:236:concrete16
dr:699:236:701:236:1:none:none:door16open.ogg:door15close.ogg
dr:701:236:699:236:1:none:none:door16open.ogg:door15close.ogg
w:700:236:266:wallbarricada
z:699:699:236:266:puerta de entrada asia el amor
z:701:701:236:266:puerta de salida
z:702:800:236:266:cuánto amor hay en tu corazón? veamos, el amor es el camino y el logro a todo, solo piensa y siente como te imbade y verás que tan lejos puedes llegar. dado que el amor existe en todas partes y de diferentes maneras
w:800:236:266:wallbarricada
w:0:0:1000:wallarvore
ss:604:799:0:60:birds.ogg
ss:603:799:5:20:13you.ogg
sc:470:470:0:10:grass
z:470:470:0:15:a qui ay una hermosa plantación de rosas blancas
sc:475:475:0:15:branch
z:475:475:0:20:un gran árbol de jugosas naranjas se encuentra a qui
sc:480:480:0:15:branch
z:480:480:0:20:a qui se encuentra una hermosa plantación de guayabas, que fruta tan delisiosa!
sc:485:485:0:10:grass
z:485:485:0:15:una plantación de hermosas gardenias se e logra apresiar en esta parte de el lugar
sc:490:490:0:10:brush2
z:490:490:0:15:una hermosa flor de bugambilia se encuentra a qui. cuidado por que te puedes enterrar una de sus espinas
sc:494:494:0:15:branch
z:494:494:0:20:un gran árbol de aguacates se encuentra plantado a qui, que fruta tan rica!
p:495:499:15:grass8
z:495:499:15:20:estás parado en una de las ramas de este marabilloso árbol
p:490:493:15:grass8
z:490:493:15:20:estás parado en una de las ramas de este marabilloso árbol
w:489:15:25:wallbrushtangle
w:499:15:25:wallbrushtangle
z:601:700:0:40:camino a un lago
p:601:700:0:capim
sc:610:610:0:20:branch
z:610:610:0:20:árbol.
sc:620:620:0:20:branch
z:620:620:0:20:árbol.
sc:630:630:0:20:branch
z:630:630:0:20:árbol.
sc:640:640:0:20:branch
z:640:640:0:20:árbol.
sc:650:650:0:20:branch
z:650:650:0:20:árbol.
sc:660:660:0:20:branch
z:660:660:0:20:árbol.
sc:670:670:0:20:branch
z:670:670:0:20:árbol.
sc:680:680:0:20:branch
z:680:680:0:20:árbol.
sc:690:690:0:20:branch
z:690:690:0:20:árbol.
z:701:720:0:20:a orillas de un hermoso lago. logras ber que el lago que se encuentra a pocos pasos de ti, cuenta con un agua sorprendente mente brillante, y ase tener de este lugar una bista impresionante
p:701:715:0:areia
p:715:720:0:areiamovedissa
ss:720:800:0:4:water2.ogg
sc:720:800:0:10:water3
ss:700:820:2:30:birds6.ogg
z:720:800:0:30:dentro de el lago. al estar en las aguas de este marabilloso lago. te percatas de que el agua es lo sufisientemente agradable para estar mucho tiempo sobre ella. lla que te ase sentir una pas inmensa. logras ber como se refleja la lus de el sol en sus aguas, y ase brillar el agua de forma increible. en las profundidades, persibes peces de muchos colores que nadan de un lado a otro, disfrutando de el hermoso lugar
z:800:820:0:30:a orillas de un hermoso lago. logras ber que el lago que se encuentra a pocos pasos de ti, cuenta con un agua sorprendente mente brillante, y ase tener de este lugar una bista impresionante
p:800:805:0:areiamovedissa
p:806:820:0:areia
p:821:900:0:grass
z:820:900:0:50:un largo camino te conduce  a una cascada. logras ber en la sima de esta  aun hermoso jardín con flores que, al pareser, tienen destellos en sus puntas. lla que desde lo lejos, alcansas a ber pequeños relampagos de lus, probenientes de ellas
ss:820:1000:2:100:birds.ogg
p:900:920:0:dirt
z:900:920:0:50:piedras rocosas que te conducen a la cascada
p:1:400:0:carpet5
ss:1:400:4:40:a8.ogg
ss:1:400:4:40:birds1.ogg
p:501:600:0:carpet5
sc:921:923:0:30:escombros
z:921:923:0:31:a qui ay una pequeña suvida a una sona de hermosas flores que llasen en sima de esta cascada
p:924:1000:30:lawn
z:921:1000:30:50:sona verde. a qui logras ber hermosas flores que resplandesen de forma fantástica, y bes que en las puntas de cada flor se encuentran pequeñas letras de oro formando hermosas frases de pas. será mejor asercarte para que puedas ber mejor
sc:924:999:0:29:shallow
ss:924:999:0:29:water3.ogg
ss:924:999:0:29:ocean3.ogg
z:924:999:0:29:cascada. quedas marabillado con lo que logras ber en esta parte de el lugar. una hermosa y henorme cascada está frente a ti, bes como el agua corre y cae poco a poco, asiendo una bista impresionante de el lugar. en la parte de arriba logras ver una sona verde donde llasen flores a un mas marabillosas. con sus hojas brillantes como el oro, y sus tallos tan cristalinos como un presiado diamante. en suspuntas bisualisas pequeñas letras que an sido incrustadas a ellas, pero desde a qui no logras ber las fraces que forman, cerá mejor asercarse y ber con mas detenimiento
w:1000:0:1000:wallarvore
sc:930:930:30:40:grass
z:930:930:30:40:una hermosa plantasión de lo que paresen ser unas hermosas rosas brillantes, y como todas las flores de a qui, posee algo escrito en sus puntas...
z:930:930:40:43:a qui unas frases echas de oro se encuentran frente a ti. pulsa enter para leer la frase que forman
ptm:930:930:40:40:930:40:ElCieloDeEstrellita:Quien te menosprecia te califica para que Dios te use, porque la Biblia dice. al menospreciado escogió Dios.; :door17open.ogg
sc:935:935:30:40:grass
z:935:935:30:40:una plantasión de la flor maravilla se encuentra frente a ti. suve para leer lo que se encuentra en su punta
z:935:935:40:43:pulsa enter para leer lo que dicen estas hermosas letras de oro
ptm:935:935:40:43:935:40:ElCieloDeEstrellita:Las heridas tienen un solo destino, convertirlas lo más rápido posible en cicatrices para aprender las lecciones de ellas.:door17open.ogg
dv:camera
sc:940:940:30:40:grass
z:940:940:30:40:unos hermosos clabeles están frente a ti. sube para leer lo que se encuentra en su punta
z:940:940:40:43:pulsa enter para leer lo que dicen estas hermosas letras de oro
ptm:940:940:40:43:940:40:ElCieloDeEstrellita:A veces las frases más importantes son las que menos importancia creemos que tienen.:none
sc:945:945:30:40:grass
z:945:945:30:40:una plantasión de la hermosa flor liliun está justo a qui. sube para leer lo que se encuentra en su punta
z:945:945:40:43:pulsa enter para leer lo que dicen estas hermosas letras de oro
ptm:945:945:40:43:945:40:ElCieloDeEstrellita:Sólo quien mantiene una desición firme en tiempos de oscuridad verá resplandecer la luz sobre sus caminos.:none
sc:950:950:30:40:grass
z:950:950:30:40:una plantasión de unas presiosas margaritas están plantadas justo a qui. sube para leer lo que sostiene en su punta
z:950:950:40:43:pulsa enter para leer lo que dicen estas hermosas letras de oro
ptm:950:950:40:43:950:40:ElCieloDeEstrellita:Mientras no quieras curar tus heridas estarás salpicando de sangre a quienes jamás te hirieron.:none
sc:955:955:30:40:grass
z:955:955:30:40:una plantasión de una linda azusena se encuentra plantada en esta parte de el lugar. sube para leer lo que contiene en sus puntas
z:955:955:40:43:pulsa enter para leer lo que dicen estas hermosas letras de oro
ptm:955:955:40:43:955:40:ElCieloDeEstrellita:El mejor resultado no lo obtiene quien tiene mejores talentos, sino quien que sabe utilizarlos mejor.:none
sc:960:960:30:40:grass
z:960:960:30:40:unos hermosos jirazoles se encuentran a qui. sube para leer la hermosa frase que esta planta sostiene en sus puntas
z:960:960:40:43:pulsa enter para leer lo que dicen estas hermosas letras de oro
ptm:960:960:40:43:960:40:ElCieloDeEstrellita:Los sueños solo se cumplen a quienes nunca se rinden, no se conforman, no toleran la mediocridad y tienen fuerzas para dar un paso mas.:none
sc:965:965:30:40:grass
z:965:965:30:40:una plantasión de hermosas laureles está en este lugar. sube para leer lo que sostienen sus puntas
z:965:965:40:43:pulsa enter para leer lo que dicen estas hermosas letras de oro
ptm:965:965:40:43:965:40:ElCieloDeEstrellita:La verdadera desnudez, es llorar frente a otro.:none
sc:970:970:30:40:grass
z:970:970:30:40:una bella plantasión de tulipanes se encuentra a qui. sube para leer lo que se encuentra en sus puntas
z:970:970:40:43:pulsa enter para leer lo que dicen estas hermosas letras de oro
ptm:970:970:40:43:970:40:ElCieloDeEstrellita:Tu gran error fue dejarme ir cuando aún pensabas en mí.:none
sc:975:975:30:40:grass
z:975:975:30:40:una hermosa plantación decerezos con las hojas más hermosas que se puedan haber visto. sube para leer lo que se encuentra ensima  de sus delicadas puntas
z:975:975:40:43:pulsa enter para leer lo que dicen estas hermosas letras de oro
ptm:975:975:40:43:975:40:ElCieloDeEstrellita:Tu dices que amas la lluvia, pero usas un paraguas . dices que amas el sol, pero buscas una sombra .Dices que amas el viento, pero cierras las ventanas cuando sopla. Por eso tengo miedo cuando dices que me amas:none
z:160:165:250:270:unas hermosas rosas de color rojo intenso se encuentran plantadas a qui. quedas marabillado, lla que por lo que logras apresiar, están rodeadas de corazones por todos lados, asiendo el símbolo de el amor.
sc:160:170:250:270:grass
z:151:250:250:275:abitación de el amor. aquí estás, donde puede sentirce el amor, sentir como llena tu corazón, tu alma
z:160:165:250:270:unas hermosas rosas de color rojo intenso se encuentran plantadas a qui. quedas marabillado, lla que por lo que logras apresiar, están rodeadas de corazones por todos lados, asiendo el símbolo de el amor.
z:166:170:250:270:aquí está una fotografía grande de una pareja de enamorados, en ella puedes ver como ellos se dan un tierno y apacionado beso en los labios, tiene con letras rojas cubiertas de oro escrito, te amo por siempre y para siempre, a pesar de la distancia, a pesar que te veré una ves cada año, a pesar de todo mi amor. te amo
z:155:157:250:255:aquí una foto de comandante y estrellita, esta foto está bañada en oro, tiene con letras rojas el sínbolo del amor, y dentro del címbolo estrellita escribe. te amo mi comandante, eres el niño mas lindo del universo, te amo mi amor
sc:155:157:250:255:diamond
z:180:190:250:270:una enorme estatua con el sínbolo del amor, arriba de esta puedes apreciar corazones rojos, y en palabras color rojo intenso está escrito, el amor está en el alma, en tu ser, en todo detí, el amor no lastima, eres tu quien te lastimas por no dar ni resibir amor
sc:980:980:30:40:grass
z:980:980:30:40:aquí se encuentra unas hermosas galdenias, que por su aroma te llaman la atención, y unas lindas letras de oro se cuentran en su punta. sube a leer lo que dice
z:980:980:40:43:pulsa enter para leer lo que dicen estas hermosas letras de oro
ptm:980:980:40:43:980:40:ElCieloDeEstrellita:Aprender siempre es un regalo, inclusive cuando el dolor sea nuestro maestro.:none
sc:985:985:30:40:grass
z:985:985:30:40:un lindo rallito de sol está frente a tus hojos. sube para ber lo qu se encuentra en su punta
z:985:985:40:43:pulsa enter para leer lo que dicen estas hermosas letras de oro
ptm:985:985:40:43:985:40:ElCieloDeEstrellita:Sólo quien conoce su propósito tendrá la capacidad de mantenerse firme en las pruebas.:none
sc:990:990:30:40:grass
z:990:990:30:40:un lindo jasmín se encuentra resplandesiendo en este lugar. sube para leer lo que se encuentra en sus puntas
z:985:985:30:39:un lindo rallito de sol está frente a tus hojos. sube para ber lo que se encuentra en su punta
z:990:990:40:43:pulsa enter para leer lo que dicen estas hermosas letras de oro
ptm:990:990:40:43:990:40:ElCieloDeEstrellita:Si tienes miedo de mojarte los pies, nunca descubrirás lo que está al otro lado del río.:none
sc:995:995:30:40:grass
z:995:995:30:40:una linda violeta se encuentra adornando el final de esta linda sona berde. sube para leer las lindas letras de oro que llasen en su punta
z:995:995:40:43:pulsa enter para leer lo que dicen estas hermosas letras de oro
ptm:995:995:40:43:995:40:ElCieloDeEstrellita:Cuidado con los que saben escribir, pues tienen el poder de enamorarte sin siquiera tocarte.:none
z:607:699:26:46:dentro del salón del respeto.
z:700:700:26:40:escaleras a el salón de la felisidad
z:607:607:26:46:puerta de salida
z:599:599:10:26:escaleras al salón de el respeto
z:600:605:26:46:camino al salón de el respeto
z:605:605:26:46:puerta de entrada al salón de el respeto
w:602:78:120:camerawall
w:700:76:96:camerawall
z:501:501:106:155:escaleras al salón de la livertad
ss:400:499:2:40:birds23.ogg
tp:1:1:0:100:49:280:camino_de_nieve:sales de ese marabilloso lugar, a un refleccionando por lo que contemplaste dentro.
ss:50:130:250:280:water2.ogg
ss:50:130:250:280:birds10.ogg
teto:none
p:1:400:0:grass
sc:6:10:0:20:montanha
z:6:10:0:35:aquí se encuentra una foto con hermoso paisaje de una playa, aguardando la puerta del sol, y con dulce estrellita con su novio el comandante sentado en la arena, abrasados con la mirada sonriente mirando al mar. y unas letras que dicen, hasta la luna y el sol, son testigo de nuestro gran amor. nadie nos puede separar, porque nuestro corasones unidos por siempre estarán.
sc:15:22:0:20:montanha
z:15:22:0:30:aquí se encuentra una foto de la dulce estrellita con sus dos hermanitos y su comandante, jugando en la orilla de una playa, en plena madrugada, con los rayos de la luna alumbrando. y en letras doradas una frace que dice, deja que el amor te gane tu corazón, y verás que feliz eres, regala tu mejor sonrisa a la vida, que para ella no hay tristezas ni heridas
sc:200:202:0:20:branch
sc:200:201:0:20:branch
z:200:201:0:20:árbol.
z:200:201:0:20:Un árbol de dulces y jugosas manzanas rojas
z:200:204:250:256:Aquí puedes ver una foto de dulceestrellita, sugetando una flor con una mano, mientras que con la otra sugeta un corazón que dice el amor es la fuerza que mueve al universo
z:210:212:250:256:Este es un jarrón con unos hermosos cricentemos amarillos como parte de la decoración
z:215:217:250:256:Una pequeña mesa redonda con un jarrón de cristal con un enorme ramo de rosas rojas
z:221:229:250:260:Este es un cuadro con marco dorado, donde hay una foto de dulceestrellita y el comandante, sentados y abrazados a la orilla de una playa. En la parte superior de este, hay un mensaje en letra dorada que dice, para el amor no hay edad, ni distancia, el amor solo se siente en el corazón
z:120:121:0:6:Ves flores de lavanda
sc:27:30:0:10:concreto
z:27:30:0:15:aquí una foto de dulce estrellita y su hermanita princesa azul, paradas en la orilla de la plalla, mirando al mar, con la puerta del sol precente. Unas letras en color azul, Estoy dispuesto(a) a ver y reconocer mi propia belleza y magnificencia Me amo y me perdono a mí mismo(a) Mi conciencia está llena de pensamientos saludables, positivos y amorosos y se ven reflejados en mis experiencias Soy un individuo bueno que merece la felicidad.
sc:34:35:0:10:concreto17
sc:34:38:0:10:concreto17
z:34:38:0:15:una foto de dulce estrellita junto a su hermanito elluis, abrasados bajo de un líndo árbol de manzanas, sonriendo frente al atardeser en un parque. Unas letras en color celeste, Aquel quien, cuando te vas, te extraña con tristeza Aquel quien, a tu retorno, te recibe con alegría Aquel cuya irritación jamás se deja notar Ese es a quien yo llamo un amigo. Aquel quien más pronto da que pide Aquel quien es el mismo hoy y mañana Aquel quien compartirá tu pena igual que tu alegría Ese es a quien yo llamo un amigo. Aquel quien siempre está dispuesto a ayudar Aquel cuyos consejos siempre fueron buenos Aquel quien no teme defenderte cuando te atacan Ese es a quien yo llamo un amigo. 
sc:41:48:0:10:concreto17
z:41:48:0:15:cuadro de dulce estrellita junto a su amigo chara, sentados en el pasto lleno de flores alrededor. unas letras,  Amistad es lo mismo que una mano que en otra mano apoya su fatiga y siente que el cansancio se mitiga y el camino se vuelve más humano. El amigo sincero es el hermano claro y elemental como la espiga, como el pan, como el sol, como la hormiga que confunde la miel con el verano. Grande riqueza, dulce compañía es la del ser que llega con el día y aclara nuestras noches interiores. Fuente de convivencia, de ternura, es la amistad que crece y se madura en medio de alegrías y dolores. 
p:53:56:0:concreto17
z:53:56:0:0:No es por los músculos, la velocidad o la destreza física que se logran grandes cosas, sino por la reflexión, la fuerza del carácter y el juicio 
p:59:62:0:concreto17
z:59:62:0:0:Valora a quien se merece. Ama a quien da. Dale cariño a quien lo intercambia. Dale consideración a quien la tiene. Y nada más 
p:65:68:0:concreto17
z:65:68:0:0:Una relación funciona si los dos saben conversar, ser amigos, comunicarse, confiar, corregir errores, procurando siempre mejorar juntos y nunca rendirse
p:71:74:0:concreto17
z:71:74:0:0:Así como una sonrisa enamora, una acción decepciona
p:77:80:0:concreto17
z:77:80:0:0:El fracaso es parte de la vida; si no fracasas, no aprendes y si no aprendes, no cambias
p:83:86:0:concreto17
z:83:86:0:0:Tú me tratas mal, yo te trato peor. Tú me tratas bien, yo te trato mejor. Así de simple
p:89:92:0:concreto17
z:89:92:0:0:Sé fuerte para que nadie te derrote, noble para que nadie te humille y tú mismo para que nadie te olvide
p:95:98:0:concreto17
z:95:98:0:0:Suelta al mundo que crees poseer, avanza sin saber a dónde vas, deja florecer lo que despreciabas en ti
p:101:104:0:concreto17
z:101:104:0:0:La única responsable de tu felicidad eres tú. Deja de darle a los demás, el poder de controlar tu sonrisa, tu valor y tu actitud
p:107:110:0:concreto17
z:107:110:0:0:Esta bien perder personas. La vida nos lleva por distintos caminos a todos, eso no significa que las personas que ya no están sean falsas, sino que estaban para acompañarte y hacerte bien en esa etapa de tu vida. Amor por los que duran y amor también por los que no
p:113:116:0:concreto17
z:113:116:0:0:La mejor maestra en la vida es la experiencia, te cobra caro, pero te explica bien
p:119:122:0:concreto17
z:119:122:0:0:Y una vez que la tormenta termine, no recordaras como lo lograste, como sobreviviste. Ni siquiera estarás seguro si la tormenta ha terminado realmente. Pero una cosa si es segura, cuando salgas de esa tormenta, no serás la misma persona que entró en ella 
p:125:128:0:concreto17
z:125:128:0:0:Confía también en tu locura, puede conducirte al sitio donde la razón no entiende y la emoción le teme
p:131:134:0:concreto17
z:131:134:0:0:Las lágrimas no significa debilidad, sino el valor de un sentimiento
p:137:140:0:concreto17
z:137:140:0:0:Los amigos entienden tus palabras, los mejores amigos entienden tus silencios 
p:143:146:0:concreto17
z:143:146:0:0:La vida tiene buenos y malos momentos: De los buenos se disfruta y de los malos se aprende
z:143:146:0:0:La vida tiene buenos y malos momentos, De los buenos se disfruta y de los malos se aprende
p:153:156:0:concreto17
z:153:156:0:0:La vida no es un deporte de mirones, si pasas el tiempo observando, verás tu vida pasar mientras te quedas atrás
p:159:162:0:concreto17
z:159:162:0:0:Cada mujer lleva una sonrisa en su rostro y mil secretos en su corazón
p:165:168:0:concreto17
z:165:168:0:0:El primero que te ayudara a levantarte es el que sabe lo que se siente al caer
p:171:174:0:concreto17
z:171:174:0:0:Si el plan ''A'' no funciona, recuerda que el abecedario tiene 26 letras más
p:177:180:0:concreto17
z:177:180:0:0:Las cosas no valen por el tiempo que duran, sino por las huellas que dejan
p:183:186:0:concreto17
z:183:186:0:0:Nunca intentes la venganza en contra de nadie, recuerda que los alacranes no piden perdón y terminan matándose con su propio veneno
p:189:192:0:concreto17
z:189:192:0:0:Cuida lo que dices, respeta lo que escuchas y medita lo que callas
p:195:198:0:concreto17
z:195:198:0:0:Cuatro cosas hay que nunca vuelven más, una bala disparada, una palabra hablada, un tiempo pasado y una ocasión desaprovechada
p:207:210:0:concreto17
z:207:210:0:0:Si te equivocás, no pasa nada. No arruinaste nada, no sos mala persona, no sos un desastre, no sos inútil. Tampoco significa que todo lo que hiciste antes no sirvió. No vas a empezar de cero, vas a seguir. Porque estás en camino, estás aprendiendo. (Y lo estás haciendo bien
p:213:216:0:concreto17
z:213:216:0:0:Mientras alguien te descuida, hay alguien que hace todo lo imposible por tenerte en su vida
p:219:222:0:concreto17
z:219:222:0:0:Me siento pequeña, a veces, siento como si no fuese de este mundo y aún así, tengo la costumbre de tirar pa'lante cueste lo que cueste. #HayQueSeguir
p:225:228:0:concreto17
z:225:228:0:0:La costumbre hace que te conformes con menos, sin saber que mereces mucho más
p:231:234:0:concreto17
z:231:234:0:0:La vida es corta: besa despacio, ríe bien alto, ama intensamente y perdona rápido
z:231:234:0:0:La vida es corta, besa despacio, ríe bien alto, ama intensamente y perdona rápido
p:237:240:0:concreto17
z:237:240:0:0:Intenta no volverte una persona de éxito, sino volverte una persona de valor
p:243:246:0:concreto17
z:243:246:0:0:Siempre habrá alguien que siempre será tu debilidad. Que si te sonríe tú también sonreirás, y que aunque te falle, tú estará
p:249:252:0:concreto17
z:249:252:0:0:Cuando las olas se han aquietado y el agua está en calma, entonces se refleja la luz y se puede vislumbrar el fondo
p:255:258:0:concreto17
z:255:258:0:0:Si vas a cobrarte todas las cosas malas que te han hecho, no te olvides que tienes muchas facturas pendientes de cosas malas que has hecho
p:261:264:0:concreto17
z:261:264:0:0:Siempre quédate en los lugares que te hagan sentir algo. No hablo solo de amor, hablo de paz, tranquilidad, emoción... que te hagan sentir vivo. Donde te marchites ya no, ya nunca
p:277:280:0:concreto17
p:267:270:0:concreto17
z:267:270:0:0:No hay nada mejor que soltar cualquier cosa que te pese, te haga ruido y/o no te permita fluir, porque cuanto menos cargues en la mochila mas libre te sentirás y serás tu mismo
p:273:276:0:concreto17
z:273:276:0:0:No es muy dificil atacar las opiniones ajenas, pero sí el sustentar las propias: porque la razón humana es tan débil para edificar, como formidable ariete para destruir
z:273:276:0:0:No es muy dificil atacar las opiniones ajenas, pero sí el sustentar las propias, porque la razón humana es tan débil para edificar, como formidable ariete para destruir
p:279:282:0:concreto17
z:279:282:0:0:Pon tus preocupaciones en las manos de Dios, y Dios pondrá su paz dentro de tu corazón
p:285:288:0:concreto17
z:285:288:0:0:Una semilla no crece hasta ponerla en la tierra y proporcionarle el ambiente adecuado. Un alma no se expande, crece y encuentra su autoexpresión hasta que se encuentra en el ambiente apropiado, rodeada de amor y comprensión
p:291:294:0:concreto17
z:291:294:0:0:La sabiduría es amor y está de forma natural en todos , solo que algunos lo ignoran y usan su mente-ego para vivir 
sc:297:298:0:15:grass3
z:297:298:0:20:aquí se encuentra una hermosa rosa de color azul, quien desprende un dulce aroma a paz.
p:303:306:0:concreto17
z:303:306:0:0:Las heridas tienen un solo destino, convertirlas lo más rápido posible en cicatrices para aprender las lecciones de ellas
p:309:312:0:concreto17
z:309:312:0:0:Todo aquí es transitorio, nada es eterno. Lo único que merece toda nuestra atención es potenciar nuestras virtudes, que nada nos robe el gozo ínterno, la fortaleza y las ganas de ser libres
z:309:312:0:0:Todo aquí es transitorio, nada es eterno. Lo único que merece toda nuestra atención es potenciar nuestras virtudes, que nada nos robe el gozo ínterno, la fortaleza y las ganas de ser libres
p:315:318:0:concreto17
z:315:318:0:0:"1000 árboles que crecen, hacen menos ruido que un árbol que se derrumba
p:321:324:0:concreto17
z:321:324:0:0:Enamorate de la personalidad de alguien q te merezca, de su manera de demostrar sus afectos, de su sencillez, humildad, de como te trata, de sus acciones, pero sobre todo enamórate de sus sentimientos, porq a fin de cuentas lo q más importa en esta vida es lo que llevamos dentro
p:327:330:0:concreto17
z:327:330:0:0:Nuestras horas son minutos cuando esperamos saber, y siglos cuando sabemos lo que se puede aprender
p:333:336:0:concreto17
z:333:336:0:0:La victoria está frente a los valientes, no en manos de cobardes. Avanza, pelea esa batalla, no te rindas, porque Dios destinó algo grande y hermoso para ti 
p:339:342:0:concreto17
z:339:342:0:0:a aceptar un no por respuesta.  Si no puedes atravesar la puerta principal, prueba con la ventana lateral. Si la ventana está cerrada, tal vez debas deslizarte por la chimenea. No te detengas; simplemente cambia de rumbo para llegar a tu destino 
p:345:348:0:concreto17
z:345:348:0:0:8 cosas q debe hacer un líder, 1. Visualizar (ser claro) 2. Comprometerse (construir relaciones) 3. Equipar (desarrollar personas) 4. Ejecutar (producir resultados) 5. Animar (tocar el corazón) 6. Evolucionar (aceptar el cambio) 7. Empatía (compromiso y estimulo) 8. Ser honesto; 
p:351:354:0:concreto17
z:351:354:0:0:Confía en el tiempo, que suele dar dulces salidas a muchas amargas dificultades 
p:357:360:0:concreto17
z:357:360:0:0:Nunca busques una sonrisa con quien te hizo derramar lágrimas. Quizá rías un instante, pero volverás a llorar sin duda
p:363:366:0:concreto17
z:363:366:0:0:Si me ignoras, te voy a ignorar. Si no empiezas la conversación, no vamos a hablar. Si no haces un esfuerzo, ¿por qué debería yo hacerlo?
p:369:372:0:concreto17
z:369:372:0:0:Un golpe puede crear un trauma físico, pero una palabra puede crear un trauma psicológico.; 
p:375:378:0:concreto17
z:375:378:0:0:Que alguien te diga "Lo siento, te necesito" después de haber tenido una pelea, significa que le importas mucho más que su orgullo.; 
p:381:384:0:concreto17
z:381:384:0:0:"Mereces un Amor que se lleve las mentiras; que te traiga la ilusión, el café y la poesía
p:387:390:0:concreto17
z:387:390:0:0:El primer regalo que tienes es la vida, el segundo es la libertad para vivirla 
p:393:396:0:concreto17
z:393:396:0:0:En el camino de tu vida, no es tan importante la distancia a que has llegado, sino la dirección que llevas 
z:70 250:76 250:250:256:Una pequeña cascada
sc:53:58:250:280:clay
z:57 250:60 250:250:255:un pes grande
z:53:58:250:280:aquí una hermosa cascada donde se escuchan caer unas lindas gotas de agua, que al caer te dan un delicioso rocío. a los pies de ella, una pareja de hermano jugando a tirarse agua riendo felices
z:100 250:104 250:250:255:Unos peces de colores nadan por aquí
z:53:58:250:290:aquí una hermosa cascada donde se escuchan caer unas lindas gotas de agua, que al caer te dan un delicioso rocío. a los pies de ella, una pareja de hermano jugando a tirarse agua riendo felices
z:59:65:260:280:...
z:50:51:260:280:...
z:114 250:122 250:250:256:Este es un lugar con mucha corriente, cuidao!
w:49:280:290:camerawall
z:52:52:260:280:...
w:49:255:300:camerawall
z:50:52:260:300:...
z:59:65:280:300:...
z:114:122:250:265:un lugar con corriente un poco mas rápida. cuidado
z:53:56:0:15:No es por los músculos, la velocidad o la destreza física que se logran grandes cosas, sino por la reflexión, la fuerza del carácter y el juicio 
z:59:62:0:15:Valora a quien se merece. Ama a quien da. Dale cariño a quien lo intercambia. Dale consideración a quien la tiene. Y nada más 
z:65:68:0:15:Una relación funciona si los dos saben conversar, ser amigos, comunicarse, confiar, corregir errores, procurando siempre mejorar juntos y nunca rendirse
z:71:74:0:15:Así como una sonrisa enamora, una acción decepciona
z:77:80:0:15:El fracaso es parte de la vida; si no fracasas, no aprendes y si no aprendes, no cambias
z:83:86:0:15:Tú me tratas mal, yo te trato peor. Tú me tratas bien, yo te trato mejor. Así de simple
z:89:92:0:15:Sé fuerte para que nadie te derrote, noble para que nadie te humille y tú mismo para que nadie te olvide
z:95:98:0:15:Suelta al mundo que crees poseer, avanza sin saber a dónde vas, deja florecer lo que despreciabas en ti
z:101:104:0:15:La única responsable de tu felicidad eres tú. Deja de darle a los demás, el poder de controlar tu sonrisa, tu valor y tu actitud
z:107:110:0:15:Esta bien perder personas. La vida nos lleva por distintos caminos a todos, eso no significa que las personas que ya no están sean falsas, sino que estaban para acompañarte y hacerte bien en esa etapa de tu vida. Amor por los que duran y amor también por los que no
z:113:116:0:15:La mejor maestra en la vida es la experiencia, te cobra caro, pero te explica bien
z:119:122:0:15:Y una vez que la tormenta termine, no recordaras como lo lograste, como sobreviviste. Ni siquiera estarás seguro si la tormenta ha terminado realmente. Pero una cosa si es segura, cuando salgas de esa tormenta, no serás la misma persona que entró en ella 
z:125:128:0:15:Confía también en tu locura, puede conducirte al sitio donde la razón no entiende y la emoción le teme
z:131:134:0:15:Las lágrimas no significa debilidad, sino el valor de un sentimiento
z:137:140:0:15:Los amigos entienden tus palabras, los mejores amigos entienden tus silencios 
z:143:146:0:15:La vida tiene buenos y malos momentos, De los buenos se disfruta y de los malos se aprende
z:153:156:0:15:La vida no es un deporte de mirones, si pasas el tiempo observando, verás tu vida pasar mientras te quedas atrás
z:159:162:0:15:Cada mujer lleva una sonrisa en su rostro y mil secretos en su corazón
z:165:168:0:15:El primero que te ayudara a levantarte es el que sabe lo que se siente al caer
z:171:174:0:15:Si el plan ''A'' no funciona, recuerda que el abecedario tiene 26 letras más
z:177:180:0:15:Las cosas no valen por el tiempo que duran, sino por las huellas que dejan
z:183:186:0:15:Nunca intentes la venganza en contra de nadie, recuerda que los alacranes no piden perdón y terminan matándose con su propio veneno
z:189:192:0:15:Cuida lo que dices, respeta lo que escuchas y medita lo que callas
z:195:198:0:15:Cuatro cosas hay que nunca vuelven más, una bala disparada, una palabra hablada, un tiempo pasado y una ocasión desaprovechada
z:207:210:0:15:Si te equivocás, no pasa nada. No arruinaste nada, no sos mala persona, no sos un desastre, no sos inútil. Tampoco significa que todo lo que hiciste antes no sirvió. No vas a empezar de cero, vas a seguir. Porque estás en camino, estás aprendiendo. (Y lo estás haciendo bien
z:213:216:0:15:Mientras alguien te descuida, hay alguien que hace todo lo imposible por tenerte en su vida
z:219:222:0:15:Me siento pequeña, a veces, siento como si no fuese de este mundo y aún así, tengo la costumbre de tirar pa'lante cueste lo que cueste. #HayQueSeguir
z:225:228:0:15:La costumbre hace que te conformes con menos, sin saber que mereces mucho más
z:231:234:0:15:La vida es corta, besa despacio, ríe bien alto, ama intensamente y perdona rápido
z:237:240:0:15:Intenta no volverte una persona de éxito, sino volverte una persona de valor
z:243:246:0:15:Siempre habrá alguien que siempre será tu debilidad. Que si te sonríe tú también sonreirás, y que aunque te falle, tú estará
z:249:252:0:15:Cuando las olas se han aquietado y el agua está en calma, entonces se refleja la luz y se puede vislumbrar el fondo
z:255:258:0:15:Esos mejores amigos que están locos y que te hacen reír en las buenas y en las malas, no tienen precio
z:261:264:0:15:Siempre quédate en los lugares que te hagan sentir algo. No hablo solo de amor, hablo de paz, tranquilidad, emoción... que te hagan sentir vivo. Donde te marchites ya no, ya nunca
z:267:270:0:15:No hay nada mejor que soltar cualquier cosa que te pese, te haga ruido y/o no te permita fluir, porque cuanto menos cargues en la mochila mas libre te sentirás y serás tu mismo
z:273:276:0:15:No es muy dificil atacar las opiniones ajenas, pero sí el sustentar las propias, porque la razón humana es tan débil para edificar, como formidable ariete para destruir
z:279:282:0:15:Pon tus preocupaciones en las manos de Dios, y Dios pondrá su paz dentro de tu corazón
z:285:288:0:15:Una semilla no crece hasta ponerla en la tierra y proporcionarle el ambiente adecuado. Un alma no se expande, crece y encuentra su autoexpresión hasta que se encuentra en el ambiente apropiado, rodeada de amor y comprensión
z:291:294:0:15:La sabiduría es amor y está de forma natural en todos , solo que algunos lo ignoran y usan su mente-ego para vivir 
z:303:306:0:15:Las heridas tienen un solo destino, convertirlas lo más rápido posible en cicatrices para aprender las lecciones de ellas
z:309:312:0:15:Todo aquí es transitorio, nada es eterno. Lo único que merece toda nuestra atención es potenciar nuestras virtudes, que nada nos robe el gozo ínterno, la fortaleza y las ganas de ser libres
z:315:318:0:15:"1000 árboles que crecen, hacen menos ruido que un árbol que se derrumba
z:321:324:0:15:Enamorate de la personalidad de alguien q te merezca, de su manera de demostrar sus afectos, de su sencillez, humildad, de como te trata, de sus acciones, pero sobre todo enamórate de sus sentimientos, porq a fin de cuentas lo q más importa en esta vida es lo que llevamos dentro
z:327:330:0:15:Nuestras horas son minutos cuando esperamos saber, y siglos cuando sabemos lo que se puede aprender
z:333:336:0:15:La victoria está frente a los valientes, no en manos de cobardes. Avanza, pelea esa batalla, no te rindas, porque Dios destinó algo grande y hermoso para ti 
z:339:342:0:15:a aceptar un no por respuesta.  Si no puedes atravesar la puerta principal, prueba con la ventana lateral. Si la ventana está cerrada, tal vez debas deslizarte por la chimenea. No te detengas; simplemente cambia de rumbo para llegar a tu destino 
z:345:348:0:15:8 cosas q debe hacer un líder, 1. Visualizar (ser claro) 2. Comprometerse (construir relaciones) 3. Equipar (desarrollar personas) 4. Ejecutar (producir resultados) 5. Animar (tocar el corazón) 6. Evolucionar (aceptar el cambio) 7. Empatía (compromiso y estimulo) 8. Ser honesto; 
z:351:354:0:15:Confía en el tiempo, que suele dar dulces salidas a muchas amargas dificultades 
z:357:360:0:15:Nunca busques una sonrisa con quien te hizo derramar lágrimas. Quizá rías un instante, pero volverás a llorar sin duda
z:363:366:0:15:Si me ignoras, te voy a ignorar. Si no empiezas la conversación, no vamos a hablar. Si no haces un esfuerzo, ¿por qué debería yo hacerlo?
z:369:372:0:15:Un golpe puede crear un trauma físico, pero una palabra puede crear un trauma psicológico.; 
z:375:378:0:15:Que alguien te diga "Lo siento, te necesito" después de haber tenido una pelea, significa que le importas mucho más que su orgullo.; 
z:381:384:0:15:"Mereces un Amor que se lleve las mentiras; que te traiga la ilusión, el café y la poesía
z:387:390:0:15:El primer regalo que tienes es la vida, el segundo es la libertad para vivirla 
z:393:396:0:15:En el camino de tu vida, no es tan importante la distancia a que has llegado, sino la dirección que llevas 
sc:822:824:0:8:concrete12
z:822:824:0:20:Aquí se encuentra una hermosa hada con su vestido color seleste y sus alas doradas, en su pecho un corazzón dibujado con unas letras platiadas que dicen, Las palabras son como notas musicales, una incorrecta es suficiente para arruinar la melodía, Cuidad con lo que dices o tus relaciones ?desafinarán 
sc:828:830:0:8:concrete12
z:828:830:0:20:Aquí se encuentra una foto de sammael, con el símbolo de la paz en su pecho, y enre sus manos un corazón de color blanco, con unas letras rojas que dicen, "Soy la felicidad de quien me ama, la tristeza de quien me odia y la irritación de quien me envidia  
sc:834:836:0:10:concrete12
sc:840:842:0:10:concrete12
z:840:842:0:20:aquí se encuentra una foto de dulce estrellita, con un vestido azul y una sonrisa en su rostro, entre sus manos una rosa de color rojo, y en sus hojas unas letras que dicen, "Un aplauso para mi almohada que vive tantos sueños, escucha mis pensamientos, seca mis lágrimas y soporta mis insomnios."; 
sc:846:848:0:10:concrete12
z:846:848:0:20:Aquí se encuentra una foto del comandante, en su pecho el símbolo de la amistad y leartad, y entre sus manos un corazón de color amarillo con letras doradas que dicen, No importa cuantas batallas tengas que ganar, no importa cuantas lágrimas derramarás. siempre serás un victorioso, un guerrero, y muy fuerte. podrás perder muchas guerras, pero siempre podrás ganar las batallas. que sean.
sc:852:854:0:10:concrete12
sc:858:860:0:10:concrete12
sc:864:866:0:10:concrete12
z:834:836:0:20:Aquí se encuentra una foto de fingwe, con una sonrisa en sus lavios y entre sus manos un corazón de color azul con letras rojas, que dicen, ni es la altura, ni tu cuerpo, ni la belleza, la que te hace una gran persona. es el corazón, la humildad y la inteligencia
z:852:854:0:20:Aquí se encuentra una foto de elluis, centado en una roca a la orilla del mar, con una sonrisa en su cara y entre sus manos un corazón de color blanco con letras amarillas que dicen, Cree, aunque otros renieguen; persevera, aunque otros deserten; lucha, aunque todos te dejen; y ama, aunque nadie te entienda. 
z:858:860:0:10:Aquí se encuentra una foto de hades, sentado en un jardín mirando las estrellas, entre sus manos un corazón dorado con letras platiadas, que dicen, Debes caer, para entender que es levantarse. Estar solo, para apreciar la compañía. Llorar, para saber que es reír
z:858:860:0:20:Aquí se encuentra una foto de hades, sentado en un jardín mirando las estrellas, entre sus manos un corazón dorado con letras platiadas, que dicen. La vida es como un rompecabezas; cada pieza tiene una razón, un lugar y un por qué, no insistas en poner piezas donde no caben.
z:864:866:0:20:Aquí se encuentra una foto de arisa, con un bestido de color blanco con cintas doradas, entre sus manos una rosa de color roja con letras verdes que dicen, Debes caer, para entender que es levantarse. Estar solo, para apreciar la compañía. Llorar, para saber que es reír
sc:870:872:0:10:concrete12
sc:876:878:0:10:concrete12
z:870:872:0:20:Aquí se encuentra una foto de strauberry, caminando a la orilla de la playa, con la felisidad en su rostro, entre sus manos un corazón de color azul con letras amarillas que dicen, Callar es de sabios.. Amar es de humanos.. Llorar es de valientes.. Y perdonar es de humildes.
z:876:878:0:20:Aquí se cuentra una foto de sebi, sentado bajo de un árbol de dulces manzanas, y entre sus manos un corazón verde con letras azules que dicen, No hables, sólo actúa. No digas, sólo demuestra. No prometas, sólo hazlo. 
sc:882:884:0:10:concrete12
z:882:884:0:20:Aquí se encuentra una foto de comandante con dulce estrellita, abrasados dandose un dulce beso en los labios, y entre ellos un corazón blanco con letras rojas que dicen, No sabemos nada sobre el amor, pero cuando conoces a la persona adecuada lo sientes instantáneamente, algo especial se enciende dentro de ti. El verdadero amor no admite interpretaciones, simplemente es.; 
sc:888:890:0:10:concrete12
sc:894:896:0:10:concrete12
z:888:890:0:20:Aquí se encuentra una foto de dulce estrellita con su amigo fingwe, sentados en un pastisal lleno de flores y árboles con deliciosas frutas, ella entregándole un corazón de color rojo con letras azules que dicen, Si no puedes volar, corre; si no puedes correr, camina; si no puedes caminar, gatea; pero hagas lo que hagas tienes que salir adelante.
z:894:896:0:20:Aquí se encuentra una foto de dulce estrellita con su hermanito Samaelito, sentados a la orilla de la playa, con las gabiotas volando y con una puerta de sol maravillosa, ella entregándole un corazón blanco con letras rojas que dicen, Naciste para ser una persona real, no perfecta; estás aquí para ser tú mismo, no lo que los demás quieren que seas. 
z:690:690:0:30:aquí un gran árbol arcohíris, con sus flores multicolor resplandeciendo, y sus enormes hojas redondeadas dando sombra
z:680:680:0:30:ésta es una antigua araucaria, se puede apreciar su enorme tronco cilíndrico, y su característica copa con forma piramidal
z:685:685:0:20:aquí está una pareja de ancianos tomados de la mano. Ella le entrega un papel con corazones dibujjados y palabras encerradas que dicen. Así pase toda la vida, yo te amaré. Así pasen eternidades yo te amaré. Así muera, yo te amaré. Siempre te amaré mi amor pase lo que pase. 
z:675:675:0:20:aquí, están comandante y dulce estrellita tomados de la mano mirando este hermoso jardín.
z:670:670:0:30:despidiendo una fragancia maravillosa, se encuentra aquí una mata de prímulas, con sus verdes hojas frescas, y  flores de coloramarillo y rosas
z:665:665:0:20:aquí está una pareja de jóvenes, sentados de bajo de un árbol. Ella le entrega una carta a el que dice, mejores amigos por siempre.
z:655:655:0:20:aquí está una pareja de novios, dándose un tierno beso escuchando el cantar de las aves, y viendo los hermosos árboles de este maravilloso lugar.
z:660:660:0:30:he aquí un hermoso arbusto de madreselva, lleno de bayas de un color rojo intenso. Sus flores acampanadas, sonamarillas con destellos rosados, y despiden un aroma intenso  y maravilloso
z:645:645:0:20:aquí está una pareja, junto a sus 2 pequeños. Los niños están jugando, mientras ellos se dan un tierno beso. Ella le entrega un corazón rojo a el con unas palabras que dicen. Te amo mi amor, gracias por todo, gracias por tanto.
z:650:650:0:30:unaantigua  y gigantezca cecuoya se encuentra aquí; sus hojas son grandes, largas y aplanadas, de un verde muy oscuro.  
z:635:635:0:20:Aquí está una pareja de ancianos, observando el hermoso paisaje de este vello y maravilloso lugar.
z:625:625:0:20:aquí se encuentran muchas aves, dando sus hermosos cantos para mantener más hermoso y alegre el lugar.
z:640:640:0:30:éste es un formidable pino, increíblemente alto.  con sus ramas llenas de hojas puntiagudas como una aguja,   estrechándose entre más cerca estén de la copa.
z:630:630:0:30:aquí hay un voluminoso nogal, que aporta sombra con sus poderosas ramas que  se extienden en forma de copa redondeada.  puedes ver también, varias nueces  maduras en sus flores
z:620:620:0:30:aquí puedes ver un espectáculo magestuoso; es una jacaranda, cargada de ramilletes con hermosísimas flores azules y violetas
z:610:610:0:30:el gran árbol que hay aquí es conocido como lluvia de oro, está en su etapa de florecimiento;  puede notarse la ausencia de hojas, y en su lugar, distribuídas llenando todas las ramas, se encuentran unas flores amarillas, que lo hacen resplandecer de una manera espectacular
z:615:615:0:20:aquí se encuentra un hermoso cuadro con una luz que brilla a su alrededor. En el medio del mismo, se  encuentra un gran corazón rojo que dice. Cada que pasa el tiempo, te amo más, cada barrera que se interponga entre nosotros, me hace amarte más. La distancia, me hace amarte más. Te amo por todo, por nada, con todo, sin nada.
z:41:48:0:30:cuadro de dulce estrellita junto a su amigo sammael, sentados en el pasto lleno de flores alrededor. unas letras,  Amistad es lo mismo que una mano que en otra mano apoya su fatiga y siente que el cansancio se mitiga y el camino se vuelve más humano. El amigo sincero es el hermano claro y elemental como la espiga, como el pan, como el sol, como la hormiga que confunde la miel con el verano. Grande riqueza, dulce compañía es la del ser que llega con el día y aclara nuestras noches interiores. Fuente de convivencia, de ternura, es la amistad que crece y se madura en medio de alegrías y dolores. 
