map:evento
maxx:400
maxy:400
p:0:400:0:deepsand
w:0:0:400:wallnone
w:400:0:400:wallnone
dv:portal
where:...
dv:runa_dorada
dv:coordenadas
dv:baculo
dv:poción_del_trueno
ss:0:400:0:400:a3.ogg
ss:0:400:0:400:wind2.ogg
teto:none
z:0:400:0:400:Un largo y extenso terreno desértico. Estás totalmente sorprendido con lo que vez a qui. Plantas venenosas y demás cosas las cuales no te gustaría ni acercarte, están a hora a todos los lados de donde estás. Pero sabes que, si no atraviesas este lugar, no vas a poder conseguir lo que tanto anhelas. A hora, solo tienes en mente una cosa. Atravesar a como dé lugar este desierto, y descubrir lo que yace del otro lado.
ss2:0:400:0:400:163cancion.ogg:-12
sc:1:399:0:397:deepsand
w2:1:400:398:399:camerawall
z:100:100:60:61:un pasaje
z:350:350:100:101:un pasaje
z:130:130:80:81:un pasaje.
z:20:20:40:41:un pasaje
z:70:70:151:152:un pasaje
z:250:250:300:301:un pasaje
z:57:57:385:386:un pasaje
z:198:198:20:21:un pasaje
z:258:258:95:96:un pasaje
z:56:56:115:115:un pasaje
