map:h6
maxx:50
maxy:50
p:0:50:0:areia
w:0:0:15:wallgeneric
w:50:0:15:wallgeneric
z:1:50:0:50:{
teto:none
dv:camera
dv:baculo
w2:0:50:0:50:camerawall
dr:1:0:2:0:200:none:none:door17open.ogg:door15close.ogg
dr:2:0:3:0:200:none:none:door17open.ogg:door15close.ogg
dr:3:0:4:0:200:none:none:door17open.ogg:door15close.ogg
dr:4:0:5:0:200:none:none:door17open.ogg:door15close.ogg
dr:6:0:7:0:200:none:none:door17open.ogg:door15close.ogg
dr:5:0:6:0:200:none:none:door17open.ogg:door15close.ogg
dr:7:0:8:0:200:none:none:door17open.ogg:door15close.ogg
dr:8:0:9:0:200:none:none:door17open.ogg:door15close.ogg
dr:10:0:11:0:200:none:none:door17open.ogg:door15close.ogg
dr:9:0:10:0:200:none:none:door17open.ogg:door15close.ogg
dr:11:0:12:0:200:none:none:door17open.ogg:door15close.ogg
dr:12:0:13:0:200:none:none:door17open.ogg:door15close.ogg
dr:13:0:14:0:200:none:none:door17open.ogg:door15close.ogg
dr:14:0:15:0:200:none:none:door17open.ogg:door15close.ogg
dr:15:0:16:0:200:none:none:door17open.ogg:door15close.ogg
dr:16:0:17:0:200:none:none:door17open.ogg:door15close.ogg
dr:17:0:18:0:200:none:none:door17open.ogg:door15close.ogg
dr:18:0:19:0:200:none:none:door17open.ogg:door15close.ogg
dr:19:0:20:0:200:none:none:door17open.ogg:door15close.ogg
dr:21:0:22:0:200:none:none:door17open.ogg:door15close.ogg
dr:20:0:21:0:200:none:none:door17open.ogg:door15close.ogg
dr:23:0:24:0:200:none:none:door17open.ogg:door15close.ogg
dr:22:0:23:0:200:none:none:door17open.ogg:door15close.ogg
dr:25:0:26:0:200:none:none:door17open.ogg:door15close.ogg
dr:24:0:25:0:200:none:none:door17open.ogg:door15close.ogg
ss2:1:50:0:50:13canción.ogg:0
z:1:1:0:0:1000 años después...
z:2:2:0:0:Aqaeel absorbió su gran poder y lo blandió.
z:3:3:0:0:Contempló los caminos del futuro que les faltaban recorrer a los mortales, las grandes guerras del planeta del fuego, la gran furia de su hermana...
z:4:4:0:0:Observó el pasado de su planeta, la tranquilidad que había mantenido.
z:5:5:0:0:-Algún día llegará el momento de que esta tranquilidad finalice... -Pensó el dios lentamente.
z:6:6:0:0:Él desaparece en una luz azulada intensa.
z:7:7:0:0:Con un resplandor de luz, Aqaeel reaparece en un gran salón.
z:8:8:0:0:-Mi poder comienza a aumentar poco a poco. -Comienza a hablar el dios.
z:9:9:0:0:-Mis hermanos también lo saben.
z:10:10:0:0:Sus poderes también aumentan.
z:11:11:0:0:El dios comienza a caminar por la sala, mirando al suelo de mármol.
z:12:12:0:0:-Somos dioses, inmortales, eternos, pero no sabemos algo.
z:13:13:0:0:Se supone que deberíamos saber todo, pero hay algo que se nos escapa completamente.
z:14:14:0:0:¿Cómo aparecimos?
z:15:15:0:0:Aqaeel alza la mirada.
z:16:16:0:0:Millones de cuerpos de hombres y mujeres están de pie, con los ojos cerrados.
z:17:17:0:0:-Son todos mis hijos. -Dice el dios, sonriendo.
z:18:18:0:0:-Solo son sus cuerpos, pero es lo que queda de ellos.
z:19:19:0:0:El dios mira hacia el techo de la estancia.
z:20:20:0:0:-Mis hermanos y yo sabemos que llegará el momento en el que tengamos que adormecernos para que nuestro poder en cierta parte también lo haga, para no hacer daño.
z:21:21:0:0:Pero yo me pregunto.
z:22:22:0:0:El dios se acerca al cuerpo de Zahana.
z:23:23:0:0:-Si nosotros somos Dioses, ¿por qué tenemos sentimientos?
z:24:24:0:0:¿Somos realmente dioses?
z:25:25:0:0:Tiempo después...
z:26:26:0:0:En algún lugar del océano de Arduam, fecha desconocida.
z:27:27:0:0:-Ha llegado el momento.
dr:26:0:27:0:200:none:none:door17open.ogg:door15close.ogg
z:28:28:0:0:Es hora de adormecerme.
dr:27:0:28:0:200:none:none:door17open.ogg:door15close.ogg
z:29:29:0:0:Estas pequeñas memorias personales aparecerán en algún lugar de este continente.
dr:28:0:29:0:200:none:none:door17open.ogg:door15close.ogg
z:30:30:0:0:He plantado pensamientos de mitos y leyendas en los habitantes de Arduam.
dr:29:0:30:0:200:none:none:door17open.ogg:door15close.ogg
z:31:31:0:0:No podrán encontrarme.
dr:30:0:31:0:200:none:none:door17open.ogg:door15close.ogg
z:32:32:0:0:Soy su Dios.
dr:31:0:32:0:200:none:none:door17open.ogg:door15close.ogg
z:33:33:0:0:Soy un dios.
z:34:34:0:0:Y creo que mi gran poder pronto me embriagará totalmente.
dr:32:0:33:0:200:none:none:door17open.ogg:door15close.ogg
dr:33:0:34:0:200:none:none:door17open.ogg:door15close.ogg
z:35:35:0:0:Hasta pronto.
dr:34:0:35:0:200:none:none:door17open.ogg:door15close.ogg
z:36:36:0:0:Soy Aqaeel, dios del agua dorada. Soy Aqaeel, divinidad del agua que nunca olvida.
z:37:37:0:0:Pronto llegará el momento esperado.
z:38:38:0:0:-El dios se ilumina en una luz muy intensa, y desaparece, dejando un gran arco de luz detrás de sí.
dr:36:0:37:0:200:none:none:door17open.ogg:door15close.ogg
dr:35:0:36:0:200:none:none:door17open.ogg:door15close.ogg
dr:37:0:38:0:200:none:none:door17open.ogg:door15close.ogg
dv:coordenadas
z:3:3:0:0:Contempló los caminos del futuro que les faltaban recorrer a los mortales, las grandes guerras del planeta del fuego, la gran furia de su hermana...
dv:inventario
z:3:3:0:0:Contempló los caminos del futuro que les faltaban recorrer a los mortales, las grandes guerras del continente del fuego, la gran furia de su hermana...
z:4:4:0:0:Observó el pasado de su continente, la tranquilidad que había mantenido.
dv:portal
dv:auto
dv:runa_dorada
dv:bomba
where:en la historia
pm:38:38:0:0:349:55:río_baldur:Reapareces nuevamente en la cascada.:magiccaido2:esencia_del_agua:1
disable_game:0:50:0:50
