map:hh
maxx:71
maxy:71
p:0:71:0:alcantarillado
w:0:0:15:wallgeneric
w:71:0:15:wallgeneric
w2:0:71:0:71:camerawall
dv:camera
dv:coordenadas
z:1:71:0:71:-
dv:auto
dv:runa_dorada
dv:portal
where:en la historia
dv:inventario
dv:baculo
z:2:2:0:0:La mujer hada habla, susurrante mientras su cuerpo tiembla suavemente.
dr:1:0:2:0:200:none:none:door17open.ogg:door15close.ogg
dr:2:0:3:0:200:none:none:door17open.ogg:door15close.ogg
dr:3:0:4:0:200:none:none:door17open.ogg:door15close.ogg
dr:4:0:5:0:200:none:none:door17open.ogg:door15close.ogg
dr:6:0:7:0:200:none:none:door17open.ogg:door15close.ogg
dr:5:0:6:0:200:none:none:door17open.ogg:door15close.ogg
dr:7:0:8:0:200:none:none:door17open.ogg:door15close.ogg
dr:8:0:9:0:200:none:none:door17open.ogg:door15close.ogg
dr:10:0:11:0:200:none:none:door17open.ogg:door15close.ogg
dr:9:0:10:0:200:none:none:door17open.ogg:door15close.ogg
dr:11:0:12:0:200:none:none:door17open.ogg:door15close.ogg
dr:12:0:13:0:200:none:none:door17open.ogg:door15close.ogg
dr:13:0:14:0:200:none:none:door17open.ogg:door15close.ogg
dr:14:0:15:0:200:none:none:door17open.ogg:door15close.ogg
dr:15:0:16:0:200:none:none:door17open.ogg:door15close.ogg
dr:16:0:17:0:200:none:none:door17open.ogg:door15close.ogg
dr:17:0:18:0:200:none:none:door17open.ogg:door15close.ogg
dr:18:0:19:0:200:none:none:door17open.ogg:door15close.ogg
dr:19:0:20:0:200:none:none:door17open.ogg:door15close.ogg
dr:21:0:22:0:200:none:none:door17open.ogg:door15close.ogg
dr:20:0:21:0:200:none:none:door17open.ogg:door15close.ogg
dr:23:0:24:0:200:none:none:door17open.ogg:door15close.ogg
dr:22:0:23:0:200:none:none:door17open.ogg:door15close.ogg
dr:25:0:26:0:200:none:none:door17open.ogg:door15close.ogg
dr:24:0:25:0:200:none:none:door17open.ogg:door15close.ogg
dr:26:0:27:0:200:none:none:door17open.ogg:door15close.ogg
dr:27:0:28:0:200:none:none:door17open.ogg:door15close.ogg
dr:28:0:29:0:200:none:none:door17open.ogg:door15close.ogg
dr:29:0:30:0:200:none:none:door17open.ogg:door15close.ogg
dr:30:0:31:0:200:none:none:door17open.ogg:door15close.ogg
dr:31:0:32:0:200:none:none:door17open.ogg:door15close.ogg
dr:32:0:33:0:200:none:none:door17open.ogg:door15close.ogg
dr:33:0:34:0:200:none:none:door17open.ogg:door15close.ogg
dr:36:0:37:0:200:none:none:door17open.ogg:door15close.ogg
dr:37:0:38:0:200:none:none:door17open.ogg:door15close.ogg
z:3:3:0:0:Qué tontas fuimos...
z:4:4:0:0:Todas, todas fuimos tontas, tontas...
z:5:5:0:0:Nos corrompimos, sí, lo hicimos...
z:6:6:0:0:Quiero decir, se corrompieron, ellas se corrompieron...Yo...
z:7:7:0:0:Yo fui más fuerte, yo tuve más voluntad, sí...
z:8:8:0:0:Ah, pero el dolor...El dolor que me consume...
z:9:9:0:0:El dolor de mi cuerpo, y el dolor en mi corazón por haberles fallado a ellos.
z:10:10:0:0:La criatura suelta un grito mientras su cuerpo se convulsiona violentamente.
z:11:11:0:0:¡Oh dioses, perdónennos!
z:12:12:0:0:¡Perdónennos a todas por haberles fallado!
z:13:13:0:0:Era muy fuerte, su poder...
z:14:14:0:0:Quebró nuestras mentes, como si fueran ramitas de árboles retoños...
z:15:15:0:0:¿No tenemos la culpa, verdad?
z:16:16:0:0:Oh, dioses, respóndanme. Por favor. Nosotras iremos al Genbraaen, ¿verdad? ¿No tenemos la culpa? Alcanzaremos ese lugar, aquel lugar ansiado por nuestra raza, ¿verdad?
z:17:17:0:0:¡Aahhhhaaahhh!
z:18:18:0:0:La mujer hada suelta un gran chillido de dolor, mientras sus ojos comienzan a nublarse lentamente.
z:19:19:0:0:Dioses, por favor. ¡Quítenme todo este sufrimiento!
z:20:20:0:0:Dioses, por favor. ¡Libérenme de todo este sufrimiento!
teto:none
z:21:21:0:0:¡Ellas van a atacar Seelfer, no sé por qué, pero lo van a hacer!
z:22:22:0:0:Oh, si alguien me escucha, algún guerrero, guerrera...
z:23:23:0:0:Hay que proteger el castillo Seelfer, él les ordenó eso...
z:24:24:0:0:Debe ser importante, sí, debe serlo para que él les ordene ir allí.
z:25:25:0:0:Oh, creo que comienzo a ver el Genbraaen...
z:26:26:0:0:Es tan bello como cuentan las historias...
z:27:27:0:0:¡Ahhhhahahhh!
z:28:28:0:0:El hada gime agónicamente, mientras su cuerpo sigue expulsando el líquido que la mantiene con vida.
z:29:29:0:0:Oh, dioses...Me estoy marchando de este mundo y todavía necesito contarle a alguien algo importante...
z:30:30:0:0:Los ojos del hada empiezan a cerrarse, mientras la vida escapa de ellos.
z:31:31:0:0:Oh, amadas divinidades, poderosos, perdonen al mundo. El mago es más de lo que aparent...
z:32:32:0:0:La mujer suelta un último suspiro de angustia, dolor y horror mientras muere.
z:33:33:0:0:El cuerpo de esta se envuelve en llamas azules, y solo quedan cenizas en su lugar.
z:34:34:0:0:Parpadeas, aturdid*g*.
z:35:35:0:0:¿Qué fue todo eso? Te preguntas una y otra vez, pero tus pensamientos son cortados al sentir una gran presencia que llena el lugar.
dr:35:0:36:0:200:none:none:playersafe.ogg:door15close.ogg
dr:34:0:35:0:200:none:none:door17open.ogg:door15close.ogg
z:36:36:0:0:Estoy sumamente impresionado.
z:37:37:0:0:¿Cómo alguien pudo hacerle esta atrocidad a esta pequeña criatura?
z:38:38:0:0:¿Cómo alguien puede tener su alma tan corrupta para hacer esto?
dr:38:0:39:0:200:none:none:door17open.ogg:door15close.ogg
z:39:39:0:0:Esto es imperdonable.
dr:39:0:40:0:200:none:none:door17open.ogg:door15close.ogg
z:40:40:0:0:Sueltas un jadeo cuando sientes que el lugar es invadido por una furia silenciosa.
dr:40:0:41:0:200:none:none:door17open.ogg:door15close.ogg
z:41:41:0:0:Tienes que encontrar al autor de esto,  tienes que hacerlo.  Hazlo, porque esa hada te ha entregado su último momento de vida, su último suspiro,  ¡consigue encontrar y destruir al culpable para que respetes su memoria y vengues su muerte!
dr:41:0:42:0:200:none:none:door17open.ogg:door15close.ogg
z:42:42:0:0:No los entiendo, no entiendo a los humanos...
dr:42:0:43:0:200:none:none:door17open.ogg:door15close.ogg
z:43:43:0:0:Todo el sentimiento de furia contenida desaparece rápidamente, dejándote confundid*g*.
dr:43:0:44:0:200:none:none:door17open.ogg:door15close.ogg
z:44:44:0:0:Debo aprender, soy como un niño dando sus primeros pasos.
dr:44:0:45:0:200:none:none:door17open.ogg:door15close.ogg
z:45:45:0:0:Pero es que el tiempo, el tiempo...
dr:45:0:46:0:200:none:none:door17open.ogg:door15close.ogg
z:46:46:0:0:El tiempo no espera a que yo aprenda.
dr:46:0:47:0:200:none:none:door17open.ogg:door15close.ogg
z:47:47:0:0:Lo odio.
dr:47:0:48:0:200:none:none:door17open.ogg:door15close.ogg
z:48:48:0:0:Sí, yo lo odio, lo odio, lo odio...
dr:48:0:49:0:200:none:none:playerunsafe.ogg:door15close.ogg
z:49:49:0:0:La voz se desvanece en el aire lentamente, dejándote asustad*g* y sorprendid*g* frente al lugar donde estaba el hada.
dr:49:0:50:0:200:none:none:door17open.ogg:door15close.ogg
z:50:50:0:0:Y te preguntas como muchas veces, sin obtener respuesta. ¿Qué está sucediendo?
tp:50:50:0:0:178:0:colina_dreth:-
ss2:1:50:0:50:124cancion.ogg:-1
disable_game:0:71:0:71
