map:hk
maxx:200
maxy:30
p:0:200:0:carpet7
w:0:0:30:wallnone
w:200:0:30:wallnone
teto:none
ss2:0:200:0:30:327cancion.ogg:-10
where:en la historia
z:1:1:0:20:Hace tanto tiempo que no veía a alguien por aquí...Dijo aquel soldado, con una mirada triste.
z:2:2:0:20:Luego del conflicto con mi civilización, nadie volvió a poner un pie en este planeta. Ni para rescatarnos, ni por curiosidad.
z:3:3:0:20:Hoy, solo quedan recuerdos de lo que alguna vez fue un planeta lleno de vida, lleno de felicidad.
z:4:4:0:20:Hasta aquel día...
z:5:5:0:20:Una nave aterrizó cerca de una de las ciudades comerciales más visitadas de nuestro planeta.
z:6:6:0:20:De ella descendió un grupo de personas, las cuales al inicio parecían turistas, lo habitual por estos lugares. Murmuraba la gente. Ya que, aunque si bien era lo usual, nunca había llegado una nave tan grande y menos, una que aterrizara sin un aviso previo de visita, o algo parecido.
z:7:7:0:20:Por unos días no se supo nada más, incluso al no ser algo importante, nadie le prestó atención, hasta que comenzaron los ataques.
z:8:8:0:20:El primer ataque ocurrió en la ciudad Blíster. Las autoridades encargadas lanzaron la alerta de que un grupo de desconocidos estaba atacando a los habitantes, con armas demasiado potentes.
z:9:9:0:20:Comenzaron a confrontar a los desconocidos, y lograron eliminar a varios de ellos. Sin embargo, otros pudieron escapar.
z:10:10:0:20:Y ahí, fue donde comenzó todo. Varias ciudades comenzaron a reportar ataques recurrentes de estas personas. Las autoridades ya no sabían cómo darle solución a eso, y no quedó más remedio que comenzar a contraatacar de la misma manera en la que ellos lo estaban haciendo.
z:11:11:0:20:Yo era el encargado de proteger la ciudad Lesnói, la misma ciudad donde precisamente, vivía mi familia.
z:12:12:0:20:Durante varios días no ocurrió nada inusual, pero nunca bajamos la guardia.
z:13:13:0:20:Un día por la tarde me encontraba en una pequeña plaza de la ciudad con uno de mis colegas, charlando sobre la situación del lugar, cuando escuchamos una fuerte explosión.
z:14:14:0:20:Por el ruido de esta, supimos que había sido a las afueras de la ciudad.
z:15:15:0:20:Al ir a investigar, lo que vimos nos dejó sin palabras por unos instantes.
z:16:16:0:20:Un tipo de nave que nunca habíamos visto, no muy grande, pero tampoco pequeña, había caído justo en la entrada de la ciudad, obstruyendo la salida o entrada a la misma.
z:17:17:0:20:Observamos cómo la parte que daba hacia nuestra ciudad, comenzaba a girar y a abrirse, y de ella descendió un ejército de personas, las cuales al vernos comenzaron a disparar a todo lo que se movía, sin inmutarse por nada.
z:18:18:0:20:Rápidamente contraatacamos, pero en ese momento éramos pocos. Y aparte, no estábamos completamente preparados para un ataque de esa magnitud.
z:19:19:0:20:Varios de los que estaban, murieron, pero otros, con dificultad, logramos escapar.
z:20:20:0:20:En ese momento como pudimos avisamos a nuestros superiores, quienes nos mandaron a llamar a todos a la base secreta de la ciudad, para poder estar seguros y tranquilos, e investigar qué era lo que debíamos hacer.
z:21:21:0:20:Al estar presentes todos en la base, acordamos sacar a nuestras familias a las afueras de la ciudad, ya que a pesar de que la entrada principal la habían obstruido se podía acceder a las montañas por el otro lado de esta.
z:22:22:0:20:Pero al momento de ir por mi familia, me llevé una desagradable sorpresa.
z:23:23:0:20:Cuando entré corriendo a mi casa para sacarlos de la ciudad, ellos...Estaban muertos en la sala de estar...Dice el soldado, con algunas lágrimas en su rostro.
z:24:24:0:20:En ese momento, me llené de rabia. Una rabia que no podía contener hacia los malditos que me arrebataron mi vida, mi felicidad.
z:25:25:0:20:Salí de la casa, dispuesto a acabar con esos miserables, y me dirigí a la base secreta para avisar al general de lo que estaba ocurriendo.
z:26:26:0:20:Al llegar, me enteré de que la mayoría de los soldados, al igual que yo, habían perdido a sus familias en manos de esos asesinos. A excepción de algunos, que lograron ponerlas a salvo antes de que los encontraran.
dv:portal
dv:runa_dorada
dv:portal_de_luz
dv:coordenadas
dv:camera
z:27:27:0:20:Inmediatamente después, poblamos las calles todos los soldados disponibles, y personas que decidieron quedarse para apoyarnos en esta guerra que ni siquiera sabíamos, el por qué la estaban causando.
z:28:28:0:20:En ese momento, el enfrentamiento había comenzado. Solo que ellos, por alguna razón, eran más resistentes, más ágiles.
z:29:29:0:20:Atacamos con todo nuestro armamento. Incluso usamos tanques, ataques aéreos, y aún así, no podíamos hacer mucho frente a su agilidad y resistencia.
z:30:30:0:20:Poco a poco, los nuestros iban muriendo, y ellos solo iban aumentando sus ataques. El coronel de la zona ordenó una retirada y en ese momento abandonamos la ciudad, y nos refugiamos en la colina, donde estamos ahora.
z:31:31:0:20:Comenzamos a pensar en qué haríamos, ya que, si intentábamos escapar en una nave a otro planeta, lo más seguro es que fuéramos derribados en el intento y muriéramos.
z:32:32:0:20:El coronel nos dijo que, por órdenes del general, usaríamos una tecnología que nunca había sido usada desde su creación, más que para experimentos ultrasecretos.
z:33:33:0:20:Esta consistía en un tipo de armamento especial, el cual había sido fabricado a base de restos de meteoritos y cristales encontrados en otros planetas.
z:34:34:0:20:Y desde entonces, hemos estado entrenando fuertemente en este lugar alejado de la ciudad, para que esas cosas no nos puedan encontrar.
z:35:35:0:20:Sí, son cosas. Porque no se les puede llamar personas a quienes solo matan por matar, sin tener motivo ni razón, o al menos, no que podamos conocer aquí.
z:36:36:0:20:Y tal vez te preguntes el por qué no hemos solicitado apoyo a otras ciudades. ¿No es así?
z:37:37:0:20:Pues déjame decirte, chic*g*, que todo el planeta sucumbió ante ellos.
z:38:38:0:20:El día que invadieron a Lesnói, lo hicieron por que luego nos enteramos de que era la única ciudad que quedaba por atacar. Y la única que, a pesar de que se encuentra devastada, no la han podido destruir por completo.
z:39:39:0:20:ahora nuestra única, y débil esperanza, son estos artefactos, los cuales pondremos en uso cuando salgamos a enfrentarnos de nuevo contra ellos.
z:40:40:0:20:Igual, intentamos atacar con una gran bomba, la cual era sumamente radiactiva, pero al final, el proyecto se nos salió de las manos.
z:41:41:0:20:Cuando estábamos terminando la bomba, un gran accidente ocurrió. Uno de los contenedores de la máquina que administraba todos los recursos para la misma, se averió, y el lugar quedó completamente inservible. Las personas que estaban dentro murieron a causa de la radiación letal, y por obvias razones, el proyecto no se pudo, ni se podrá recuperar.
z:42:42:0:20:Ahora, solo nos queda luchar con lo único que tenemos, y escapar del planeta, ya que volverlo a poblar, sería casi imposible gracias a las devastaciones que causaron esos desgraciados.
z:43:43:0:20:el soldado, con una mirada vacía, te examina de arriba a abajo.
z:44:44:0:20:No entiendo por qué te estoy contando esto. Ni siquiera sé tu nombre, ni qué haces en un lugar tan destruido como este.
z:45:45:0:20:Mi nombre es *nick*, dices con una voz tranquila.
z:46:46:0:20:Oh, comprendo. Nunca había escuchado ese nombre. Te dice el soldado, con una voz algo más relajada.
z:47:47:0:20:Mira, amig*g* *nick*, te recomiendo no seguir en este lugar. Ya que, si sigues aquí, solo te podrían pasar 2 cosas. O morir por los asesinos que se encuentran ahora rondando la ciudad, o que el coronel o el general te vean y quieran reclutarte para luchar con nosotros. Algo que, supongo, no creo que quieras.
z:48:48:0:20:Por el momento, yo seguiré tratando de pensar en una estrategia para derrotar a los asesinos de mi familia, de mi planeta.
z:49:49:0:20:Voi a entrenar mucho, y luego me aseguraré de que no quede ninguno vivo. Escaparé de aquí, e intentaré rehacer mi vida.
z:50:50:0:20:Tengo mi esperanza en las teedler. Te dice el soldado, sonriendo un poco.
w2:1:57:0:20:camerawall
dr:2:0:3:0:200:none:none:door17open.ogg:door15close.ogg
dr:3:0:4:0:200:none:none:door17open.ogg:door15close.ogg
dr:4:0:5:0:200:none:none:door17open.ogg:door15close.ogg
dr:5:0:6:0:200:none:none:door17open.ogg:door15close.ogg
dr:6:0:7:0:200:none:none:door17open.ogg:door15close.ogg
dr:8:0:9:0:200:none:none:door17open.ogg:door15close.ogg
dr:7:0:8:0:200:none:none:door17open.ogg:door15close.ogg
dr:9:0:10:0:200:none:none:door17open.ogg:door15close.ogg
dr:10:0:11:0:200:none:none:door17open.ogg:door15close.ogg
dr:11:0:12:0:200:none:none:door17open.ogg:door15close.ogg
dr:12:0:13:0:200:none:none:door17open.ogg:door15close.ogg
dr:13:0:14:0:200:none:none:door17open.ogg:door15close.ogg
dr:14:0:15:0:200:none:none:door17open.ogg:door15close.ogg
dr:15:0:16:0:200:none:none:door17open.ogg:door15close.ogg
dr:16:0:17:0:200:none:none:door17open.ogg:door15close.ogg
dr:17:0:18:0:200:none:none:door17open.ogg:door15close.ogg
dr:18:0:19:0:200:none:none:door17open.ogg:door15close.ogg
dr:19:0:20:0:200:none:none:door17open.ogg:door15close.ogg
dr:20:0:21:0:200:none:none:door17open.ogg:door15close.ogg
dr:21:0:22:0:200:none:none:door17open.ogg:door15close.ogg
dr:22:0:23:0:200:none:none:door17open.ogg:door15close.ogg
dr:23:0:24:0:200:none:none:door17open.ogg:door15close.ogg
dr:24:0:25:0:200:none:none:door17open.ogg:door15close.ogg
dr:25:0:26:0:200:none:none:door17open.ogg:door15close.ogg
dr:26:0:27:0:200:none:none:door17open.ogg:door15close.ogg
dr:27:0:28:0:200:none:none:door17open.ogg:door15close.ogg
dr:28:0:29:0:200:none:none:door17open.ogg:door15close.ogg
dr:29:0:30:0:200:none:none:door17open.ogg:door15close.ogg
dr:30:0:31:0:200:none:none:door17open.ogg:door15close.ogg
dr:31:0:32:0:200:none:none:door17open.ogg:door15close.ogg
dr:32:0:33:0:200:none:none:door17open.ogg:door15close.ogg
dr:33:0:34:0:200:none:none:door17open.ogg:door15close.ogg
dr:34:0:35:0:200:none:none:door17open.ogg:door15close.ogg
dr:35:0:36:0:200:none:none:door17open.ogg:door15close.ogg
dr:36:0:37:0:200:none:none:door17open.ogg:door15close.ogg
dr:37:0:38:0:200:none:none:door17open.ogg:door15close.ogg
dr:38:0:39:0:200:none:none:door17open.ogg:door15close.ogg
dr:39:0:40:0:200:none:none:door17open.ogg:door15close.ogg
dr:40:0:41:0:200:none:none:door17open.ogg:door15close.ogg
dr:41:0:42:0:200:none:none:door17open.ogg:door15close.ogg
dr:42:0:43:0:200:none:none:door17open.ogg:door15close.ogg
dr:43:0:44:0:200:none:none:door17open.ogg:door15close.ogg
dr:44:0:45:0:200:none:none:door17open.ogg:door15close.ogg
dr:45:0:46:0:200:none:none:door17open.ogg:door15close.ogg
dr:46:0:47:0:200:none:none:door17open.ogg:door15close.ogg
dr:47:0:48:0:200:none:none:door17open.ogg:door15close.ogg
dr:48:0:49:0:200:none:none:door17open.ogg:door15close.ogg
dr:49:0:50:0:200:none:none:door17open.ogg:door15close.ogg
z:51:51:0:20:Sí, ese es el nombre de esta tecnología. Armas fabricadas a base de un cristal desconocido, recolectado en otro planeta, y fragmentos de meteoritos. Solo que nunca se habían usado porque se decía que su uso podría ser letal.
z:52:52:0:20:Hay varios tipos, pero la más poderosa es capaz de disparar el cristal de una fuerza tan sorprendente que nadie sobreviviría, no importa en qué parte del cuerpo impacte.
z:53:53:0:20:Existen 3 tipos más, la otra siendo igual de letal, pero las 2 más pequeñas solo toman fragmentos de este cristal, y a la velocidad que disparan, a pesar de no hacer el mismo daño que las anteriores 2, siguen siendo bastante mortales.
z:54:54:0:20:Espero y sean lo suficientemente peligrosas como se especula, para poder salir de una vez por todas de aquí.
dr:50:0:51:0:200:none:none:door17open.ogg:door15close.ogg
dr:51:0:52:0:200:none:none:door17open.ogg:door15close.ogg
dr:52:0:53:0:200:none:none:door17open.ogg:door15close.ogg
dr:53:0:54:0:200:none:none:door17open.ogg:door15close.ogg
tp:54:54:0:20:200:901:campo_de_entrenamiento:El soldado, con un rostro pensativo, vuelve a su posición original.
ptm:1:1:0:0:2:0:hk:...:door17open
