map:hmj
maxx:10
maxy:1000
p:0:10:0:alcantarillado1
w:0:0:10:wallnone
w:10:0:10:wallnone
z:1:10:0:1000:-
w2:1:10:0:1000:camerawall
dv:camera
dv:coordenadas
dv:portal
dv:runa_dorada
teto:none
dv:baculo
dv:inventario
sc:1:1:0:3:option
z:1:1:3:3:Comenzar un nuevo juego.
z:1:1:2:2:Prueba de altavoces.
z:1:1:1:1:Créditos.
z:1:1:0:0:Salir.
ss2:1:50:0:50:178cancion.ogg:-3
ptm:1:1:2:2:5:500:hmj:Use las flechas izquierdas y derecha respectivamente para realizar la prueba de escucha, y presione enter cuando crea que está satisfech*g*.:menuenter5
p:1:10:500:alcantarillado1dd
ss:1:1:500:500:24cancion .ogg
w:0:0:600:camerawall
ss:10:10:500:500:24cancion .ogg
dlg:1:1:Realizado por Marcell Anchey, versión 1.5 beta, Herdanen 14, (2133 a 2140):menuenter5.ogg
ptm:1:1:0:0:31:5:sala_secreta:Sientes como si algo te expulsase de aquel lugar...Vuelves a aparecer en la silla.:menuenter5
dv:auto
cpm:1:1:3:3:1:50:hj1:cargando juego... espere, por favor.:menuenter5:4000:Prólogo. Héroe.:juegoambiente
tp:1:10:500:500:1:2:hmj:-
