map:hp5
maxx:51
maxy:51
p:0:51:0:areia
w:0:0:51:wallnone
w:51:0:51:wallnone
dv:camera
dv:runa_dorada
dv:auto
dv:baculo
disable_game:1:50:0:50
teto:none
w2:0:51:0:51:camerawall
where:en la historia
ss2:1:50:0:50:336cancion.ogg:-3
z:1:50:0:59:-
dv:runa_dorada
dv:portal
dv:coordenadas
z:1:1:0:0:Los 4 dioses se encontraban en la sala de la cúpula.
dr:1:0:2:0:200:none:none:door17open.ogg:door15close.ogg
dr:2:0:3:0:200:none:none:door17open.ogg:door15close.ogg
dr:3:0:4:0:200:none:none:door17open.ogg:door15close.ogg
dr:4:0:5:0:200:none:none:door17open.ogg:door15close.ogg
dr:5:0:6:0:200:none:none:door17open.ogg:door15close.ogg
dr:6:0:7:0:200:none:none:door17open.ogg:door15close.ogg
dr:7:0:8:0:200:none:none:door17open.ogg:door15close.ogg
dr:8:0:9:0:200:none:none:door17open.ogg:door15close.ogg
dr:9:0:10:0:200:none:none:door17open.ogg:door15close.ogg
dr:10:0:11:0:200:none:none:door17open.ogg:door15close.ogg
dr:11:0:12:0:200:none:none:door17open.ogg:door15close.ogg
dr:12:0:13:0:200:none:none:door17open.ogg:door15close.ogg
dr:13:0:14:0:200:none:none:door17open.ogg:door15close.ogg
dr:14:0:15:0:200:none:none:door17open.ogg:door15close.ogg
dr:15:0:16:0:200:none:none:door17open.ogg:door15close.ogg
dr:16:0:17:0:200:none:none:door17open.ogg:door15close.ogg
dr:17:0:18:0:200:none:none:door17open.ogg:door15close.ogg
dr:18:0:19:0:200:none:none:door17open.ogg:door15close.ogg
dr:19:0:20:0:200:none:none:door17open.ogg:door15close.ogg
z:2:2:0:0:Contemplaban el planeta, una gran esfera en el espacio que rotaba lentamente.
z:3:3:0:0:En cierto modo, ya lo saben. Habló la diosa del aire.
z:4:4:0:0:¿El qué? Chilló Flayerne.
z:5:5:0:0:Nuestra debilidad continuó Caelyem.
z:6:6:0:0:¡Son tontadas! ¡Somos inmortales, eternos! Replicó Aqaeel con furia.
z:7:7:0:0:Pero sí es cierto que saben más de lo que deberían habló finalmente Estoico, el dios de la tierra.
z:8:8:0:0:Hay que...Silenciarlos, y detenerlos, ¿has visto lo que han hecho?
z:9:9:0:0:Claro que lo he visto dijo Aqaeel mientras miraba hacia el planeta.
z:10:10:0:0:Hay que detener a los demonios planteó Flayerne, pero de una manera...Especial.
z:11:11:0:0:Que los detengan ellos el pensamiento de Estoico llegó a la mente de los otros dioses, muy nítido.
z:12:12:0:0:Los 4 dioses sonrieron.
z:13:13:0:0:Y desaparecieron del lugar con un resplandor.
z:14:14:0:0:Los dioses aparecieron en la dimensión de los dioses, donde su poder era más que palpable.
z:15:15:0:0:Viajaron a gran velocidad, rastreando la ubicación de los elementos.
z:16:16:0:0:Pasaron junto a una pequeña grieta en aquella dimensión, algo que se contoneaba lentamente y que brillaba por momentos, pero no le prestaron atención.
z:17:17:0:0:Y llegaron.
z:18:18:0:0:Usaron su poder y desaparecieron de allí, y reaparecieron en un gélido páramo.
z:19:19:0:0:Y allí estaban ellos, dos hombres y dos mujeres, cada uno conteniendo la esencia del poder de los elementos.
z:20:20:0:0:Los elementos intentaron escapar, pero los dioses sonrieron, divertidos, y los aprisionaron con poder. Tenían a su presa.
ptm:20:20:0:0:1:0:hp6:-:door17open
