map:hz1
maxx:101
maxy:101
p:0:101:0:alcantarillado1
w:0:0:101:wallnone
w:101:0:101:wallnone
dv:camera
dv:coordenadas
dv:auto
dv:baculo
z:1:100:0:100:-
w2:1:100:0:100:camerawall
disable_game:0:101:0:101
where:en la historia
teto:none
ss2:1:100:0:100:215cancion.ogg:-11
z:2:2:0:0:al suvirte en la plataforma de la máquina, una voz te había hablado y te había preguntado a qué época de todo este mundo querías viajar.
dr:1:0:2:0:200:none:none:door17open.ogg:door15close.ogg
dr:2:0:3:0:200:none:none:door17open.ogg:door15close.ogg
z:3:3:0:0:habías sentido una sensación extraña al elegir, pero de repente... todo eso había sido cortado, y segundos después, te encontrabas en el suelo, mirando hacia el techo de la caverna.
dr:3:0:4:0:200:none:none:door17open.ogg:door15close.ogg
z:4:4:0:0:parpadeas, mientras respiras agitadamente.
dr:4:0:5:0:200:none:none:door17open.ogg:door15close.ogg
z:5:5:0:0:¿por qué no hiciste caso, human*g*?
dr:5:0:6:0:200:none:none:door17open.ogg:door15close.ogg
z:6:6:0:0:te pusimos tantas advertencias, porque... no queríamos que sucediera esto de nuevo, ¿sabes?
dr:6:0:7:0:200:none:none:door17open.ogg:door15close.ogg
z:7:7:0:0:vamos, sabemos que has leído los folletos de esa... humana.
dr:7:0:8:0:200:none:none:door17open.ogg:door15close.ogg
z:8:8:0:0:ellos te eligieron, lo sabemos.
dr:8:0:9:0:200:none:none:door17open.ogg:door15close.ogg
z:9:9:0:0:pero tu curiosidad te venció, ¿verdad?
dr:9:0:10:0:200:none:none:door17open.ogg:door15close.ogg
z:10:10:0:0:más de diez criaturas están paradas frente a ti.
dr:10:0:11:0:200:none:none:door17open.ogg:door15close.ogg
z:11:11:0:0:una de ellas habla, mirándote fíjamente, mientras su pico se  mueve con suavidad.
dr:11:0:12:0:200:none:none:door17open.ogg:door15close.ogg
z:12:12:0:0:¿creías que no te descubriríamos?
dr:12:0:13:0:200:none:none:door17open.ogg:door15close.ogg
z:13:13:0:0:no somos idiotas, human*g*. tenemos salvaguardas. te detectaron al instante que pisaste esta caverna.
dr:13:0:14:0:200:none:none:door17open.ogg:door15close.ogg
z:14:14:0:0:como a la chica, te detuvimos.
dr:14:0:15:0:200:none:none:door17open.ogg:door15close.ogg
z:15:15:0:0:supongo que te preguntarás por qué ya no está la señal de la cabeza en la entrada de la caverna.
dr:15:0:16:0:200:none:none:door17open.ogg:door15close.ogg
z:16:16:0:0:verás, eso lo hicimos para asustar a la chica. evidentemente no resultó así, pero eso es otra cosa.
dr:16:0:17:0:200:none:none:door17open.ogg:door15close.ogg
z:17:17:0:0:notas que todas las criaturas llevan collares.
dr:17:0:18:0:200:none:none:door17open.ogg:door15close.ogg
z:18:18:0:0:la criatura que te habla mueve su pico y dice.
dr:18:0:19:0:200:none:none:door17open.ogg:door15close.ogg
z:19:19:0:0:como puedes ver, ya estábamos preparados cuando llegaste. nuestra fuente de la vida nos lo dijo.
dr:19:0:20:0:200:none:none:door17open.ogg:door15close.ogg
z:20:20:0:0:pero basta de tanta charla.
dr:20:0:21:0:200:none:none:door17open.ogg:door15close.ogg
z:21:21:0:0:lamentablemente, no puedo dejar que esto se quede así, por lo que, he...Digamos que tendré que dejarte donde dejamos a Selene. por supuesto, no será en el mismo lugar, pero sí en la misma dimensión, y con las mismas reglas.
dr:21:0:22:0:200:none:none:door17open.ogg:door15close.ogg
z:22:22:0:0:la criatura empieza a mover sus manos, mientras oyes cómo palabras comienzan a salir de su pico. palabras extrañas, en un idioma desconocido.
dr:22:0:23:0:200:none:none:door17open.ogg:door15close.ogg
z:23:23:0:0:admar aletium. ihcementi olemioum tempouce aleemontú, signa adlanion tump! admar aletium. ihcementi olemioum tempouce aleemontú, signa adlanion tump!
dr:23:0:24:0:200:none:none:playersafe.ogg:door15close.ogg
z:24:24:0:0:una gran presencia cubre el lugar.
dr:24:0:25:0:200:none:none:door17open.ogg:door15close.ogg
z:25:25:0:0:ten cuidado, te están llevando a una dimensión adsorbente.
dr:25:0:26:0:200:none:none:door17open.ogg:door15close.ogg
z:26:26:0:0:esta dimensión absorbe la energía, pero tú estás protegid*g* de eso.
dr:26:0:27:0:200:none:none:door17open.ogg:door15close.ogg
z:27:27:0:0:sin embargo, puedes perder tus vienes más preciados, por cada 10 segundos que pases en este lugar, irás perdiendo cosas.
dr:27:0:28:0:200:none:none:door17open.ogg:door15close.ogg
z:28:28:0:0:en esta dimensión también está un objeto muy mítico.
dr:28:0:29:0:200:none:none:door17open.ogg:door15close.ogg
z:29:29:0:0:está alejado de ti, pero su poder realmente es grande.
dr:29:0:30:0:200:none:none:door17open.ogg:door15close.ogg
z:30:30:0:0:¿serás capaz de sacrificar tus cosas más preciadas por La Espada Eterna? oh... abandonarás esta arma de poder y huirás en un portal de luz...
dr:30:0:31:0:200:none:none:playerunsafe.ogg:door00d.ogg
z:31:31:0:0:la presencia desaparece, y lo último que escuchas decir a la criatura antes de que desaparezcas del lugar es...
dr:31:0:32:0:200:none:none:door17open.ogg:door15close.ogg
z:32:32:0:0:bucle temporal en esta sección, hilo 589606055, sección 133333323, rama AHH33334444, raza - Humano.
ptm:32:32:0:0:1:0:zorus3:apareces en la dimensión.:appear
