map:iglesia_de_san_ángel
maxx:101
maxy:50
p:0:101:0:concrete5
w:0:0:15:wall
w:101:0:15:wall
z:1:100:0:50:-
z:2:100:0:50:Dentro de la iglesia. Las paredes son de un color verde intenso. El suelo, extrañamente también, al igual que  los bancos.
z:1:1:0:50:Para volver a la ciudad, presiona enter.
tp:1:1:0:0:61:10:ciudad_de_san_ángel:Te alejas del lugar.
z:5:5:0:25:Persona.
dlg:5:0:En esta iglesia solo adoramos y creemos en el dios de la tierra, EStoico.:door17open.ogg
ss:5:5:0:0:person.ogg
z:10:60:0:25:Bancos donde se sientan las personas. Son de cemento y de color verde.
z:61:79:0:50:Frente al altar.
w2:81:100:0:4:wallbranch
z:80:80:0:25:En el lateral del altar.
dv:camera
dv:coordenadas
dv:auto
dv:baculo
safez:1:100:0:50
p:81:100:4:deepsand
z:81:100:0:50:En el altar. Este es de arena, increíblemente. Un hombre está parado en uno de los extremos, hablando mientras mueve las manos frenéticamente.
z:85:85:4:25:Sacerdote.
dlg:85:4:Y así como el gran dios Estoico con su gran generosidad nos deja vivir en medio del desierto, nosotros también tenemos que...Dejas de escuchar al sacerdote, aburrid*g*.:door17open.ogg
ss:85:85:4:4:person.ogg
teto:none
z:55:55:0:25:Persona.
dlg:55:0:¿Tú también adoras a nuestro dios?:door17open.ogg
ss:55:55:0:0:person.ogg
z:30:30:0:25:Persona.
dlg:30:0:Si adoras a Aqaeel o a los otros dioses, lárgate de aquí.:door17open.ogg
ss:30:30:0:0:person.ogg
where:en la iglesia de la ciudad de San Ángel
ss2:1:100:0:50:139cancion.ogg:-13
sc:100:100:0:4:concrete23
z:100:100:0:3:Descenso hacia el interior del altar.
z:100:100:0:0:Hay una puerta aquí. Es de madera, y de color rojo.
ptm:100:100:0:0:1:0:lugar:Abres la puerta y te adentras en los vestidores de los sacerdotes.:door33open
w:101:0:3:walldoor
ss:0:101:0:50:baseint10.ogg
