map:isla_abandonada
maxx:200
maxy:100
p:0:200:0:sand2
w:0:0:15:wallgeneric
w:200:0:15:wallgeneric
z:0:200:0:100:...
w:0:0:100:wallarvore
w:200:0:100:wallwater
z:1:40:0:100:Pequeña zona verde de la isla. Solo árboles muy viejos y destrüidos estánn aquí
dv:camera
dv:portal
dv:coordenadas
monstruo:1:0
ss:1:100:0:100:a15.ogg
ss:1:100:0:100:birds17.ogg
ss:1:100:0:100:rain1.ogg
p:1:40:0:brush2
sc:5:5:0:20:branch
z:5:5:0:20:árbol.
sc:10:0:0:20:branch
sc:10:10:0:20:branch
z:10:10:0:20:árbol.
z:15:16:0:30:árbol viejo a punto de caerse
sc:15:16:0:30:branch
z:28:30:0:30:una enorme palmera vieja
sc:28:30:0:30:branch
z:36:38:0:30:una enorme palmera vieja
sc:36:38:0:30:branch
z:41:70:0:100: arena. alcanzas a divisar muchos destrozos en la isla. algunos peces ya muertos están tirados en la arena, y por la forma en que fueron arrojados, dan la inpresión de que un animal salvaje o algo demasiado hambriento, los devoró y tiró los esqueletos a su paso
p:71:85:0:mud
p:85:120:0:water3
p:120:199:0:shallow
ss:71:199:0:100:oceano2.ogg
ss:85:200:0:100:coastal8.ogg
ss2:115:200:0:100:ocean1.ogg:-10
ss2:85:200:0:100:ocean3.ogg:-10
z:71:84:0:100:arena lodosa llegando a la playa
z:85:100:0:100:orilla de la playa. algunos esqueletos de peces, y hasta tiburones, están exparcidos por el lugar
z:101:200:0:100:parte poco profunda del mar. logras ver que la marea está mas alta de lo que normalmente debería estar
z:199:199:0:100:entrada a la parte profunda del mar
tp:199:199:0:0:499:161:mar_profundo:entras a la parte profunda del mar
dv:portal
where:en una isla avandonada
ss2:1:200:0:50:166cancion.ogg:-10
teto:none
dv:baculo
