map:la_mansión_siniestra
maxx:400
maxy:400
p:0:400:0:concreto
w:0:0:15:wallgeneric
w:400:0:15:wallgeneric
z:1:400:0:400:bienvenido a la mansión siniestra.
p:1:50:0:grass
w:0:0:400:camerawall
w:51:0:30:wallcar
dr:50:0:52:0:200:none:none:door3open.ogg:door3close.ogg
dr:52:0:50:0:200:none:none:door3open.ogg:door3close.ogg
ss2:1:50:0:100:vientoterror.ogg:-20
teto:none
z:1:1:0:20:Salida.
w:101:0:30:wallcardboard
dr:100:0:102:0:200:none:none:door2open.ogg:door_close_(17).ogg
dr:102:0:100:0:200:none:none:door2open.ogg:door_close_(17).ogg
z:2:50:0:50:jardín. Lo único que puedes ver al poner un pie en este lugar, son los árboles secos llenos de telarañas, en el suelo hay muchos insectos, y otras cosas que son desconocidas para los humanos. Sin duda, puedes notar que este lugar ahora es habitado por alguna cosa sobrenatural, fuera del alcance de los humanos.
sc:150:150:0:50:bridge
w:149:1:70:wallbank
w:151:1:70:wallbank
p:150:220:71:concrete4
w:220:71:90:wallcar
w:150:71:90:wallcar
sc:10:10:0:30:branch
z:10:10:0:30:árbol.
areia_movediça:20:0
sc:30:30:0:30:branch
z:30:30:0:30:árbol.
sc:40:42:0:30:branch
z:40:42:0:30:árbol.
areia_movediça:5:0
z:50:50:0:30:entrada al patio delantero
z:52:52:0:30:salida al jardín
z:53:100:0:30:Este es el patio delantero de la casa, hay algunas ratas muertas en el piso, las paredes llenas de agujeros con telas de arañas, y en el piso un montón de cosas tiradas, cuidado con tropesarse
z:100:100:0:30:Entrada a la sala principal
sc:250:252:0:300:concreto22
w:249:1:99:wallbank
w:253:1:99:wallbank
p:100:249:100:caverna2
w:100:100:130:wallbuilding
p:105:135:115:concrete5
w:104:115:155:wallbrick
w:135:115:155:wallbrick
dr:136:100:134:115:200:none:none:door_close_(20).ogg:door_close_(2).ogg
z:136:136:100:130:entrada a la sala de descanso
dr:134:115:136:100:200:none:none:door_close_(20).ogg:door_close_(2).ogg
z:105:134:115:145:Esta es una sala de descanso, en ella hay algunos mechones de cabellos tirados ensima de los sofás todos hechos pedasos, algunas ropas manchadas con algo que parece ser sangre y mordidas por ratas y entre ellas algunos huevos de araña
z:134:134:115:145:salida de la sala de descanso
p:290:320:15:hardwood4
w:320:15:45:wallbarrel
w:290:15:45:wallbarrel
dr:289:0:291:15:200:none:none:door3open.ogg:door3close.ogg
dr:291:15:289:0:200:none:none:door3open.ogg:door3close.ogg
z:289:289:0:30:entrada a la cosina
z:291:291:15:45:salida de la cosina
p:317:318:15:metal8
z:292:319:15:45:esta es la cosina de la manción, al parecer que hace año nadie biene por aquí, hay platos rotos y sucios por todas partes, los muebles llenos de polbo casi callendo, y moscas vuelan por todo el lugar
z:317:318:15:45:Aquí un laba bajilla todo lleno de polbo, un poco de ceca de ratas, platos quebrados y algunos huesos desgarrados y mordidos dentro de él
p:313:314:15:metal7
z:313:314:15:45:estufa a medias apagadas, algunos pedasos de carnes a medio cosinar, con un poco de sangre y lleno de larbas de moscas
p:308:310:15:madera vieja
z:308:310:15:45:mueble viejo apunto de caerse de viejo, con algunas telas de arañas  llenas de huevos, con ceca de ratas y un montón de losa quebrada y sucia
p:302:302:15:metal2
p:296:296:15:metal2
z:296:296:15:45:cilla sucia y oxidada
z:302:302:15:45:cilla sucia y oxidada
p:297:301:15:madera vieja
z:297:301:15:45:mesa vieja de madera apunto de caerse, llena de gusanos y ongos por la humedad, con algunas telas de arañas y un poco mordida por ratas
p:330:360:15:bridge
w:360:15:45:wallbars
w:330:15:45:wallbars
dr:329:0:331:15:200:none:none:door12open.ogg:door7close.ogg
dr:331:15:329:0:200:none:none:door12open.ogg:door7close.ogg
z:329:329:0:30:entrada a la labandería
z:331:359:15:45:aquí estás en la labandería, hay máquinas viejas y oxidadas, un aroma a polbo y algo desconpuesto te indican que no es el mejor lugar para vicitar, cuidado al tocar las cosas, pues hay algunos cables pelados que podrían darte un lindo golpe de corriente
z:331:331:15:45:salida de la labandería
p:357:358:15:branch
z:357:358:15:45:baúl con ropa vieja, llena de crías de ratas, y algunos pedasos de cuerpos arañados y mordidos por ellas
p:351:352:15:bleacher
z:351:352:15:45:Aquí una labadora vieja y oxidada, con cables pelados y mordidos, extrañamente labando algo que parece más un bulto que ropa y con el agua algo rojisa
p:345:346:15:beam
z:345:346:15:45:aquí una secadora, algo insendiada, tirando fuego, dando vuelta como si estubiera secando algo dentro, todo calfinado y botando mucho humo con aroma a quemado y desconposición
p:337:340:15:escombros
z:337:340:15:45:mesa para el planchado, llena de sangre y con algo quemado ensima, con la plancha media caliente, con unos cables todos calfinados
w:363:0:30:wallbucket
dr:362:0:364:0:200:none:none:door21open.ogg:door22close.ogg
dr:364:0:362:0:200:none:none:door21open.ogg:door22close.ogg
p:364:399:0:grass
sc:370:370:0:60:branch
sc:370:370:0:150:branch
z:370:370:0:150:árbol.
p:370:399:150:caverna
w:374:150:190:wallbuilding
z:375:398:150:190:Lugar que pareciera que fuera un santuario, donde se practican algunas ceptas y unas cuantas brujerías, crees que sea buena idea estar aquí?
w:399:150:190:wallbuilding
sc:386:386:150:160:concrete4
p:386:398:160:concrete4
z:103:249:0:30:esta es la sala principal de la manción, está llena de cuadros de brujerías, unas mesas viejas con pociones y objetos extraños, unos estantes llenos de libros con conjuros raros, el techo lleno de telas de arañas, y unos sofás con arañasos y mordidas de ratas, unas alfombras algo sucias y una televición antigua, toda desalmada con algunos cables pelados a la vista
z:150:150:0:70:escalera vieja apunto de caer, a dónde será que llebará?
z:102:102:0:30:salida al patio delantero
p:107:110:0:snow
sc:117:118:0:8:stone
z:107:110:0:6:Este es un cómodo sofá de cuero negro, donde puedes sentarte a disfrutar de las terroríficas pero atractivas obras que aquí se encuentran
dr:151:71:150:50:200:none:none:door_open_(1).ogg:door_close_(10).ogg
dr:150:50:151:71:200:none:none:door_open_(1).ogg:door_close_(10).ogg
z:117:118:0:30:aquí un cuadro de una calabera, que pareciera que te diera la bien benida y que estubiera mirándote fijamente a los ojos, con una cuchilla en la mano derecha y en la otra una caveza humana recién cortada, con unas letras en color negro que dicen, si no eres bueno y no te portas bien, este será tu destino
z:150:150:50:60:entrada al ático
z:151:151:71:81:puerta de salida
p:125:130:0:madera vieja
z:152:219:71:91:ático. logras ber diversas cajas biejas apiladas en los rincones del ático, y algunas telarañas se forman sobre ellas. en el suelo ay algúnas manchas de líquido oscuro, que dan la semejansa a sangre, y sustansias que no logras reconoser a simple bista
p:137:138:0:glass5
z:137:138:0:30:aquí se encuentra un televisor todo viejo y quebrado, con cables pelados colgando, asique como consejo, baja la caveza si no quieres electrocutarte
p:143:144:0:fencestep2
z:125:130:0:6:Esta es una vieja mesa de madera, acá se encuentra un viejo portarretrato con el marco oxidado, conteniendo una foto antigua, pero que, en ella, claramente se puede distinguir una momia con el rostro desfigurado, pero que al mismo tiempo da la impresión que te lanza una mirada siniestra.
z:143:144:0:30:aquí una cilla vieja hecha a base de huesos, algo manchada con algo que pareciera ser sangre, con una imagen de un esqueleto sentada en ella, con la lengua afuera y las manos como si estubiera comiendo algo
p:155:157:0:snow
z:155:157:0:6:Este es un cómodo sofá de cuero negro, donde puedes sentarte a disfrutar de las terroríficas pero atractivas obras que aquí se encuentran.
p:163:168:0:madera pequeña
sc:177:180:0:15:linoleum
z:163:168:0:30:aquí se encuentra una mesa, con algunos libros de conjjuros raros, con un par de belas negras algo prendida con la sera derretida, en el medio una esta con un bulto que pareciera ser de un bebé algo defigurado, junto a ella un crusifico. dan señal de que se trata como un ritual
p:189:200:0:maderadura
z:189:200:0:30:aquí un estante viejo, con la madera algo podrida, lleno de libros todos rotos, llenos de polbos. por la tapa te das cuentas que son libros de conjuros de brujería. en la puerta un mensaje, no habras ni leas estos libros, porque si te equibocas, te verás perdido
z:177:180:0:15:Esta es la estatua de una bruja siniestra que siempre anda rondando por los alrededores de la mansión. Tiene puesta una peluca con cabellera negra, sus ojos son de un color negro intenso, y al igual que la foto, esta también pareciera mirarte. Cuentan que en las noches esta viene a poseer su estatua, y que esta emite sonidos guturales y extraños. También se puede ver que sus ojos emiten fuego.
z:177:180:0:30:Esta es la estatua de una bruja siniestra que siempre anda rondando por los alrededores de la mansión. Tiene puesta una peluca con cabellera negra, sus ojos son de un color negro intenso, y al igual que la foto, esta también pareciera mirarte. Cuentan que en las noches esta viene a poseer su estatua, y que esta emite sonidos guturales y extraños. También se puede ver que sus ojos emiten fuego.
sc:211:216:0:15:hardwood4
z:211:216:0:20:Este es un cuadro de estilo antiguo, en él se ve una fotografía de una bruja hechicera consumiéndose por las llamas. Debajo tiene un mensaje en letras plateadas que dice:  toda bruja hechicera tendrá este final.
p:224:228:0:metal10
z:211:216:0:20:Este es un cuadro de estilo antiguo, en él se ve una fotografía de una bruja hechicera consumiéndose por las llamas. Debajo tiene un mensaje en letras plateadas que dice: toda bruja hechicera tendrá este final.
z:211:216:0:20:Este es un cuadro de estilo antiguo, en él se ve una fotografía de una bruja hechicera consumiéndose por las llamas. Debajo tiene un mensaje en letras plateadas que dice. toda bruja hechicera tendrá este final.
z:224:228:0:30:aquí una mesedora, de metal, toda oxidada, apunto de derrumbarse, y con la imagen de una pareja de ancianos todos decuartisados, con un puñal clabado en sus corazones, tomados de la manos prometiéndose amor, mirándose a los ojos fijamente
p:234:244:0:marsh
z:250:252:0:330:escalera que te lleba a los pisos superiores
z:234:244:0:15:Aquí se siente un olor a putrefacción, cuando miras en el suelo te das cuenta que hay restos de un cadáver esparcidos por esta zona de la sala. Desde huesos, gusanos, sesos, y hasta un poco de sangre, y carne con un poco de gusanos que se están comiendo la poca carne que le queda.
z:253:288:0:30:pacillo que te lleba a la cosina y labandería de la manción
z:290:328:0:30:pacillo que te lleba a la cosina y labandería de la manción
z:330:362:0:30:Pacillo al jardín tracero
z:362:362:0:30:salida al jardín tracero
z:364:369:0:30:este es el jardín tracero de la casa, está lleno de murciélagos que cuelgan de los árboles, con algunas telas de araña, y entre la hierba ceca algunos gusanos
z:364:364:0:30:entrada a la sala y pacillos principales de la manción
z:371:399:0:30:este es el jardín tracero de la casa, está lleno de murciélagos que cuelgan de los árboles, con algunas telas de araña, y entre la hierba ceca algunos gusanos
sc:380:380:0:30:branch
z:380:380:0:30:árbol.
sc:390:390:0:50:branch
z:390:390:0:50:árbol.
z:390:390:0:80:aquí un árbol muy ceco, con las ramas apunto de caer en tu caveza, con el tronco doblado, te da la sensación de salir corriendo porque se te vendrá ensima, lo peor, está lleno de murciélagos vampiros que te miran como alimento
z:380:380:0:70:árbol con frutos cecos y podridos, apunto de caer ensima de ti, lo recomendable es no quedarse parado bajo de él, que si te caen los frutos, los murciélagos que duermen en él, vendrán por ti
z:370:370:0:180:árbol re grande de la manción, pareciera tener algo en la copa, será buena idea subir?
z:371:372:150:190:pequeño pacillo a un lugar, que será lo que te espera ahí dentro?
dr:375:150:373:150:200:none:none:door27open.ogg:door3close.ogg
dr:373:150:375:150:200:none:none:door27open.ogg:door3close.ogg
z:373:373:150:180:entrada a la sala de rituales
z:375:375:150:180:salida de sala de rituales
z:386:386:150:190:escalera al artar
z:387:398:160:190:pequeño artar, donde se realizan algunas seremonias demoniácas y brujerías
p:371:399:100:concreto23
w:371:100:140:wallbarrel
w:399:100:140:wallbarrel
elv:398:150:398:100
elv:398:100:398:150
z:398:398:150:160:da enter aquí, a dónde irás a parar?
z:398:398:100:150:a dónde iremos a parar?
z:372:397:100:140:Este lugar Es un lugar frío y siniestro, donde al entrar podemos percibir un frío gélido que nos cala hasta los huesos, también sentimos como se nos eriza toda la piel al sentir presencias que pasan por nuestro lado, susurros en cualquier punto de este salón, que de repente algo nos respira en la nuca, pasos que van y vienen. En algunos momentos también se visualizan sombras que van y vienen por el aire, trayendo consigo un olor feo, a putrefacción. está lleno de objetos satánicos y extraños, cráneos de personas colgados en el techo, en algún lugar hay unos restos calcinados que parecen ser de un animal. También se puede apreciar mensajes con escritos mencionando al satán en las paredes con marcador negro, y en el centro, hay una mesa con una tabla huija.
p:108:110:115:soil
p:113:115:115:madera pequeña
p:119:122:115:snow
z:108:110:115:145:cillón todo roto y viejo, con algunos alambres asomado, con la madera algo podrida y toda la tela llena de agujeros 
z:113:115:115:145:marco de una televición toda vieja, con la pantalla quebrada, con la imagen de una calavera bailando y al lado una caveza de un demonio que te da la bien benida al mejor descanso de tu vida
z:119:122:115:145:aquí un sofá, algo manchado con sangre, con algunos cabellos largos, con ropa vieja ensima  toda rota, con algunas huñas arrancadas
p:126:130:115:maderadura
z:126:130:115:145:aquí una mesa con la madera algo podrida, ensima de ella un florero algo quebrado, con flores ceca y llenas de gusanos, con un teléfono todo desalmado, y en una de las esquinas un frasco, con un líquido que parece ser alcohol y dentro un corazón humano. hasta un papel escrito que dice, si no ivas hacer mía, no ivas hacer de nadie, aunque me tenga que matar, ahí estarás mejor, y nadie obtendrá tu amor.
z:101:135:100:114:segundo piso de la manción
z:136:249:100:114:segundo piso de la manción
p:253:340:100:hardwood3
w:341:100:130:wallbrick3
w:254:100:130:wallbarrel
dr:253:100:255:100:200:none:none:door27close.ogg:door9close.ogg
z:253:253:100:130:entrada al comedor
z:256:340:100:130:este es un gran comedor, donde las paredes están todas marchadas con aceite, comida podrida tirada en el piso, en las mesa manchas de alcohol, con pedasos de copas cortadas y la losa toda sucia
z:255:255:100:130:salida del comedor
dr:255:100:253:100:200:none:none:door27close.ogg:door9close.ogg
w:249:101:199:wallbank
w:249:201:299:wallbank
w:253:101:199:wallbank
w:253:201:299:wallbank
p:249:100:200:hardwood4
p:253:350:200:hardwood4
z:136:136:100:115:entrada a la sala de descanso
p:331:338:100:hardwood4
z:331:338:100:130:aquí un pequeño bar de madera muy fina, con algunas copas quebradas, unos basos con bino en su interior, rebelando que están serbido a más de mil años, unos platos todos sucios y lamidos por cucarachas, y un servicio de metal oxidado todo chueco manchado de grasa
p:100:249:200:marble
w:100:200:230:wallbarrel
p:253:350:200:marble
w:350:200:230:wallbarrel
p:100:249:300:rocks2
w:100:300:330:wallbarricada
p:253:350:300:rocks2
w:350:300:330:wallbarricada
p:100:350:360:hardwood4
w:350:360:390:wallbuilding
w:100:360:390:wallbuilding
elv:349:300:349:360
w:300:360:390:wallbarrel
w:200:360:390:wallbarrel
elv:101:360:101:300
z:398:398:160:190:pequeño artar, donde se realizan algunas seremonias demoniácas y brujerías
p:351:380:200:concrete18
w:380:200:230:wallbrick
dr:349:200:351:200:200:none:none:door77.ogg:door7close.ogg
z:349:349:200:230:puerta
tp:370:370:200:210:376:150:la_mansión_siniestra:peligro
z:370:370:200:230:algo extraño aquí, si lo tocas verás que pasará
p:351:399:300:concrete18
w:399:300:330:wallbank
elv:398:160:398:300
z:398:398:160:190:enter aquí
dr:351:300:349:300:200:none:none:door21open.ogg:door22close.ogg
z:351:351:300:330:si pasas por esta puerta no hay vuelta atrás
p:371:399:60:carpet7
w:399:60:90:wallarvore
w:371:60:90:wallarvore
p:150:200:120:concrete16
w:200:120:150:wallboard
w:150:120:150:wallboard
dr:149:100:151:120:200:none:none:door2open.ogg:door79.ogg
dr:151:120:149:100:200:none:none:door2open.ogg:door79.ogg
z:149:149:100:119:entrada a la biblioteca
z:152:199:120:150:esta es la biblioteca de la manción, está llena de polvo y algunos libros están tirados en el piso, practicamente destrosados, unos escritorio con algunos papeles todos borrosos ensima, y unos estantes viejos apunto de deplomarce en el piso
z:151:151:120:150:salida de la biblioteca
