map:llanuras_poried
maxx:201
maxy:201
p:0:201:0:grass
w:0:0:15:wall
w:201:0:151:wall
dv:camera
dv:coordenadas
z:1:200:0:200:-
ss2:1:200:0:200:112cancion.ogg:-3
z:1:200:0:200:Llanuras Poried. Un manto verde cubre todo el suelo de este lugar. La hierba suave emite un olor que te tranquiliza. No ves nada más que la hierba, y extrañamente, no hay nadie más aquí.
z:1:1:0:25:Puedes regresar a la arena del camino presionando enter aquí.
tp:1:1:0:0:150:0:camino_de_arena:Te acercas al camino arenoso.
sc:199:200:0:30:branch
z:199:200:0:50:Sorprendentemente, hay un árbol aquí.
z:200:200:30:50:Persona.
ss:200:200:30:30:person.ogg
ss:0:200:0:200:wind7.ogg
where:en las llanuras Poried
pm2:200:200:30:30:200:30:llanuras_poried:quest:luz_divina:2000:Ah...Necesito luz celestial, un poco de poder divino, a...Estoy muriendo...:celestiums:911:Mu, muchas gracias, toma esto, espero...Que te sirva...
npc:50:0:70000000:30000000:2:0:5000:0:1800:700:8000:mgerems.35000000,cuerpo_de_poried_blanco.1:ma63,ma64,ma65,ma66:bot79,bot82:magia171:Poried blanco:¡*nick* ;acabó con un poried blanco!;:800000:0:0:default:1:200:default:0.2
npc:100:0:80000000:35000000:2:0:8000:0:1800:700:8000:mgerems.40000000,cuerpo_de_poried_rojo.1:ma63,ma64,ma65,ma66:bot79,bot82:magia171:Poried rojo:¡*nick* ;acabó con un poried rojo!;:800000:0:0:default:1:200:default:0.2
npc:150:0:90000000:45000000:2:0:12000:0:1800:700:8000:elementales.4000000,cuerpo_de_poried_azul.1:ma63,ma64,ma65,ma66:bot79,bot82:magia171:Poried azul:¡*nick* ;acabó con un poried azul!;:800000:0:0:default:1:200:default:0.2
