map:oficina_del_director_de_la_biblioteca_de_san_ángel
maxx:51
maxy:50
p:0:51:0:concrete22
w:0:0:51:wall
w:51:0:51:wall
z:1:50:0:50:-
dv:camera
dv:coordenadas
teto:none
dv:portal
dv:runa_Dorada
z:1:1:0:50:Puedes volver al pasillo de la biblioteca presionando enter aquí.
tp:1:1:0:0:100:300:biblioteca_de_san_ángel:Sales de la oficina.
ss2:1:50:0:50:76cancion.ogg:-9
z:2:50:0:50:Oficina del director de la biblioteca. Al entrar a esta oficina, te percatas de las varias estanterías con carpetas, libros y papeles en ellas. Puedes ver un escritorio de madera, y poco más. No observas al director por ninguna parte, algo que agradeces.
z:10:20:0:15:Estantería con libros de diversos tamaños.
w2:31:35:0:1:wallmetal9
p:31:35:2:wood8
z:30:36:0:25:Escritorio de madera. En él hay algunas carpetas y un libro cerrado con una cinta y un plástico transparente. Solo puedes leer la cubierta de este.
z:32:32:2:25:Libro.
dlg:32:2:Los cuentos de Heen, sinopsis. En este tomo de 222 páginas el autor Robino Sdar te presenta más de 15 cuentos fantásticos e increíbles.:door17open.ogg
z:34:34:2:25:Carpeta de archivos.
dlg:34:2:Cantidad de libros recibidos. 33343.:door17open.ogg
dlg:34:2:Costo. 250000000 Mgerems.:door17open.ogg
w:51:0:50:wallglass3
z:50:50:0:50:Un cristal que cubre toda la pared de esta parte de la oficina. Te preguntas por qué estará de esa forma, pero no obtienes respuesta alguna.
where:en la oficina del director de la biblioteca de San Ángel
pm2:50:50:0:0:1:0:pasaje_secreto:wallglass4:martillo:1:¿qué estás intentando hacer?:d:0:Sacas tu martillo de la mochila, y rompes el cristal, revelando un túnel tras él. Al mismo tiempo que cruzas, el espejo parece recomponerse de nuevo, quedando intacto:d
