map:Parque_starwalker
maxx:100
maxy:100
p:0:100:0:grass3
w:0:0:200000000000:wallcamera
w:100:0:200000000000:wallcamera
w:0:0:100:wallglass
w:100:0:100:wallarvore
z:1:3:0:15:salida del tranquilo parque
ss:0:100:0:100:birds14.ogg
z:4:100:0:100:Parque Stalwalquer. Este lugar es muy tranquilo. Hay aves con alas de fuego volando en el cielo, y niños jugando alegremente. Ves personas que pasan tiempo con sus familias, sus mascotas, y algunas parejas de ancianos sentados en los bancos mirando a la juventud crecer, mientras disfrutan del atardecer.
p:10:15:2:deck
p:25:30:2:deck
p:40:45:2:deck
p:65:70:2:deck
ss:59:59:0:3:person.ogg
sc:76:76:0:10:branch
sc:4:4:0:10:branch
sc:17:17:0:10:branch
sc:48:48:0:10:branch
sc:33:33:0:10:branch
z:4:4:0:10:Árbol con hojas de fuego.
z:17:17:0:10:Árbol con hojas de fuego.
z:76:76:0:10:Árbol con hojas de fuego.
z:48:48:0:10:Árbol con hojas de fuego.
z:33:33:0:10:Árbol con hojas de fuego.
sc:62:63:0:20:branch
p:60:67:20:branch
z:60:67:20:30:Copa del árbol. Aquí es donde está la enorme ave, mirando tranquilamente el entorno. Te transmite una sensación de tranquilidad inmensa...
dr:18:50:42:0:0:none:none:door15close.ogg:door15close.ogg
dv:camera
ss:0:1000:0:1000:birds10.ogg
dv:coordenadas
teto:none
z:95:100:95:100:este mapa fue echo por fingwe, persy, gabriel, jops, maiquel, ese chico
w2:95:100:95:100:camerawall
z:59:59:0:25:Un chico.
where:en el Parque starwalker
where:en un tranquilo parque de Stalwalquer
tp:0:3:0:15:50:0:calle_ogeuf_osoicnelis_led_ratiperc_le:sales del parque
dlg:42:2:Me encanta mirar los árboles. Son muy bonitos, y uno de los pocos que pueden usar magia en el mundo. O mejor dicho, que son en parte mágicos:door17open.ogg
z:42:42:2:25:Persona.
ss:42:42:2:2:person.ogg
w2:40:45:0:1:wallbrick2
w2:25:30:0:1:wallbrick2
w2:10:15:0:1:wallbrick2
ss:4:4:0:50:fire_outside.ogg
ss:17:17:0:30:fire_outside.ogg
ss:33:33:0:30:fire_outside.ogg
ss:48:48:0:30:fire_outside.ogg
dlg:59:0:Oh, hola.:door17open.ogg
dlg:59:0:Lo observas atentamente. Lleva una túnica azul, unos brazaletes dorados en sus manos, y unos zapatos deportivos. Era alto, rubio, y con los ojos verdes.:door17open.ogg
dlg:59:0:¿Sabes qué significan todas estas vestimentas que porto?:door17open.ogg
dlg:59:0:Significan que soy un mago, o un intento de ello.:door17open.ogg
dlg:59:0:Me gusta venir aquí, a meditar sobre mi vida.:door17open.ogg
dlg:59:0:Me ayuda bastante.:door17open.ogg
z:62:63:0:19:Árbol. Este es más alto que el resto. Todas sus ramas son de fuego, y una enorme have, un halcón para ser más precisos, reposa en lo alto, mirando fíjamente hacia el cielo.
w2:65:70:0:1:wallbrick2
ss:62:63:0:30:fire_outside.ogg
ss:76:76:0:50:fire_outside.ogg
w:0:0:50:camerawall
z:25:30:0:50:Banco de madera.
z:10:15:0:50:Banco de madera.
z:40:41:0:50:Banco de madera.
z:43:45:0:50:Banco de madera.
z:65:70:0:50:Banco de madera.
ss2:0:100:0:100:372cancion.ogg:-9
