map:parque
maxx:150
maxy:100
p:0:150:0:carpet
w:0:0:15:wallnone
w:150:0:15:wallnone
z:1:150:0:100:parque
z:1:1:0:15:Salida a la ciudad.
tp:1:1:0:0:175:0:ciudad_de_san_ángel:Sales del parque.
p:1:149:0:concrete3
z:2:150:0:100:El parque de la ciudad. Algunos ancianos caminan de la mano, y otros están sentados a la sombra de los árboles.
p:40:50:0:grass
z:45:46:0:30:Árbol.
p:80:100:0:grass
sc:90:90:0:30:branch
p:85:89:15:brush
p:91:95:15:brush
p:80:89:30:brush
p:91:100:30:brush2
z:80:100:15:50:Ramas de la palmera.
z:90:90:0:50:Una gran palmera. A su alrededor hay una banca de madera.
z:80:100:4:14:La banca.
p:80:100:4:deck
z:90:90:0:50:Una gran palmera. A su alrededor hay una banca de madera.
z:139:139:0:15:Fuente.
ss:1:150:0:50:birds.ogg
dv:camera
dv:coordenadas
z:40:40:0:30:El parque de la ciudad. Algunos ancianos caminan de la mano, y otros están sentados a la sombra de los árboles.
ss:139 :139:0:0:fonteagua.ogg
sc:149:149:0:30:branch
z:149:149:0:30:Árbol.
z:10:10:0:25:Persona.
dlg:10:0:Ciertamente, nuestra ciudad no es muy grande.:door17open.ogg
dlg:10:0:Pero no me importa.:door17open.ogg
ss:10:10:0:0:person.ogg
z:25:25:0:0:Persona.
dlg:25:0:¡Me encanta venir aquí!:door17open.ogg
ss:25:25:0:0:person.ogg
z:40:40:0:25:Anciano.
dlg:40:0:No entiendo cómo podemos vivir en una ciudad de mierda como esta. ¡Por los dioses que es mierda!:door17open.ogg
ss:40:40:0:0:person.ogg
z:25:25:0:25:Persona.
z:62:62:0:0:Anciana.
dlg:62:0:Conozco a alguien que no le gusta esta ciudad. Es un tonto.:door17open.ogg
z:62:62:0:25:Anciana.
ss:62:62:0:0:person.ogg
z:82:82:4:14:Anciano.
dlg:82:4:Déjame en paz.:door17open.ogg
ss:82:82:4:4:person.ogg
z:94:94:4:14:Anciano.
dlg:94:4:Mm...:door17open.ogg
ss:94:94:4:4:person.ogg
z:110:110:0:20:Persona.
dlg:110:0:Quiero viajar muy lejos.:door17open.ogg
dlg:110:0:No sé, la ciudad de fuego es muy bonita, lo han dicho los viajeros.:door17open.ogg
ss:110:110:0:0:person.ogg
z:148:148:0:25:Persona.
dlg:148:0:Estoy triste, déjame.:door17open.ogg
ss:148:148:0:0:person.ogg
z:139:139:0:20:Fuente.
where:en el parque de la ciudad de San Ángel
dlg:94:4:Amo este ambiente.:door17open.ogg
sc:90:90:0:20:branch
sc:45:46:0:30:branch
ss:0:150:0:100:birds19.ogg
ss2:0:150:0:100:373cancion.ogg:-9
p:91:100:30:brush
teto:none
