map:prado_árido
maxx:301
maxy:50
p:0:301:0:grass2
w:0:0:15:wall
w:301:0:15:wall
z:1:300:0:50:-
dv:camera
dv:coordenadas
teto:none
ss:1:300:0:50:a4.ogg
z:1:300:0:50:Un gran prado de hierba seca y muerta. Al parecer, antaño sucedió algún acontecimiento terrible aquí, lo suficientemente grave como para que la hierba quedara reducida a algo tan feo. La extensión se divisa desde lejos, y no puedes percibir nada en este lugar, aparte de la hierba seca, y el viento que golpea tu rostro.
z:1:1:0:50:Puedes volver al edificio presionando enter aquí.
tp:1:1:0:0:500:0:edificio_de_viajes_espaciales_AQL:Entras en el edificio.
ss2:1:300:0:50:17cancion.ogg:-8
z:30:30:0:25:Persona.
dlg:30:0:Oh, hola.:door17open.ogg
dlg:30:0:Es impresionante como quedó este lugar.:door17open.ogg
dlg:30:0:Hace 5 años, era un gran prado que conducía a la fábrica de inteligencia artificial, pero por alguna razón, hubo un gran incendio que lo carbonizó todo, dejándolo así de muerto.:door17open.ogg
dlg:30:0:Estoy impresionada.:door17open.ogg
ss:30:30:0:0:person.ogg
z:100:100:0:25:Persona.
dlg:100:0:El fuego que acabó con este lugar, no era un fuego normal.:door17open.ogg
dlg:100:0:Yo sospecho que ese fuego estaba modificado.:door17open.ogg
dlg:100:0:Sí, modificado.:door17open.ogg
dlg:100:0:Con algunos químicos más, no sé.:door17open.ogg
dlg:100:0:En fin.:door17open.ogg
dlg:100:0:Supongo que vas hacia la fábrica abandonada y en ruinas, ¿no?:door17open.ogg
ss:100:100:0:0:person.ogg
z:150:150:0:25:Persona.
dlg:150:0:Ciertamente, ver este lugar me entristece.:door17open.ogg
dlg:150:0:¿A tí no?:door17open.ogg
ss:150:150:0:0:person.ogg
z:200:200:0:25:Persona.
pm2:200:200:0:0:200:0:prado_árido:quest:robot_naranja:50:Si me traes 50 robots naranjas, te daré esta llave que encontré en la rivera norte del río carza.:llave_de_tenzoo:1:Oh, gracias. Toma, aquí tienes la llave. No sé realmente para qué pueda servir, la verdad.
ss:200:200:0:0:person.ogg
z:257:257:0:25:Persona.
dlg:257:0:Voy a explorar un poco la fábrica.:door17open.ogg
dlg:257:0:Tal vez encuentre algo interesante.:door17open.ogg
ss:257:257:0:0:person.ogg
z:300:300:0:25:La entrada de la fábrica está aquí. Esta es metálica, pero parece estár en buen estado, o, al menos lo suficiente para poder cruzar.
z:285:285:0:25:Persona.
dlg:285:0:Aunque sucedió aquello con la fábrica, al entrar notarás que no está muy destruída.:door17open.ogg
dlg:285:0:Me parece muy curioso, la verdad.:door17open.ogg
ss:285:285:0:0:person.ogg
ptm:300:300:0:0:1:0:pasillo_hacia_la_fábrica:Cruzas la puerta, y te adentras en un pasillo custodiado por robots, quienes caminan impasibles.:door_open_(6)
where:en un prado árido
