map:río_carza_norte
maxx:3000
maxy:3000
p:0:3000:0:areia
w:0:0:15:wallgeneric
w:3000:0:15:wallgeneric
z:1:3000:0:3000:-
w:0:0:3000:camerawall
dv:camera
dv:coordenadas
dv:baculo
dv:camera
w:3000:0:3000:camerawall
p:1:2999:0:shallow
z:1:3000:0:500:Continuación del río carza hacia el norte. El río se extiende por aquí con una fuerte corriente. Las aguas son azules y claras. No sabes a dónde te llevará todo este recorrido, sin embargo, sigues adelante.
z:1:1:0:25:Para volver al río carza que continúa hacia el este, presione enter.
tp:1:1:0:0:2605:0:río_carza:Continúas por el río.
ss:1:2950:0:25:water9.ogg
p:2951:2999:0:dirt4
z:2951:2999:0:3000:Rivera norte del río. Esta es terrosa. Al norte, observas unas colinas de tierra que ascienden hacia la distancia.
ss:2951:2999:0:25:birds13.ogg
dlg:2980:0:¡Hola! ¿También vienes a explorar estos lugares?:door17open.ogg
ss:2980:2980:0:0:person.ogg
dv:auto
z:2999:3000:0:3000:Para continuar al norte a un terreno extraño, pulsa enter.
tp:2999:2999:0:0:1:0:terreno_ascendente:Entras a un terreno, donde hay varias colinas que ascienden metros y metros.
z:2999:2999:0:25:Para continuar hacia el norte a un terreno que asciende casi verticalmente, presiona enter.
ss2:1:3000:0:50:41cancion.ogg:-10
where:en la parte norte del río Carza
z:2980:2980:0:25:Persona.
