map:sala_de_la_paz
maxx:51
maxy:201
p:0:51:0:linoleum
w:0:0:201:wallnone
w:51:0:201:wallnone
z:1:50:0:200:-
dv:auto
dv:runa_dorada
dv:portal
where:en el salón de la paz
teto:none
dv:camera
dv:coordenadas
ss2:1:100:0:100:340cancion.ogg:-5
z:1:50:0:50:Salón de la paz. Conformado por 3 grandes columnas rodeadas por poder celestial y una cúpula que da a un vacío totalmente blanco, este lugar es totalmente sorprendente. La magia celestial brilla por todas partes, y te deja ver el divino suelo que hace parte de esta impresionante cámara, la cual parece palpitar de poder. En el extremo opuesto de la sala hay un gran trono blanco, en el cual está sentado un enorme dragón con los ojos muy brillantes, rigiendo por todo el salón de la paz, y haciéndose notar con su presencia celestial.
ss:1:200:0:1000:ma174.ogg
ss:1:200:0:1000:ma175.ogg
w2:40:50:0:9:wallstone
sc:39:39:0:10:concreto18
p:40:50:10:concrete5
z:39:39:0:50:Ascenso hacia el gran trono de la paz, totalmente blanco y cubierto por la energía celestial.
z:40:50:0:50:Trono de la paz. Totalmente cubierto por la energía celestial y brillando de poder, este trono es magnífico. Es básicamente una plataforma flotante, en la cuál está la enorme criatura, que te mira con sus ojos antiguos, preparado para lo que sea. Las escamas en el cuello de la criatura titilan con pequeños brotes de luz dorado, mientras la criatura agita tranquilamente ssu cola en el aire, casi perezosamente.
z:1:5:0:50:Salida a la gran torre de la paz.
