map:sendero_divino
maxx:300
maxy:200
p:0:300:0:dirt4
w:0:0:15:wallgeneric
w:300:0:15:wallgeneric
teto:none
z:0:300:0:200:...
w:0:0:200:camerawall
w:300:0:200:camerawall
dv:coordenadas
ss:0:300:0:200:a15.ogg
z:0:100:0:200:Camino de tierra. Parece estar bastante vacío. La tierra es un tanto extraña, puesto que hay veces que brilla.
w:102:0:40:wallrocks2
sc:101:101:0:41:dirt2
z:101:101:0:50:Subida de tierra.
p:102:120:41:dirt4
w:122:41:71:wallrocks2
sc:121:121:41:71:dirt2
sc:121:121:71:72:dirt2
p:122:160:72:dirt4
w:163:72:100:wallbrushtangle
sc:161:162:72:101:grass3
p:163:200:101:grass3
sc:201:203:101:140:thickforrest
w:204:101:139:wallfoliage
p:204:250:140:matos
sc:250:254:140:160:matos
w:255:140:170:wallfoliage
p:180:249:160:grass
sc:176:179:160:190:grass3
w:175:160:200:wallarvore
dv:baculo
dv:camion
w:180:161:189:wallarvore
p:180:299:190:shortgrass
w:299:190:200:wallfence
ptm:298:298:190:200:1:0:reino_divino:Retiras los enormes candados que estaban colocados sobre los portones del lugar, y te llevas una gran impresión al observar lo que yace frente a ti. Unos enormes castillos y algunos locales están aquí, fabricados con lo que aparentan ser diamantes y otros materiales desconocidos para ti. No logras saber qué lugar es este, pero lo que sí saves es que los seres que se alojen aquí, deben ser sumamente poderosos.:door26open
dv:camera
z:102:120:41:70:Camino de tierra. Parece estar bastante vacío. La tierra es un tanto extraña, puesto que hay veces te brilla.
z:121:121:41:80:Subida de tierra.
z:122:160:72:92:Camino de tierra. Parece estar bastante vacío. La tierra es un tanto extraña, puesto que hay veces que brilla.
z:161:162:72:115:Subida con algunas hojas secas.
z:163:200:101:120:Continuación del camino. Aquí, comienza a haber un poco de maleza, solo que por lo que logras apreciar, lla está seca.
z:201:203:101:155:Subida. Observas que en esta larga pendiente, la maleza es demasiado espesa.
z:204:249:140:155:Camino. En esta parte, la hierba se hace demasiado abundante.
z:250:254:140:180:Subida de hojas y hierba.
z:180:249:149:180:Continuación del camino. En esta parte del lugar, la hierba se hace más transitable, y se logran apreciar algunos árboles en la zona.
sc:200:200:160:180:branch
z:200:200:160:180:Árbol.
sc:190:190:160:180:branch
z:190:190:160:180:Árbol.
sc:210:210:160:180:branch
z:210:210:160:180:Árbol.
sc:220:220:160:180:branch
z:220:220:160:180:Árbol.
sc:230:230:160:180:branch
z:230:230:160:180:Árbol.
z:176:179:160:200:Subida de hojas y hierba.
z:180:300:190:200:Continuación del camino. La hierba, sorprendentemente, está cortada en este lugar, como si alguien se tomara el tiempo de tener esta parte con una limpieza permanente. Al final, alcanzas a divisar unos enormes portones de un material que no logras reconocer.
z:298:298:190:200:Unos grandes portones, hechos en sutotalidad de oro y diamante, se encuentran al final del lugar. No sabes a dónde llevarán, pero por la apariencia de los materiales que utilizaron para construirlos, parece ser un lugar interesante de visitar.
dv:portal
dv:portal
z:50:50:0:25:Persona.
dlg:50:0:Este lugar, es el sendero hacia uno de los reinos de nuestro mundo.:door17open.ogg
dlg:50:0:¿A que no lo sabías, eh?:door17open.ogg
ss:50:50:0:0:person.ogg
z:1:1:0:25:Salida de vuelta al bosque.
z:80:80:0:25:Persona.
dlg:80:0:A este reino lo llaman divino, supongo que por las criaturas que habitan en él.:door17open.ogg
dlg:80:0:Pero las criaturas no son divinas, claro que nó.:door17open.ogg
ss:80:80:0:0:person.ogg
z:135:135:72:80:Persona.
dlg:135:72:Me parece que las criaturas de este lugar son muy presumidas al llamarlo así, reino divino.:door17open.ogg
ss:135:135:72:72:person.ogg
z:190:190:101:111:Persona.
dlg:190:101:Estoy cerca del bosque Agjdur, solo es bajar un poco, y llego...:door17open.ogg
ss:190:190:101:101:person.ogg
z:228:228:160:170:Persona.
dlg:228:160:He escuchado que todos los domingos, unas hadas oscuras atacan el castillo seelfer.:door17open.ogg
dlg:228:160:Qué horror.:door17open.ogg
z:260:260:190:200:Persona.
dlg:260:190:Amo esta parte del camino, es tan suabe y cálida la hierba al tácto...:door17open.ogg
ss:260:260:190:190:person.ogg
tp:1:1:0:0:499:0:bosque_agjdur:Te alejas del camino, y te acercas al bosque.
where:en el sendero divino
ss2:1:1000:0:500:170cancion.ogg:-5
ss:228:228:160:163:person.ogg
