map:tienda_de_ropa
maxx:100
maxy:50
p:0:100:0:concreto23
w:0:0:15:wallgeneric
teto:none
p:1:49:0:concreto
z:0:50:0:100:...
w:0:0:100:camerawall
w:50:0:100:camerawall
dv:coordenadas
safez:0:50:0:100
w:30:0:30:camerawall
sc:28:29:0:31:concrete7
w:30:20:50:camerawall
dv:baculo
ss:0:50:0:100:calm.ogg
w:27:1:50:camerawall
p:31:49:31:concreto17
dr:29:31:31:31:200:none:none:door_open_(11).ogg:door_close_(16).ogg
dv:camera
z:31:50:31:50:Tienda de ropa deportiva. En grandes estantes de madera y metal hay mucha ropa deportiva, de distintos estilos y colores.
dr:31:31:29:31:200:none:none:door_open_(11).ogg:door_close_(15).ogg
z:1:26:0:50:Pasillo de entrada.
z:1:1:0:40:Salida de la tienda.
z:28:29:0:50:Escaleras de entrada a la tienda.
z:29:31:31:50:Puerta de la tienda.
tp:1:1:0:100:99:0:zona_comercial:Sales de la tienda.
ss:0:50:0:100:pessoas.ogg
ss2:1:100:0:100:109cancion.ogg:-16
where:en la tienda de ropa deportiva
store:32:50:20:40:ropas_generales
z:27:27:0:25:Cerca de las escaleras.
w:30:30:50:wallglass
