map:vallee
maxx:301
maxy:101
p:0:301:0:shortgrass
w:0:0:101:wallnone
w:301:0:101:wallnone
z:1:300:0:200:-
dv:camera
dv:coordenadas
dv:auto
teto:none
where:en el valle Dercien
ss2:1:300:0:200:43cancion.ogg:-4
z:1:300:0:200:En el valle. Grandes cascadas de agua caen desde el cielo, formando un arroyo de agua completamente azul y cristalina. Mucho más allá, observas lo que parece ser la entrada a un sendero de tierra reluciente. Los pájaros cantan aquí, felices, sin ser conscientes de la oscuridad que se extiende al oeste...
ss:1:300:0:200:birds13.ogg
ss:1:300:12:50:water4.ogg
dv:baculo
ss:20:25:0:12:waterflow10.ogg
ss:50:55:0:12:waterflow10.ogg
ss:90:95:0:12:waterflow10.ogg
ss:120:125:0:12:waterflow10.ogg
ss:160:170:0:12:waterflow10.ogg
p:200:290:0:terra
z:200:290:0:20:Camino de tierra reluciente. La tierra parece brillar con intensidad constantemente. El arroyo ahora se convierte en un río que parece elevarse. Más adelante, puedes ver una gran cascada que cae con fuerza, humedeciendo la tierra. El agua no te permite observar qué hay más allá, pero deduces que probablemente sea más tierra.
ss:200:300:10:50:water5.ogg
p:250:260:0:shallow
ss:250:260:0:10:water4.ogg
z:250:260:0:10:Cascada que cae con fuerza. Hay un gran charco de agua cristalina aquí, formado por la fuerza de la corriente.
ss:250:260:0:10:water4.ogg
p:291:300:0:spring
ss:291:300:0:10:waterflow4.ogg
z:291:300:0:10:En una pequeña fuente de agua cristalina. Tiene un brillo majestuoso, y parece rodear a una hermosa mujer, quien está sentada mirando al frente, impasible.
z:295:295:0:15:Persona.
pm2:295:295:0:0:295:0:vallee:quest:cuerpo_de_criatura_oscura:500:La oscuridad se hace más fuerte. La luz está retrocediendo. Debes ayudarme, tráeme 500 criaturas oscuras, y te daré...El don de un gran hechizo, ya olvidado por los magos de hoy.:cristal_de_luz:3:Gracias...Toma, esto...
ss:295:295:0:0:person.ogg
z:1:1:0:12:Para volver al pútrido pantano, presiona enter.
tp:1:1:0:0:400:0:pantano_profundo:Sales del hermoso lugar, y vuelves al pantano.
