map:bosque_de_fuego
maxx:301
maxy:500
p:0:301:0:brush2
w:0:0:15:wall
w:301:0:15:wall
dv:camera
dv:coordenadas
z:1:300:0:500:Bosque de fuego. Ahora que estás en él, te percatas de que en este bosque no hay árboles. Solo una hierba extraña que permanece en un estado entre verde y café. No se escuchan aves trinar, solo el viento cálido que te golpea la cara. Puedes ver a algunas criaturas parecidas a leones envueltas en llamas. Estas rugen furiosamente por toda la estancia, mientras corren de un lado al otro.
ss:1:300:0:500:wind1.ogg
ss2:1:300:0:500:138cancion.ogg:-3
z:1:1:0:25:Puedes regresar al camino rocoso presionando enter aquí.
teto:none
z:150:160:0:25:Hay un resplandor extraño aquí...
tp:1:1:0:0:300:0:camino_rocoso:Te alejas del bosque.
tp:150:160:0:0:1:0:cueva_de_la_bruja_mambra:Te adentras en una cueva.
where:en el bosque de fuego
z:200:200:0:25:Persona.
dlg:200:0:Oye.:door17open.ogg
dlg:200:0:Yo quiero preguntarte algo.:door17open.ogg
dlg:200:0:Si el mal existe, y los dioses son lo más poderoso del universo y están en el lado del bien, ¿por qué no acaban con el mal, eh?:door17open.ogg
ss:200:200:0:0:person.ogg
z:260:260:0:25:Persona.
dlg:260:0:¡Las criaturas de este bosque son terroríficas!:door17open.ogg
ss:260:260:0:0:person.ogg
dlg:260:0:¡Aaaaaaah!:door17open.ogg
z:300:300:0:25:Para continuar hacia un camino de cemento que conduce hacia el norte, presiona enter.
tp:300:300:0:0:1:0:camino_yand:Te alejas del bosque, y te acercas al cemento del camino.
npc:50:0:40000000:10000000:3:0:10000:2000:4500:500:12000:elementales.2500000,cuerpo_de_fad.1:ma44,ma45,ma46,ma47:bot35:bot75:fad:¡*nick* ;mató a un fad!:300000:0:0:default:1:300:default:0.1
npc:100:0:40000000:10000000:3:0:10000:2000:3500:400:9000:elementales.2500000,cuerpo_de_fad.1:ma44,ma45,ma46,ma47:bot35:bot75:fad:¡*nick* ;mató a un fad!:300000:0:0:default:1:300:default:0.1
npc:150:0:40000000:10000000:3:0:10000:2000:5000:700:13000:elementales.2500000,cuerpo_de_fad.1:ma44,ma45,ma46,ma47:bot35:bot75:fad:¡*nick* ;mató a un fad!:300000:0:0:default:1:300:default:0.1
npc:200:0:40000000:10000000:3:0:10000:2000:6000:400:9000:elementales.2500000,cuerpo_de_fad.1:ma44,ma45,ma46,ma47:bot35:bot75:fad:¡*nick* ;mató a un fad!:300000:0:0:default:1:300:default:0.1
npc:250:0:40000000:10000000:3:0:10000:2000:5500:500:11500:elementales.2500000,cuerpo_de_fad.1:ma44,ma45,ma46,ma47:bot35:bot75:fad:¡*nick* ;mató a un fad!:300000:0:0:default:1:300:default:0.1
