map:cabaña_de_sinistro
maxx:501
maxy:501
p:0:501:0:concrete5
w:0:0:15:wall
w:501:0:15:wall
z:1:500:0:500:-
teto:none
dv:coordenadas
dv:camera
safez:1:500:0:500
dv:baculo
dv:auto
z:0:50:0:30:Um lugar desconhecido. Você não sabe como chegou aqui, mas está em sua dimensão novamente. Confuso, você descide prosseguir.
z:30:30:0:20:Persona.
ss:30:30:0:10:person.ogg
where:Fazendo um desafio de memória.
dlg:30:0:Olá!:door17open.ogg
dlg:30:0:Você deve estar se perguntando o que faz aqui, certo?:door17open.ogg
dlg:30:0:Bom, você está em um desafio, por assim dizer.:door17open.ogg
dlg:30:0:Um desafio que testará suas habilidades.:door17open.ogg
dlg:30:0:Se você é bom de memória, esse desafio é para você!:door17open.ogg
dlg:30:0:Mas bom, este desafio é alternativo. Cabe a você escolher se vai querer fazer ou não.:door17open.ogg
dlg:30:0:Mais adiante, você terá que fazer uma escolha. Por agora, siga em frente.:door17open.ogg
sc:50:50:11:12:menu3
tp:50:50:0:0:50:12:cabaña_de_sinistro:Uma voz em seu subconciente pergunta. Você aceita fazer este desafio?
z:50:50:12:12:Sim, aceito fazer este desafio!
z:50:50:11:11:Não, não sou tão bom de memória.
w:51:11:17:camerawall
w:50:13:13:camerawall
w:51:0:10:camerawall
z:50:50:0:9:Você chega em um ponto onde não há mais saída... Talvez seja a hora de fazer sua escolha, não?
w:49:11:18:camerawall
tp:50:50:11:11:30:0:era1:Você descide não fazer o desafio e volta novamente a uma dimensão paralela...
p:1:100:100:metal5
p:1:10:50:concrete5
w2:1:10:50:55:camerawall
dr:50:12:1:50:200:none:none:none:door17open.ogg
z:1:1:50:50:Você ouve uma voz em seu subconciente dizendo. Muito bem, você agora está no desafio de memória! Agora, vamos as explicações.
z:2:2:50:50:Você será teletransportado para uma área, repleta de portas. Seu objetivo é encontrar as portas que avansam pelo mapa.
z:3:3:50:50:As portas erradas, não farão nada, apenas lhe dirá que não é a porta certa
z:4:4:50:50:Parece fácil, não?
z:5:5:50:50:Não! Ao final, você terá que se lembrar a posição de cada porta por qual você passou. Caso responda errado, você será teletransportado novamente ao início do desafio!
z:6:6:50:50:Boa sorte!
dr:1:50:2:50:200:none:none:none:door17open.ogg
dr:2:50:3:50:200:none:none:none:door17open.ogg
dr:3:50:4:50:200:none:none:none:door17open.ogg
dr:4:50:5:50:200:none:none:none:door17open.ogg
dr:5:50:6:50:200:none:none:none:door17open.ogg
dr:6:50:1:100:200:none:none:none:door16open.ogg
z:1:100:100:200:Você se encontra em uma área repleta de portas. Encontre as portas certas para prosseguir, e boa sorte!
z:10:10:100:219:Uma porta.
z:20:20:100:219:Uma porta.
z:30:30:100:219:Uma porta.
z:40:40:100:219:Uma porta.
z:50:50:100:219:Uma porta.
z:60:60:100:219:Uma porta.
z:70:70:100:219:Uma porta.
z:80:80:100:219:Uma porta.
z:90:90:100:219:Uma porta.
w:101:100:220:wallmedal
z:95:95:100:219:Uma porta.
ptm:10:10:100:100:10:100:cabaña_de_sinistro:Parece que esta porta não leva a lugar algum...:door17open
ptm:30:30:100:100:30:100:cabaña_de_sinistro:Parece que esta porta não leva a lugar algum...:door17open
ptm:40:40:100:100:40:100:cabaña_de_sinistro:Parece que esta porta não leva a lugar algum...:door17open
ptm:50:50:100:100:50:100:cabaña_de_sinistro:Parece que esta porta não leva a lugar algum...:door17open
ptm:60:60:100:100:60:100:cabaña_de_sinistro:Parece que esta porta não leva a lugar algum...:door17open
ptm:70:70:100:100:70:100:cabaña_de_sinistro:Parece que esta porta não leva a lugar algum...:door17open
ptm:80:80:100:100:80:100:cabaña_de_sinistro:Parece que esta porta não leva a lugar algum...:door17open
ptm:90:90:100:100:90:100:cabaña_de_sinistro:Parece que esta porta não leva a lugar algum...:door17open
ptm:95:95:100:100:95:100:cabaña_de_sinistro:Parece que esta porta não leva a lugar algum...:door17open
ptm:20:20:100:100:20:110:cabaña_de_sinistro:Você encontra a porta certa e avansa no desafio.:door16open
p:1:100:110:metal5
ptm:10:10:110:110:10:110:cabaña_de_sinistro:Parece que esta porta não leva a lugar algum...:door17open
ptm:20:20:110:110:20:110:cabaña_de_sinistro:Parece que esta porta não leva a lugar algum...:door17open
ptm:30:30:110:110:30:110:cabaña_de_sinistro:Parece que esta porta não leva a lugar algum...:door17open
ptm:40:40:110:110:40:110:cabaña_de_sinistro:Parece que esta porta não leva a lugar algum...:door17open
ptm:60:60:110:110:60:110:cabaña_de_sinistro:Parece que esta porta não leva a lugar algum...:door17open
ptm:70:70:110:110:70:110:cabaña_de_sinistro:Parece que esta porta não leva a lugar algum...:door17open
ptm:80:80:110:110:80:110:cabaña_de_sinistro:Parece que esta porta não leva a lugar algum...:door17open
ptm:90:90:110:110:90:110:cabaña_de_sinistro:Parece que esta porta não leva a lugar algum...:door17open
ptm:95:95:110:110:95:110:cabaña_de_sinistro:Parece que esta porta não leva a lugar algum...:door17open
ptm:50:50:110:110:50:120:cabaña_de_sinistro:Você encontra a porta certa e avansa no desafio.:door16open
p:1:100:120:metal5
p:1:100:130:metal5
p:1:100:140:metal5
p:1:100:150:metal5
p:1:100:160:metal5
p:1:100:170:metal5
p:1:100:180:metal5
p:1:100:190:metal5
p:1:100:200:metal5
p:1:100:210:metal5
ptm:10:10:120:120:10:130:cabaña_de_sinistro:Você encontra a porta certa e avansa no desafio.:door16open
ptm:20:20:120:120:20:120:cabaña_de_sinistro:Parece que esta porta não leva a lugar algum...:door17open
ptm:30:30:120:120:30:120:cabaña_de_sinistro:Parece que esta porta não leva a lugar algum...:door17open
ptm:40:40:120:120:40:120:cabaña_de_sinistro:Parece que esta porta não leva a lugar algum...:door17open
ptm:50:50:120:120:50:120:cabaña_de_sinistro:Parece que esta porta não leva a lugar algum...:door17open
ptm:60:60:120:120:60:120:cabaña_de_sinistro:Parece que esta porta não leva a lugar algum...:door17open
ptm:70:70:120:120:70:120:cabaña_de_sinistro:Parece que esta porta não leva a lugar algum...:door17open
ptm:80:80:120:120:80:120:cabaña_de_sinistro:Parece que esta porta não leva a lugar algum...:door17open
ptm:90:90:120:120:90:120:cabaña_de_sinistro:Parece que esta porta não leva a lugar algum...:door17open
ptm:95:95:120:120:95:120:cabaña_de_sinistro:Parece que esta porta não leva a lugar algum...:door17open
ptm:80:80:130:130:80:140:cabaña_de_sinistro:Você encontra a porta certa e avansa no desafio.:door16open
ptm:10:10:130:130:10:130:cabaña_de_sinistro:Parece que esta porta não leva a lugar algum...:door17open
ptm:20:20:130:130:20:130:cabaña_de_sinistro:Parece que esta porta não leva a lugar algum...:door17open
ptm:30:30:130:130:30:130:cabaña_de_sinistro:Parece que esta porta não leva a lugar algum...:door17open
ptm:40:40:130:130:40:130:cabaña_de_sinistro:Parece que esta porta não leva a lugar algum...:door17open
ptm:50:50:130:130:50:130:cabaña_de_sinistro:Parece que esta porta não leva a lugar algum...:door17open
ptm:60:60:130:130:60:130:cabaña_de_sinistro:Parece que esta porta não leva a lugar algum...:door17open
ptm:70:70:130:130:70:130:cabaña_de_sinistro:Parece que esta porta não leva a lugar algum...:door17open
ptm:90:90:130:130:90:130:cabaña_de_sinistro:Parece que esta porta não leva a lugar algum...:door17open
ptm:95:95:130:130:95:130:cabaña_de_sinistro:Parece que esta porta não leva a lugar algum...:door17open
ptm:30:30:140:140:30:150:cabaña_de_sinistro:Você encontra a porta certa e avansa no desafio.:door16open
ptm:10:10:140:140:10:140:cabaña_de_sinistro:Parece que esta porta não leva a lugar algum...:door17open
ptm:20:20:140:140:20:140:cabaña_de_sinistro:Parece que esta porta não leva a lugar algum...:door17open
ptm:40:40:140:140:40:140:cabaña_de_sinistro:Parece que esta porta não leva a lugar algum...:door17open
ptm:50:50:140:140:50:140:cabaña_de_sinistro:Parece que esta porta não leva a lugar algum...:door17open
ptm:60:60:140:140:60:140:cabaña_de_sinistro:Parece que esta porta não leva a lugar algum...:door17open
ptm:70:70:140:140:70:140:cabaña_de_sinistro:Parece que esta porta não leva a lugar algum...:door17open
ptm:80:80:140:140:80:140:cabaña_de_sinistro:Parece que esta porta não leva a lugar algum...:door17open
ptm:90:90:140:140:90:140:cabaña_de_sinistro:Parece que esta porta não leva a lugar algum...:door17open
ptm:95:95:140:140:95:140:cabaña_de_sinistro:Parece que esta porta não leva a lugar algum...:door17open
ptm:70:70:150:150:70:160:cabaña_de_sinistro:Você encontra a porta certa e avansa no desafio.:door16open
ptm:10:10:150:150:10:150:cabaña_de_sinistro:Parece que esta porta não leva a lugar algum...:door17open
ptm:20:20:150:150:20:150:cabaña_de_sinistro:Parece que esta porta não leva a lugar algum...:door17open
ptm:30:30:150:150:30:150:cabaña_de_sinistro:Parece que esta porta não leva a lugar algum...:door17open
ptm:40:40:150:150:40:150:cabaña_de_sinistro:Parece que esta porta não leva a lugar algum...:door17open
ptm:50:50:150:150:50:150:cabaña_de_sinistro:Parece que esta porta não leva a lugar algum...:door17open
ptm:60:60:150:150:60:150:cabaña_de_sinistro:Parece que esta porta não leva a lugar algum...:door17open
ptm:80:80:150:150:80:150:cabaña_de_sinistro:Parece que esta porta não leva a lugar algum...:door17open
ptm:90:90:150:150:90:150:cabaña_de_sinistro:Parece que esta porta não leva a lugar algum...:door17open
ptm:95:95:150:150:95:150:cabaña_de_sinistro:Parece que esta porta não leva a lugar algum...:door17open
