map:cafetería
maxx:101
maxy:50
p:0:101:0:concrete3
w:0:0:50:wallnone
w:101:0:50:wallnone
z:1:100:0:50:-
dv:camera
dv:coordenadas
teto:none
ss2:1:100:0:50:221cancion.ogg:-8
ss:1:100:0:50:lanchonete1.ogg
z:1:1:0:25:Salida a la ciudad.
tp:1:1:0:0:150:0:ciudad_telaman:Vuelves a la ciudad.
z:2:100:0:50:Dentro de la cafetería. Hace un poco de calor aquí. A tu alrededor, hay algunas personas comiendo sentadas en mesas. Se escucha un ruido constante por el lugar de los empleados caminando, los cubiertos al chocar con los platos, y todo esto se mezcla, haciéndote sentir cómod*g*.
z:10:10:0:25:Persona.
dlg:10:0:Los empleados en este lugar, solo están para limpiar las mesas.:door17open.ogg
dlg:10:0:Y bueno, también está ese de allí que te dará algo de información, anda, ve y habla con él.:door17open.ogg
ss:10:10:0:0:person.ogg
where:en una cafetería
z:20:20:0:50:Persona.
dlg:20:0:¡Nuestra cafetería es muy innovadora!:door17open.ogg
dlg:20:0:¡Sí, ahora no tendrá que esperar o ir a por su comida, directamente siéntese sobre la silla frente a una mesa, y seleccione en la pequeña pantalla táctil que se encuentra al centro de la misma lo que desee comer o beber!:door17open.ogg
dlg:20:0:¡Todo rápido y muy barato!:door17open.ogg
ss:20:20:0:0:person.ogg
w2:31:35:0:2:wallwoodcrate
sc:30:30:0:3:chair
p:31:35:2:tile2
sc:36:36:0:3:chair
w2:51:55:0:2:wallwoodcrate
sc:50:50:0:3:chair
p:51:55:2:tile2
sc:56:56:0:3:chair
w2:71:75:0:2:wallwoodcrate
sc:70:70:0:3:chair
p:71:75:2:tile2
sc:76:76:0:3:chair
w2:91:95:0:2:wallwoodcrate
sc:90:90:0:3:chair
p:91:95:2:tile2
sc:96:96:0:3:chair
z:30:36:0:50:Silla.
z:31:35:0:50:Mesa con un dispositivo en el centro de ella.
z:50:56:0:50:Silla.
z:51:55:0:50:Mesa con un dispositivo en el centro de ella.
z:70:76:0:50:Silla.
z:71:75:0:50:Mesa con un dispositivo en el centro de ella.
z:90:96:0:50:Silla.
z:91:95:0:50:Mesa con un dispositivo en el centro de ella.
z:96:96:3:50:Persona.
dlg:96:3:¡La comida de aquí es deliciosa!:door17open.ogg
ss:96:96:3:3:person.ogg
z:90:90:3:50:Persona.
dlg:90:3:Arg, no tengo hambre...:door17open.ogg
ss:90:90:3:3:person.ogg
z:80:80:0:50:Persona.
dlg:80:0:Trabajar aquí no es muy difícil.:door17open.ogg
dlg:80:0:Solo estar atento cuando alguien ensucia algo para limpiarlo, limpiar las mesas cuando son desocupadas, y responder dudas de los clientes, poco más.:door17open.ogg
ss:80:80:0:0:person.ogg
z:50:50:3:50:Persona.
dlg:50:3:Estoy comiendo, aléjate.:door17open.ogg
ss:50:50:3:3:person.ogg
