map:caminoo
maxx:301
maxy:51
p:0:301:0:grass7
w:0:0:51:wallnone
w:301:0:51:wallnone
z:1:300:0:50:-
dv:camera
dv:coordenada
where:en un camino de hierba suave
teto:none
ss2:1:300:0:50:232cancion.ogg:-8
z:1:300:0:100:En un camino de hierba. Este parece conectar con la entrada de una alta montaña.  Hesta es bastante suave, y hay algunos árboles a los bordes del camino. Unas pocas personas están por este lugar, disfrutando de la fresca brisa.
z:1:1:0:25:Para continuar hacia el bosque del aire, presiona enter.
tp:1:1:0:0:200:0:bosque_del_aire:Te acercas al bosque.
ss:1:300:0:50:birds13.ogg
ss:1:300:0:50:wind5.ogg
z:80:80:0:25:Persona.
dlg:80:0:¡El viento es bastante fuerte aquí!:door17open.ogg
ss:80:80:0:0:person.ogg
z:150:150:0:25:Persona.
dlg:150:0:No me digas que te diriges a ciudad Taerus.:door17open.ogg
dlg:150:0:¡Estás realmente lejos!:door17open.ogg
dlg:150:0:¡Te lo aseguro!:door17open.ogg
ss:150:150:0:0:person.ogg
z:250:250:0:25:Persona.
dlg:250:0:Me gustaría saber cómo funcionan los portales de luz.:door17open.ogg
dlg:250:0:¡Cómo doblan esta dimensión para llevarte a otra parte de esta!:door17open.ogg
ss:250:250:0:0:person.ogg
z:300:300:0:25:Para continuar hacia la montaña, presiona enter.
tp:300:300:0:0:1:0:montañaa:Te alejas del camino, acercándote a la montaña.
