map:desierto_este
maxx:701
maxy:50
p:0:701:0:sand
w:0:0:50:wallnone
w:701:0:50:wallnone
z:1:700:0:50:-
dv:camera
dv:coordenadas
teto:none
where:en el desierto al este de la ciudad Telaman
ss2:1:700:0:50:224cancion.ogg:-13
ss:1:700:0:50:a8.ogg
z:1:1:0:25:Puedes continuar hacia la ciudad Telaman presionando enter aquí.
tp:1:1:0:0:600:0:ciudad_telaman:Te acercas a la ciudad.
ss:1:700:0:50:a3.ogg
z:2:700:0:50:En el desierto al este de la ciudad Telaman. Dunas de arena gigantes se alzan en este árido y caluroso lugar. El viento sopla con fuerza, trayendo olas grandes y pequeñas de arena que te golpean sin piedad. El sol es como una inmensa bola incandescente en el cielo, que te azota insistentemente.
z:200:200:0:25:Persona.
dlg:200:0:Al este, están las fuentes del Agaden.:door17open.ogg
dlg:200:0:Por ellas, la ciudad al oeste sobrevive.:door17open.ogg
ss:200:200:0:0:person.ogg
z:500:500:0:25:Persona.
dlg:500:0:Me gustaría saber cómo eran las ciudades en el viejo mundo.:door17open.ogg
dlg:500:0:Si eran grandes, pequeñas, amuralladas...:door17open.ogg
dlg:500:0:En fin, quisiera saber todo sobre el viejo mundo, en realidad.:door17open.ogg
ss:500:500:0:0:person.ogg
z:700:700:0:25:Para continuar mucho más al este, hacia las fuentes del Agaden, presiona enter.
tp:700:700:0:0:1:30:fuentes_del_agaden:Te alejas de la arena del desierto, y te acercas a un fresco lugar.
