map:desierto
maxx:701
maxy:200
p:0:200:0:sand
w:0:0:200:wallnone
w:200:0:200:wallnone
z:0:700:0:200:Estás en un profundo y denso desierto. Tus fuerzas están a 0, pero sigues avanzando. No quieres morir de calor, eso lo tienes claro.
ss:0:701:0:200:a8.ogg
p:1:700:11:deepsand
dv:camera
dv:cordenadas
teto:none
p:390:399:11:wetconcrete
z:390:399:11:30:Cerca de un manantial.
p:400:410:11:water
z:400:410:11:30:Un pequeño manantial. Está casi seco, y el agua está sucia.
p:411:420:11:wetconcrete
z:411:420:11:30:Cerca de un manantial.
z:700:701:11:30:Entrada al pueblo de Zaragoza.
tp:700:700:11:11:1:0:pueblo_de_zaragoza:Entras en un humilde, y pequeño pueblo.
tp:1:1:11:11:3000:0:camino:Entras a un gran camino.
z:1:1:0:200:Para continuar hacia el camino, presione enter.
dv:coordenadas
z:1:1:0:25:Salida del desierto.
z:100:100:11:25:Persona.
dlg:100:11:Creo que ya me siento cansada de caminar...:door17open.ogg
ss:100:100:11:11:person.ogg
z:200:200:11:25:Persona.
dlg:200:11:¡Odio los desiertos!:door17open.ogg
ss:200:200:11:11:person.ogg
z:430:430:11:25:Persona.
dlg:430:11:¡Ese manantial es una vergüenza, una mierda total!:door17open.ogg
dlg:430:11:Qué rabia.:door17open.ogg
ss:430:430:11:11:person.ogg
dlg:550:11:Creo que me falta muchísimo para llegar a la ciudad de San Ángel, ¿verdad?:door17open.ogg
ss:550:550:11:11:person.ogg
z:550:550:11:25:Persona.
z:645:645:11:25:Persona.
dlg:645:11:Ah...Aaah...Agua...Necesito agua...:door17open.ogg
dlg:645:11:Ah, gracias a Estoico, creo que estoy llegando a Zaragoza.:door17open.ogg
ss:645:645:11:11:person.ogg
z:685:685:11:25:Persona.
dlg:685:11:Al fin, ¡llegué al pueblo de Zaragoza!:door17open.ogg
dlg:685:11:Creo que un minuto más en este lugar, y habría muerto.:door17open.ogg
ss:685:685:11:11:person.ogg
ss:1:800:0:50:2canción.ogg
where:en un profundo desierto
w:701:0:50:camerawall
