map:iglesia_oculta
maxx:501
maxy:1001
p:0:501:0:areia
w:0:0:500:wall
w:501:0:500:wall
z:1:500:0:500:-
teto:none
dv:camera
dv:coordenadas
dv:baculo
dv:auto
ss2:1:500:0:500:40cancion.ogg:-5
w2:1:30:40:60:camerawall
z:2:2:50:50:¡Bienvenid*g*! Dice una mujer al entrar por la trampilla.
dr:1:50:2:50:200:none:none:door17open.ogg:door15close.ogg
dr:2:50:3:50:200:none:none:door17open.ogg:door15close.ogg
z:3:3:50:50:Bienvenid*g* a la iglesia de nuestro dios, el quinto dios, el dios sin nombre.
dr:3:50:4:50:200:none:none:door17open.ogg:door15close.ogg
z:4:4:50:50:Mueves la cabeza, confundid*g*.
dr:4:50:5:50:200:none:none:door17open.ogg:door15close.ogg
z:5:5:50:50:En estos tiempos, la sociedad, el mundo o la gran mayoría adoran a los 4, y están dejando aparte al quinto dios.
z:6:6:50:50:Hay muchas iglesias donde adoran a un dios en específico, pero en esta adoramos al dios del vacío.
dr:5:50:6:50:200:none:none:door17open.ogg:door15close.ogg
z:7:7:50:50:Por eso nos ocultamos.
dr:6:50:7:50:200:none:none:door17open.ogg:door15close.ogg
dr:7:50:8:50:200:none:none:door17open.ogg:door15close.ogg
z:8:8:50:50:Algunas personas creen que el quinto dios es malo, pero en realidad no es así.
dr:9:50:10:50:200:none:none:door17open.ogg:door15close.ogg
dr:8:50:9:50:200:none:none:door17open.ogg:door15close.ogg
z:9:9:50:50:Espero que te agrade la iglesia que con tanto esmero tratamos de conservar.
z:10:10:50:50:Recuerda que somos nada, vinimos de la nada.
z:11:11:50:50:La mujer sonríe.
dr:10:50:11:50:200:none:none:door17open.ogg:door15close.ogg
dr:11:50:1:0:200:none:none:door15close.ogg:door15close.ogg
z:1:1:0:49:Puedes volver a la iglesia presionando enter aquí.
tp:1:1:0:0:124:0:iglesia:Vuelves a la iglesia.
p:1:500:0:concrete3
z:2:500:0:20:Al entrar en este lugar, puedes ver grandes representaciones de cuadros colgados en la pared. La mayoría de estos tienen figuras de lunas de distinto tamaño y forma, pero en algunos pocos, hay un dibujo de un vórtice negro. Los bancos, donde hay personas sentadas, son de madera.
z:10:10:0:15:Persona.
teto:none
dlg:10:0:Nuestro dios no es malo, es bueno.:door17open.ogg
dlg:10:0:Las personas que creen que nuestro dios es malo son estúpidas.:door17open.ogg
ss:10:10:0:0:person.ogg
dlg:30:0:Soy nuevo en esta iglesia.:door17open.ogg
dlg:30:0:La verdad es que me parece muy interesante todo esto.:door17open.ogg
ss:30:30:0:0:person.ogg
z:60:60:0:25:Persona.
dlg:60:0:¡Espero que te unas a nosotros!:door17open.ogg
dlg:60:0:no te arrepentirás, te lo aseguro.:door17open.ogg
ss:60:60:0:0:person.ogg
z:30:30:0:15:Persona.
z:90:90:0:15:Persona.
dlg:90:0:Hola.:door17open.ogg
dlg:90:0:Hola.:door17open.ogg
dlg:90:0:Miras extrañad*g* al chico.:door17open.ogg
ss:90:90:0:0:person.ogg
z:170:170:0:25:Persona.
dlg:170:0:Los bancos están más adelante.:door17open.ogg
dlg:170:0:Yo prefiero estar de pie.:door17open.ogg
ss:170:170:0:0:person.ogg
p:210:410:0:stairs
z:210:410:0:25:Larga fila de bancos de madera.
z:240:240:0:25:Persona.
dlg:240:0:Nuestro dios es increíble.:door17open.ogg
ss:240:240:0:0:person.ogg
z:280:280:0:15:Persona.
dlg:280:0:Déjame en paz, ya empezará la sacerdotisa a hablar.:door17open.ogg
dlg:280:0:Pff.:door17open.ogg
ss:280:280:0:0:person.ogg
z:320:320:0:25:Persona.
dlg:320:0:Eres nuev*g*, ¿no?:door17open.ogg
dlg:320:0:Qué estúpid*g* eres.:door17open.ogg
ss:320:320:0:0:person.ogg
z:360:360:0:15:Persona.
dlg:360:0:A este lugar lo rodéa una energía muy extraña, que no logro comprender.:door17open.ogg
dlg:360:0:Tal vez sea el conjuro que la mantiene oculta...No lo sé.:door17open.ogg
ss:360:360:0:0:person.ogg
z:400:400:0:25:Persona.
dlg:400:0:¡Soy la primera en esta fila de bancos!:door17open.ogg
dlg:400:0:Es genial estár aquí.:door17open.ogg
ss:400:400:0:0:person.ogg
z:411:451:0:25:Frente al altar. A tu espalda, está la larga fila de bancos, y frente a ti se extiende un altar muy extraño. No puedes ver muy bien, pero alcanzas a distinguir algunas cosas que están en el altar. Lo que te deja sorprendid*g* del mismo, es que no se alza majestuosamente, sino que está pegado al suelo, separado únicamente por un pequeño bordillo.
w:453:0:0:wallrail
z:452:454:0:25:Un pequeño bordillo de metal que separa el altar del hárea de bancos.
p:453:453:1:ladder1
p:454:500:0:stone
z:455:500:0:25:En un altar de piedra desconocida. Al pisarlo, te tambaléas al instante. Sientes como si algo te absorviera la vida, tu existencia...Con cada paso que das, se te hace más interesante y curioso este extraño altar.
z:460:460:0:25:Sacerdotisa.
dlg:460:0:Bueno, hermanos. Es hora de empezar.:door17open.ogg
dlg:460:0:Hoy hablaremos sobre la separación de los dioses, y cómo el mundo dejó de alabar a nuestra divinidad.:door17open.ogg
dlg:460:0:Si recuerdan, en el viejo mundo todo era muy distinto a lo que es ahora...:door17open.ogg
dlg:460:0:Te alejas de la mujer.:door17open.ogg
ss:460:460:0:0:person.ogg
z:490:500:0:25:De repente, tus pasos dejan de oírse, y no escuchas nada, solo silencio. Miras hacia el suelo, y ves que estás en una especie de vórtice oscuro, que te hace abrir los ojos impresionad*g*.
p:490:500:0:vortise
w:485:0:14:wallbank
z:484:486:0:14:Una gran pared. Notas que hay unos agujeros por encima, casi imperceptibles, que no se podrían ver desde la distancia, pero te das cuenta de que puede caver un pie humano perfectamente.
p:484:484:4:carpet4
p:484:484:7:carpet4
p:484:484:10:carpet4
p:484:486:15:carpet4
p:484:484:13:carpet4
z:484:486:15:25:En lo alto de la pared. Notas que hay una puerta con una cerradura aquí.
w:485:15:50:wallbank
pm2:484:484:15:15:486:15:iglesia_oculta:quest:llave_oscura:1:No tienes la llave para poder abrir esta puerta.:*:0:Cruzas por la puerta, y te encuentras en lo alto de una escalera.:a
tp:486:486:15:15:484:15:iglesia_oculta:Sales de aquella zona de la iglesia.
sc:486:486:0:15:carpet4
z:486:486:0:14:Escalera.
z:487:489:0:25:Parte más extraña del altar. En este lugar, sientes cómo tus fuerzas intentan abandonarte con anhelo, pero resistes. A unos pasos, puedes ver un vórtice oscuro, que te deja asustad*g*, pero a la vez extrañad*g*. ¿Qué es realmente este lugar? Te preguntas.
ss:490:500:-10:-17:a1239.ogg
dv:portal
z:340:340:0:25:Persona.
dlg:340:0:Solía ser sacerdote también de esta iglesia, pero me bajaron de mi cargo porque perdí una llave inútil.:door17open.ogg
dlg:340:0:¿Que cómo la perdí?:door17open.ogg
dlg:340:0:Ejem...Bueno.:door17open.ogg
dlg:340:0:Una vez por accidente caí en las sucias y asquerosas alcantarillas del maldito pueblo de Zaragoza, y bueno, no quería gastar un portal de luz porque tenía muy pocos.:door17open.ogg
dlg:340:0:El caso fue que exploré bastante, huyendo aterrorizado de pequeñas ratas que se atravesaban en mi camino, pero al final encontré una especie de entrada entre varillas de metal oxidado.:door17open.ogg
dlg:340:0:Crucé a través de ellas, haciéndome daño en los brazos, y llegué a una especie de foso, donde había una rata muy grande y gorda, mirándome con unos ojos negros.:door17open.ogg
dlg:340:0:Ese vicho del infierno se abalanzó hacia mí, corriendo y chillando para deborarme.:door17open.ogg
dlg:340:0:Yo salté mientras actibaba el portal, pero aquel animal alcanzó a morder mi pantalón, por lo que al desaparecer esa rata horrible se quedó con la mitad de mi bolsillo donde tenía esa llave.:door17open.ogg
dlg:340:0:Esa llave era muy import...El hombre se interrumpe, mientras tose, y luego dice.:door17open.ogg
dlg:340:0:Esa llave no era muy importante, solo era una tontería inútil que ni sabía para qué servía.:door17open.ogg
dlg:340:0:De igual forma, creo que aquella rata ya se la tragó.:door17open.ogg
dlg:340:0:Y por esa estupidéz, me bajaron de mi puesto.:door17open.ogg
dlg:340:0:Ahora vengo como otro simple hermano.:door17open.ogg
dlg:340:0:Pff.:door17open.ogg
dlg:340:0:Asientes, y te alejas del hombre, con la sensación de que te mintió con respecto a aquella llave.:door17open.ogg
dlg:340:0:Una sensación te dice que es importante esa llave.:door17open.ogg
dlg:340:0:¿Pero qué? Te preguntas mentalmente.:door17open.ogg
ss:340:340:0:0:person.ogg
ptm:490:500:0:0:1:0:hn:-:door17open
dv:runa_dorada
where:en la iglesia oculta
disable_game:1:50:50:50
