map:jardín_helado
maxx:100
maxy:100
p:0:100:0:ice3
w:0:0:15:wallgeneric
w:100:0:15:wallgeneric
teto:none
w:0:0:100:camerawall
w:100:0:100:camerawall
dv:coordenadas
dv:camera
dv:camion
z:0:100:0:100:...
safez:0:100:0:100
dv:auto
dv:avion
dv:helicoptero
dv:moto
ss:0:100:0:100:a8.ogg
z:0:100:0:100:Jardín helado. Aquí es de  donde se extrae el alimento para el pueblo. Ves a muchas personas trabajar escarbando y sacando del suelo frutas y vegetales, hechos completamente de hielo. Observas también cómo se guardan los alimentos extraídos en distintas cajas. Estas contienen manzanas, peras, zanahorias y demás alimentos, y se encuentran en un sistema de rieles que las dirige hacia el fondo, donde las espera un pequeño establecimiento. Este tiene 2 entradas. Una que da a este jardín, y otra que da a un camino más concurrido.
z:80:80:0:25:Persona.
ss:80:80:0:0:person.ogg
dlg:80:0:¡Mi hijo tiene que traer esas zanahorias, estaban sin madurar!:door17open.ogg
dlg:80:0:Ya él sabe qué es lo que pasa si no se apresura, más le bale llegar pronto.:door17open.ogg
ss:99:99:0:10:cassino.ogg
tp:99:99:0:10:1:0:templo_de_hielo:Entras al templo.
z:99:99:0:10:Entrada al templo.
z:60:60:0:25:Persona.
ss:60:60:0:0:person.ogg
dlg:60:0:No he encontrado mucho hoy, espero tener mejor suerte ahora.:door17open.ogg
z:40:40:0:25:Persona.
ss:40:40:0:0:person.ogg
dlg:40:0:¡Hoy conseguimos muchas zanahorias y manzanas! Esperemos que todas estén maduras.:door17open.ogg
z:20:20:0:25:Persona.
dlg:20:0:¡Hoy es un buen día, encontramos muchos productos!:door17open.ogg
ss:20:20:0:0:person.ogg
z:50:50:0:25:Persona.
ss:50:50:0:0:person.ogg
dlg:50:0:Ojalá mi compañero encuentre más productos...:door17open.ogg
dlg:50:0:Por mi parte, ¡yo encontré mucho hoy!:door17open.ogg
tp:1:1:0:10:50:0:establecimiento_de_alimentos_nathzam:Cruzas el pasaje, y llegas al establecimiento.
z:1:1:0:15:Pasaje hacia el establecimiento.
ss2:0:100:0:100:amaster_stadium_outside.ogg:-8
where:en un jardín helado
death:1:2000:0:100:30000:0:0:¡*nick* ;murió congelad*g*!;:joya_blanca:1:1
ss2:1:200:0:1000:54cancion.ogg:-10
