map:playa_sur
maxx:300
maxy:50
p:0:300:0:areia
w:0:0:15:wallgeneric
w:300:0:15:wallgeneric
w:0:0:50:camerawall
dv:camera
dv:coordenadas
z:1:300:0:50:Playa sur. La arena de la playa se extiende a lo lejos hacia el sur.
ss:1:300:0:50:birds5.ogg
p:1:299:0:shortgrass
p:20:300:0:sand
z:1:19:0:50:Hierba corta cerca de la arena.
z:1:1:0:50:Para continuar hacia el norte, presiona enter.
tp:1:1:0:0:699:0:bosque_del_agua:Sales de la playa, y te adentras en el lluvioso bosque.
w:300:0:50:camerawall
z:299:299:0:25:Para continuar al sur por la playa, presione enter.
tp:299:299:0:0:1:0:continuación_De_la_playa_sur:Continúas hacia el sur por la playa.
z:220:220:0:20:Persona.
dlg:220:0:No entiendo cómo este lugar puede ser tan extenso.:door17open.ogg
ss:220:220:0:0:person.ogg
z:100:100:0:20:Persona.
ss:100:100:0:0:person.ogg
dlg:100:0:Vengo aquí a pensar en la vida.:door17open.ogg
dlg:100:0:¿Soy muy infeliz, sabes?:door17open.ogg
ss2:1:600:0:50:57cancion.ogg:-6
where:en la playa sur
z:80:80:0:25:Persona.
pm2:80:80:0:0:80:0:playa_sur:quest:cuerpo_de_tiburón:800:¡Ey, si me traes 800 cuerpos de tiburones, te doy algo de energía elemental!:energía_elemental:0:¡Aquí tienes la energía elemental!:var|elemental_energy|+=|40000|true
ss:80:80:0:0:person.ogg
