map:pueblo_de_zaragoza
maxx:801
maxy:501
p:0:801:0:areia
w:0:0:500:wall
w:801:0:500:wall
z:1:800:0:500:-
dv:camera
dv:coordenadas
where:en el pueblo de Zaragoza
ss2:1:800:0:1000:185cancion.ogg:-7
p:1:650:0:concrete16
z:1:1:0:25:Puedes regresar al desierto presionando enter aquí.
tp:1:1:0:0:700:11:desierto:Retornas al desierto.
z:2:850:0:1000:Pueblo de Zaragoza. Aunque es un pueblo, es bastante grande, y con mucha población. Hay varios edificios importantes, así como las casas de sus habitantes. Hace bastante calor, debido a que está en el desierto mismo. Algunas aves cantan por el lugar, volando en el cielo libremente.
ss:1:650:0:50:birds15.ogg
sc:50:60:0:20:cement2
z:40:40:0:25:Persona.
dlg:40:0:Aunque vivimos en el medio del desierto, gracias a Estoico sobrevivimos.:door17open.ogg
ss:40:40:0:0:person.ogg
z:50:60:0:50:Escaleras de entrada a la alcaldía del pueblo.
z:50:60:20:50:Puerta de la alcaldía.
z:80:80:0:25:Persona.
dlg:80:0:El señor alcalde es muy bueno con nosotros.:door17open.ogg
dlg:80:0:Aprecia a su pueblo, y nosotros lo apreciamos a él.:door17open.ogg
ss:80:80:0:0:person.ogg
z:121:121:0:25:Persona.
dlg:121:0:¿Has leído la historia de nuestro pueblo?:door17open.ogg
dlg:121:0:Es impresionante, a que sí.:door17open.ogg
ss:121:121:0:0:person.ogg
z:160:170:0:25:Hay un letrero aquí junto a la entrada de un establecimiento. Este dice. ¡Cuadros M-F, están aquí para ti!
tp:160:170:0:0:1:0:establecimiento_de_cuadros:Te adentras en el establecimiento.
z:180:180:0:25:Persona.
dlg:180:0:Hay algunos cuadros en aquel lugar que me hacen dar escalofríos.:door17open.ogg
ss:180:180|180:0:0:person.ogg
z:210:210:0:25:Persona.
pm2:210:210:0:0:210:0:pueblo_de_zaragoza:quest:martillo:1:Tengo este pequeño chip. Dame un martillo, y te lo daré.:chip_de_seguridad:1:Ah, bien, toma.
ss:210:210:0:0:person.ogg
z:250:250:0:25:Persona.
ss:250:250:0:0:person.ogg
z:290:290:0:39:Persona.
dlg:290:0:Oh, hola.:door17open.ogg
dlg:290:0:Mira, estoy haciendo una investigación importante.:door17open.ogg
dlg:290:0:Esta trata de investigar a los reinos de nuestro mundo, como lo son Qandar, el reino divino, etc.:door17open.ogg
dlg:290:0:Por eso estoy pidiendo opiniones.:door17open.ogg
dlg:290:0:Me podrías decir, por favor, ¿qué piensas sobre los reinos?:door17open.ogg
dr:290:0:290:40:200:none:none:door15close.ogg:door15close.ogg
w2:288:292:39:44:camerawall
p:289:291:40:menu3
dlg:289:40:Ah...Bien.:door17open.ogg
dlg:289:40:Muchas gracias por tu respuesta, ya puedes irte.:door17open.ogg
z:289:289:40:40:Que tu investigación es una basura, junto a los reinos. Déjame en paz, y lárgate a otro lado con tu investigación inútil.
z:291:291:40:40:Me parece muy interesante tu investigación. Además, me gustan bastante los reinos, por lo que esa es mi respuesta.
z:290:290:40:40:Ciertamente, tu investigación me parece muy importante, pero no conozco ninguno de los reinos, lo siento.
dlg:290:40:Ooh...:door17open.ogg
dlg:290:40:Comprendo, ¡vale!:door17open.ogg
dr:290:40:290:0:200:none:none:door15close.ogg:door15close.ogg
ss:290:290:0:0:person.ogg
z:330:340:0:25:Puerta de entrada a la casa del alcalde.
tp:330:340:0:0:1:0:casa_del_alcalde:Te adentras en la casa.
z:350:350:0:25:Persona.
dlg:350:0:La casa del alcalde es muy humilde.:door17open.ogg
dlg:350:0:Te lo aseguro.:door17open.ogg
ss:350:350:0:0:person.ogg
z:370:370:0:25:Persona.
dlg:370:0:¿3-2-3-4-5-6-7-8?:door17open.ogg
ss:370:370:0:0:person.ogg
z:410:410:0:25:Persona.
dlg:410:0:¿Te diriges a ciudad Telaman?:door17open.ogg
dlg:410:0:Yo sí.:door17open.ogg
ss:410:410:0:0:person.ogg
z:440:450:0:50:Una pequeña puerta. En ella, hay un letrero con la imagen de una persona con un cachorro amarrado.
ptm:440:450:0:0:1:0:la_perrera:Entras a este pequeño lugar. Al final, ves algunas camitas que parecen muy cómodas.:door10open
z:465:465:0:25:Persona.
dlg:465:0:Está bastante guay la perrera, ya he dejado ahí a mis dos niños.:door17open.ogg
ss:465:465:0:0:person.ogg
z:500:500:0:25:Persona.
dlg:500:0:Alguna vez me gustaría encontrar un novio.:door17open.ogg
dlg:500:0:Pero uno bonito, y muy educado.:door17open.ogg
ss:500:500:0:0:person.ogg
p:530:540:0:metal4
z:530:540:0:25:Tapa del alcantarillado del pueblo, presiona enter para descender a las alcantarillas.
z:550:550:0:25:Persona.
dlg:550:0:Odio a los que se les ocurrió que para ir a ciudad Telaman, nuestra capital, fuera de esa forma, por las alcantarillas.:door17open.ogg
dlg:550:0:Los odio, ¡los odio!:door17open.ogg
ss:550:550:0:0:person.ogg
z:580:590:0:25:Entrada a la plaza del pueblo.
z:610:610:0:25:Persona.
dlg:610:0:Hoy, tengo un examen de química.:door17open.ogg
dlg:610:0:mañana, uno de teoría elemental.:door17open.ogg
dlg:610:0:Pasado mañana, uno de práctica elemental.:door17open.ogg
dlg:610:0:En cuatro días, uno de matemáticas.:door17open.ogg
dlg:610:0:Y en cinco días, uno de lenguajes.:door17open.ogg
dlg:610:0:En fin, estoy atareada.:door17open.ogg
ss:610:610:0:0:person.ogg
z:630:630:0:99:Puerta de entrada a una pequeña casa.
p:620:640:100:carpet
dr:630:0:630:100:200:none:none:door22open.ogg:door22close.ogg
w:629:100:130:camerawall
w:641:100:125:camerawall
z:630:640:100:125:Dentro de la casa. Está muy bien amueblada, y muy limpia.
z:630:630:100:125:Puerta de salida.
dr:630:100:630:0:200:none:none:door22open.ogg:door22close.ogg
z:635:635:100:125:Persona.
dlg:635:100:Según algunas investigaciones mías, he descubierto que las ratas tienen superiores.:door17open.ogg
dlg:635:100:Es decir, ratas mayores, con mayor poder, como los reyes.:door17open.ogg
dlg:635:100:Quiero investigar un poco a estas ratas, para ver qué tienen de diferente como para que las demás ratas le obedezcan.:door17open.ogg
dlg:635:100:Te agradecería si me traes un cuerpo de estas ratas rey.:door17open.ogg
pm2:635:635:100:100:635:99:pueblo_de_zaragoza:quest:cuerpo_del_rey_rata:1:-:mapa_extraño:1:Gracias por traerme el cuerpo, y ahora, ¡toma esto, y lárgate, hueles muy mal!
ss:635:635:100:100:person.ogg
p:651:800:0:sand2
ss:651:800:0:50:a4.ogg
z:651:800:0:60:Zona arenosa del pueblo. Aquí el calor se hace más intenso. Solo puedes ver arena y más arena a lo lejos...
z:700:700:0:25:Persona.
dlg:700:0:Este camino conduce hacia la gran pirámide destruida.:door17open.ogg
dlg:700:0:De aquel lugar se cuentan muchas leyendas.:door17open.ogg
ss:700:700:0:0:person.ogg
z:760:760:0:25:Persona.
dlg:760:0:Ya estás cerca de la pirámide, continúa.:door17open.ogg
dlg:760:0:Aunque te advierto que es un lugar bastante aburrido.:door17open.ogg
ss:760:760:0:0:person.ogg
z:800:800:0:25:Entrada a la gran pirámide que brilla con el sol.
tp:580:590:0:0:1:0:plaza_de_zaragoza:Te adentras en la tranquila plaza, y el entorno cambia de golpe.
tp:50:60:20:20:1:0:alcaldía_de_zaragoza:Te adentras en la alcaldía del pueblo.
tp:800:800:0:0:1:0:pirámide:Te adentras en el destruido lugar.
dr:289:40:290:0:200:none:none:door15close.ogg:door15close.ogg
dr:291:40:291:41:200:none:none:none:door17open.ogg
z:291:291:41:41:¡Oww!
w:291:42:45:camerawall
dr:291:41:291:42:200:none:none:none:door17open.ogg
z:291:291:42:42:¡Gracias!
dr:291:42:291:43:200:none:none:none:door17open.ogg
z:291:291:43:43:¡Toma esto, toma esto!
pm:291:291:43:43:291:0:pueblo_de_zaragoza:-:door17open:llave_roja:1
pm2:250:250:0:0:250:0:pueblo_de_zaragoza:quest:metal:100:Hay muchas personas en todo este mundo que te darán algo si les das algo a cambio, o te dirán algo de información que suele ser inútil, y cosas así. Odio esas personas, son unos interesados. Aj, ya dejo de hablar de eso, me estreso. Te cuento que estoy preocupado, necesito algunos metales para reparar un aparato de mi hija. En fin.:bolsa_de_azufre:2:Graacias...Ejem, ¿podrías tomar esto? Ya sabes, como agradecimiento y todo eso.
tp:530:540:0:0:5:105:alcantarillas:Alzas la tapa, y desciendes a las alcantarillas.
