map:test
maxx:1000
maxy:2000
w:0:0:50:wallbricke
w:1000:0:50:wallbricke
z:0:1000:0:50:Test.
teto:none
sc:96:96:0:40:brush2
z:10:10:0:0:bonjour.
z:1:12:0:10:non, *nick*, non. mejor lárgate de aquí, suci*g*
z:0:999:0:1000:test
w:39:1:30:spell_cloak_throughwall
w:47:1:30:spell_cloak_throughwall
teto:none
dv:portal
store:1:1:0:0:celestiums
store:2:2:0:0:esmeraldas
w2:1:6:10:11:camerawall
sc:1:1:0:30:bridge2
store:3:3:0:0:armas
store:4:4:0:0:tienda_de_armas_lesnói1
store:5:5:0:0:tienda_de_armas_lesnói2
store:7:7:0:0:tienda_celestial
store:8:8:0:0:tienda_mágica:
store:10:10:0:0:regalos
dv:runa_dorada
p:1:999:0:concrete
pm2:5:5:0:0:5:5:test:trovao18:elementales:500000000:No tienes lo necesario para hacer ésto.:mgerems:-2000000000:Listo.:var|parabatai|=|""|true,var|celestiums|-=|1000|true,var|fangelical|-=|100|true,var|saludfangelical|-=|10000|true
z:5:5:0:25:si pulsas enter se quita tu parabatai. Pero perderás 500000000 elementales, 2000000000 mgerems, 1000 celestiums y 100 fases angelicales.
pm2:999:999:0:0:999:0:test:door17open:none:0:no puedes:none:0:listo.:var|married|=|none|true
store:20:20:0:20:comidas
pm2:11:11:0:0:11:5:test:menuchecked:none:0:No puedes hacer ésto...:none:0:Listo.:var|married|=|zeognioss|true
z:11:11:0:25:Si pulsas enter se borra tu matrimonio.
ss:1:50:0:50:ambiente4.ogg
ss:1:50:0:50:birds12.ogg
ss2:1:50:0:50:371cancion.ogg
where:en una isla
