map:torre_de_mistertopero
maxx:100
maxy:200
p:0:100:0:concrete5
w:0:0:200:wallnone
w:100:0:200:wallnone
z:1:1:0:10:salida de la torre
teto:none
z:2:19:0:20:torre de mistertopero. a penas entras te quedas paralizado al ver una criatura fantasmal dispuesta a acabar con todo ser que intente  entrar a la propiedad de su amo. estás preparado para la batalla?
sc:20:20:0:20:concrete4
z:20:20:0:20:escalera de piedras preciosas que llevan a la entrada de la torre.
w:21:0:50:wallbarricada
z:20:20:20:20:grandes puertas rojas  de entrada
dr:20:20:20:50:200:none:none:door29open.ogg:door29close.ogg
p:20:100:50:concrete21
w:19:50:60:wallsandbag
dr:20:50:20:20:200:none:none:door29open.ogg:door29close.ogg
npc:1:0:250000000:25000000:4:0:100000:0:3000:0:5000:mgerems.50000000,elementales.1000000:magicpcaido,magicnormal1,magiccaido3,magiccaido1:magofantasmanervoso:m_magofantasma:el_gran_guardián_de_la_torre:a derrotado a:600000:0:0
ss2:1:20:0:20:113cancion.ogg:4
teto:none
areia_movediça:20:0
